Archive member included to satisfy reference by file (symbol)

d:/stm32_learning_document/en.st-stm32cubeide_1.10.1_12716_20220707_0928_x86_64.exe/stm32cubeide_1.10.1/stm32cubeide/plugins/com.st.stm32cube.ide.mcu.externaltools.gnu-tools-for-stm32.10.3-2021.10.win32_1.0.0.202111181127/tools/bin/../lib/gcc/arm-none-eabi/10.3.1/../../../../arm-none-eabi/lib/thumb/v7-m/nofp\libc_nano.a(lib_a-atoi.o)
                              ./Core/Src/Communication/Serial_CFG.o (atoi)
d:/stm32_learning_document/en.st-stm32cubeide_1.10.1_12716_20220707_0928_x86_64.exe/stm32cubeide_1.10.1/stm32cubeide/plugins/com.st.stm32cube.ide.mcu.externaltools.gnu-tools-for-stm32.10.3-2021.10.win32_1.0.0.202111181127/tools/bin/../lib/gcc/arm-none-eabi/10.3.1/../../../../arm-none-eabi/lib/thumb/v7-m/nofp\libc_nano.a(lib_a-errno.o)
                              ./Core/Src/syscalls.o (__errno)
d:/stm32_learning_document/en.st-stm32cubeide_1.10.1_12716_20220707_0928_x86_64.exe/stm32cubeide_1.10.1/stm32cubeide/plugins/com.st.stm32cube.ide.mcu.externaltools.gnu-tools-for-stm32.10.3-2021.10.win32_1.0.0.202111181127/tools/bin/../lib/gcc/arm-none-eabi/10.3.1/../../../../arm-none-eabi/lib/thumb/v7-m/nofp\libc_nano.a(lib_a-exit.o)
                              d:/stm32_learning_document/en.st-stm32cubeide_1.10.1_12716_20220707_0928_x86_64.exe/stm32cubeide_1.10.1/stm32cubeide/plugins/com.st.stm32cube.ide.mcu.externaltools.gnu-tools-for-stm32.10.3-2021.10.win32_1.0.0.202111181127/tools/bin/../lib/gcc/arm-none-eabi/10.3.1/../../../../arm-none-eabi/lib/thumb/v7-m/nofp/crt0.o (exit)
d:/stm32_learning_document/en.st-stm32cubeide_1.10.1_12716_20220707_0928_x86_64.exe/stm32cubeide_1.10.1/stm32cubeide/plugins/com.st.stm32cube.ide.mcu.externaltools.gnu-tools-for-stm32.10.3-2021.10.win32_1.0.0.202111181127/tools/bin/../lib/gcc/arm-none-eabi/10.3.1/../../../../arm-none-eabi/lib/thumb/v7-m/nofp\libc_nano.a(lib_a-impure.o)
                              d:/stm32_learning_document/en.st-stm32cubeide_1.10.1_12716_20220707_0928_x86_64.exe/stm32cubeide_1.10.1/stm32cubeide/plugins/com.st.stm32cube.ide.mcu.externaltools.gnu-tools-for-stm32.10.3-2021.10.win32_1.0.0.202111181127/tools/bin/../lib/gcc/arm-none-eabi/10.3.1/../../../../arm-none-eabi/lib/thumb/v7-m/nofp\libc_nano.a(lib_a-exit.o) (_global_impure_ptr)
d:/stm32_learning_document/en.st-stm32cubeide_1.10.1_12716_20220707_0928_x86_64.exe/stm32cubeide_1.10.1/stm32cubeide/plugins/com.st.stm32cube.ide.mcu.externaltools.gnu-tools-for-stm32.10.3-2021.10.win32_1.0.0.202111181127/tools/bin/../lib/gcc/arm-none-eabi/10.3.1/../../../../arm-none-eabi/lib/thumb/v7-m/nofp\libc_nano.a(lib_a-init.o)
                              d:/stm32_learning_document/en.st-stm32cubeide_1.10.1_12716_20220707_0928_x86_64.exe/stm32cubeide_1.10.1/stm32cubeide/plugins/com.st.stm32cube.ide.mcu.externaltools.gnu-tools-for-stm32.10.3-2021.10.win32_1.0.0.202111181127/tools/bin/../lib/gcc/arm-none-eabi/10.3.1/../../../../arm-none-eabi/lib/thumb/v7-m/nofp/crt0.o (__libc_init_array)
d:/stm32_learning_document/en.st-stm32cubeide_1.10.1_12716_20220707_0928_x86_64.exe/stm32cubeide_1.10.1/stm32cubeide/plugins/com.st.stm32cube.ide.mcu.externaltools.gnu-tools-for-stm32.10.3-2021.10.win32_1.0.0.202111181127/tools/bin/../lib/gcc/arm-none-eabi/10.3.1/../../../../arm-none-eabi/lib/thumb/v7-m/nofp\libc_nano.a(lib_a-lcltime.o)
                              ./Core/Src/Device/ds3231.o (localtime)
d:/stm32_learning_document/en.st-stm32cubeide_1.10.1_12716_20220707_0928_x86_64.exe/stm32cubeide_1.10.1/stm32cubeide/plugins/com.st.stm32cube.ide.mcu.externaltools.gnu-tools-for-stm32.10.3-2021.10.win32_1.0.0.202111181127/tools/bin/../lib/gcc/arm-none-eabi/10.3.1/../../../../arm-none-eabi/lib/thumb/v7-m/nofp\libc_nano.a(lib_a-lcltime_r.o)
                              d:/stm32_learning_document/en.st-stm32cubeide_1.10.1_12716_20220707_0928_x86_64.exe/stm32cubeide_1.10.1/stm32cubeide/plugins/com.st.stm32cube.ide.mcu.externaltools.gnu-tools-for-stm32.10.3-2021.10.win32_1.0.0.202111181127/tools/bin/../lib/gcc/arm-none-eabi/10.3.1/../../../../arm-none-eabi/lib/thumb/v7-m/nofp\libc_nano.a(lib_a-lcltime.o) (localtime_r)
d:/stm32_learning_document/en.st-stm32cubeide_1.10.1_12716_20220707_0928_x86_64.exe/stm32cubeide_1.10.1/stm32cubeide/plugins/com.st.stm32cube.ide.mcu.externaltools.gnu-tools-for-stm32.10.3-2021.10.win32_1.0.0.202111181127/tools/bin/../lib/gcc/arm-none-eabi/10.3.1/../../../../arm-none-eabi/lib/thumb/v7-m/nofp\libc_nano.a(lib_a-malloc.o)
                              ./Core/Src/Communication/Serial_log.o (malloc)
d:/stm32_learning_document/en.st-stm32cubeide_1.10.1_12716_20220707_0928_x86_64.exe/stm32cubeide_1.10.1/stm32cubeide/plugins/com.st.stm32cube.ide.mcu.externaltools.gnu-tools-for-stm32.10.3-2021.10.win32_1.0.0.202111181127/tools/bin/../lib/gcc/arm-none-eabi/10.3.1/../../../../arm-none-eabi/lib/thumb/v7-m/nofp\libc_nano.a(lib_a-memcmp.o)
                              ./Core/Src/String_process.o (memcmp)
[...]
Memory Configuration

Name             Origin             Length             Attributes
RAM              0x0000000020000000 0x0000000000005000 xrw
FLASH            0x0000000008000000 0x0000000000010000 xr
*default*        0x0000000000000000 0xffffffffffffffff

Linker script and memory map

LOAD d:/stm32_learning_document/en.st-stm32cubeide_1.10.1_12716_20220707_0928_x86_64.exe/stm32cubeide_1.10.1/stm32cubeide/plugins/com.st.stm32cube.ide.mcu.externaltools.gnu-tools-for-stm32.10.3-2021.10.win32_1.0.0.202111181127/tools/bin/../lib/gcc/arm-none-eabi/10.3.1/thumb/v7-m/nofp/crti.o
LOAD d:/stm32_learning_document/en.st-stm32cubeide_1.10.1_12716_20220707_0928_x86_64.exe/stm32cubeide_1.10.1/stm32cubeide/plugins/com.st.stm32cube.ide.mcu.externaltools.gnu-tools-for-stm32.10.3-2021.10.win32_1.0.0.202111181127/tools/bin/../lib/gcc/arm-none-eabi/10.3.1/thumb/v7-m/nofp/crtbegin.o
LOAD d:/stm32_learning_document/en.st-stm32cubeide_1.10.1_12716_20220707_0928_x86_64.exe/stm32cubeide_1.10.1/stm32cubeide/plugins/com.st.stm32cube.ide.mcu.externaltools.gnu-tools-for-stm32.10.3-2021.10.win32_1.0.0.202111181127/tools/bin/../lib/gcc/arm-none-eabi/10.3.1/../../../../arm-none-eabi/lib/thumb/v7-m/nofp/crt0.o
LOAD ./Core/Src/Application/App_Display.o
LOAD ./Core/Src/Application/App_MBA_stepmor.o
LOAD ./Core/Src/Application/App_MCU.o
LOAD ./Core/Src/Application/App_MQTT.o
LOAD ./Core/Src/Application/App_SMS.o
LOAD ./Core/Src/Application/App_Serial.o
LOAD ./Core/Src/Communication/Serial_CFG.o
LOAD ./Core/Src/Communication/Serial_log.o
LOAD ./Core/Src/Communication/ServerMessage.o
LOAD ./Core/Src/Communication/stationCMD.o
LOAD ./Core/Src/Device/Contactor.o
LOAD ./Core/Src/Device/SIM.o
LOAD ./Core/Src/Device/Step_motor.o
LOAD ./Core/Src/Device/button.o
LOAD ./Core/Src/Device/ds3231.o
LOAD ./Core/Src/Protocol/Lora.o
LOAD ./Core/Src/Protocol/MQTT.o
LOAD ./Core/Src/String_process.o
LOAD ./Core/Src/Task.o
LOAD ./Core/Src/Validation.o
LOAD ./Core/Src/adc.o
LOAD ./Core/Src/crc32.o
LOAD ./Core/Src/dma.o
LOAD ./Core/Src/flash_storage.o
LOAD ./Core/Src/gpio.o
LOAD ./Core/Src/i2c.o
LOAD ./Core/Src/linkedlist.o
LOAD ./Core/Src/main.o
LOAD ./Core/Src/stm32f1xx_hal_msp.o
LOAD ./Core/Src/stm32f1xx_it.o
LOAD ./Core/Src/syscalls.o
LOAD ./Core/Src/sysmem.o
LOAD ./Core/Src/system_stm32f1xx.o
LOAD ./Core/Src/tim.o
LOAD ./Core/Src/usart.o
LOAD ./Core/Src/user_a4988.o
LOAD ./Core/Src/user_delay.o
LOAD ./Core/Src/user_lcd1604.o
LOAD ./Core/Src/user_screen.o
LOAD ./Core/Startup/startup_stm32f103c8tx.o
LOAD ./Drivers/STM32F1xx_HAL_Driver/Src/stm32f1xx_hal.o
LOAD ./Drivers/STM32F1xx_HAL_Driver/Src/stm32f1xx_hal_adc.o
LOAD ./Drivers/STM32F1xx_HAL_Driver/Src/stm32f1xx_hal_adc_ex.o
LOAD ./Drivers/STM32F1xx_HAL_Driver/Src/stm32f1xx_hal_cortex.o
LOAD ./Drivers/STM32F1xx_HAL_Driver/Src/stm32f1xx_hal_dma.o
LOAD ./Drivers/STM32F1xx_HAL_Driver/Src/stm32f1xx_hal_exti.o
LOAD ./Drivers/STM32F1xx_HAL_Driver/Src/stm32f1xx_hal_flash.o
LOAD ./Drivers/STM32F1xx_HAL_Driver/Src/stm32f1xx_hal_flash_ex.o
LOAD ./Drivers/STM32F1xx_HAL_Driver/Src/stm32f1xx_hal_gpio.o
LOAD ./Drivers/STM32F1xx_HAL_Driver/Src/stm32f1xx_hal_gpio_ex.o
LOAD ./Drivers/STM32F1xx_HAL_Driver/Src/stm32f1xx_hal_i2c.o
LOAD ./Drivers/STM32F1xx_HAL_Driver/Src/stm32f1xx_hal_pwr.o
LOAD ./Drivers/STM32F1xx_HAL_Driver/Src/stm32f1xx_hal_rcc.o
LOAD ./Drivers/STM32F1xx_HAL_Driver/Src/stm32f1xx_hal_rcc_ex.o
LOAD ./Drivers/STM32F1xx_HAL_Driver/Src/stm32f1xx_hal_tim.o
LOAD ./Drivers/STM32F1xx_HAL_Driver/Src/stm32f1xx_hal_tim_ex.o
LOAD ./Drivers/STM32F1xx_HAL_Driver/Src/stm32f1xx_hal_uart.o
START GROUP
LOAD d:/stm32_learning_document/en.st-stm32cubeide_1.10.1_12716_20220707_0928_x86_64.exe/stm32cubeide_1.10.1/stm32cubeide/plugins/com.st.stm32cube.ide.mcu.externaltools.gnu-tools-for-stm32.10.3-2021.10.win32_1.0.0.202111181127/tools/bin/../lib/gcc/arm-none-eabi/10.3.1/../../../../arm-none-eabi/lib/thumb/v7-m/nofp\libc_nano.a
LOAD d:/stm32_learning_document/en.st-stm32cubeide_1.10.1_12716_20220707_0928_x86_64.exe/stm32cubeide_1.10.1/stm32cubeide/plugins/com.st.stm32cube.ide.mcu.externaltools.gnu-tools-for-stm32.10.3-2021.10.win32_1.0.0.202111181127/tools/bin/../lib/gcc/arm-none-eabi/10.3.1/../../../../arm-none-eabi/lib/thumb/v7-m/nofp\libm.a
END GROUP
START GROUP
LOAD d:/stm32_learning_document/en.st-stm32cubeide_1.10.1_12716_20220707_0928_x86_64.exe/stm32cubeide_1.10.1/stm32cubeide/plugins/com.st.stm32cube.ide.mcu.externaltools.gnu-tools-for-stm32.10.3-2021.10.win32_1.0.0.202111181127/tools/bin/../lib/gcc/arm-none-eabi/10.3.1/thumb/v7-m/nofp\libgcc.a
LOAD d:/stm32_learning_document/en.st-stm32cubeide_1.10.1_12716_20220707_0928_x86_64.exe/stm32cubeide_1.10.1/stm32cubeide/plugins/com.st.stm32cube.ide.mcu.externaltools.gnu-tools-for-stm32.10.3-2021.10.win32_1.0.0.202111181127/tools/bin/../lib/gcc/arm-none-eabi/10.3.1/../../../../arm-none-eabi/lib/thumb/v7-m/nofp\libc_nano.a
END GROUP
START GROUP
LOAD d:/stm32_learning_document/en.st-stm32cubeide_1.10.1_12716_20220707_0928_x86_64.exe/stm32cubeide_1.10.1/stm32cubeide/plugins/com.st.stm32cube.ide.mcu.externaltools.gnu-tools-for-stm32.10.3-2021.10.win32_1.0.0.202111181127/tools/bin/../lib/gcc/arm-none-eabi/10.3.1/thumb/v7-m/nofp\libgcc.a
LOAD d:/stm32_learning_document/en.st-stm32cubeide_1.10.1_12716_20220707_0928_x86_64.exe/stm32cubeide_1.10.1/stm32cubeide/plugins/com.st.stm32cube.ide.mcu.externaltools.gnu-tools-for-stm32.10.3-2021.10.win32_1.0.0.202111181127/tools/bin/../lib/gcc/arm-none-eabi/10.3.1/../../../../arm-none-eabi/lib/thumb/v7-m/nofp\libc_nano.a
LOAD d:/stm32_learning_document/en.st-stm32cubeide_1.10.1_12716_20220707_0928_x86_64.exe/stm32cubeide_1.10.1/stm32cubeide/plugins/com.st.stm32cube.ide.mcu.externaltools.gnu-tools-for-stm32.10.3-2021.10.win32_1.0.0.202111181127/tools/bin/../lib/gcc/arm-none-eabi/10.3.1/../../../../arm-none-eabi/lib/thumb/v7-m/nofp\libnosys.a
END GROUP
START GROUP
LOAD d:/stm32_learning_document/en.st-stm32cubeide_1.10.1_12716_20220707_0928_x86_64.exe/stm32cubeide_1.10.1/stm32cubeide/plugins/com.st.stm32cube.ide.mcu.externaltools.gnu-tools-for-stm32.10.3-2021.10.win32_1.0.0.202111181127/tools/bin/../lib/gcc/arm-none-eabi/10.3.1/thumb/v7-m/nofp\libgcc.a
LOAD d:/stm32_learning_document/en.st-stm32cubeide_1.10.1_12716_20220707_0928_x86_64.exe/stm32cubeide_1.10.1/stm32cubeide/plugins/com.st.stm32cube.ide.mcu.externaltools.gnu-tools-for-stm32.10.3-2021.10.win32_1.0.0.202111181127/tools/bin/../lib/gcc/arm-none-eabi/10.3.1/../../../../arm-none-eabi/lib/thumb/v7-m/nofp\libc_nano.a
LOAD d:/stm32_learning_document/en.st-stm32cubeide_1.10.1_12716_20220707_0928_x86_64.exe/stm32cubeide_1.10.1/stm32cubeide/plugins/com.st.stm32cube.ide.mcu.externaltools.gnu-tools-for-stm32.10.3-2021.10.win32_1.0.0.202111181127/tools/bin/../lib/gcc/arm-none-eabi/10.3.1/../../../../arm-none-eabi/lib/thumb/v7-m/nofp\libnosys.a
END GROUP
LOAD d:/stm32_learning_document/en.st-stm32cubeide_1.10.1_12716_20220707_0928_x86_64.exe/stm32cubeide_1.10.1/stm32cubeide/plugins/com.st.stm32cube.ide.mcu.externaltools.gnu-tools-for-stm32.10.3-2021.10.win32_1.0.0.202111181127/tools/bin/../lib/gcc/arm-none-eabi/10.3.1/thumb/v7-m/nofp/crtend.o
LOAD d:/stm32_learning_document/en.st-stm32cubeide_1.10.1_12716_20220707_0928_x86_64.exe/stm32cubeide_1.10.1/stm32cubeide/plugins/com.st.stm32cube.ide.mcu.externaltools.gnu-tools-for-stm32.10.3-2021.10.win32_1.0.0.202111181127/tools/bin/../lib/gcc/arm-none-eabi/10.3.1/thumb/v7-m/nofp/crtn.o
                0x0000000020005000                _estack = (ORIGIN (RAM) + LENGTH (RAM))
                0x0000000000000200                _Min_Heap_Size = 0x200
                0x0000000000000400                _Min_Stack_Size = 0x400

.isr_vector     0x0000000008000000      0x10c
                0x0000000008000000                . = ALIGN (0x4)
 *(.isr_vector)
 .isr_vector    0x0000000008000000      0x10c ./Core/Startup/startup_stm32f103c8tx.o
                0x0000000008000000                g_pfnVectors
                0x000000000800010c                . = ALIGN (0x4)

.text           0x000000000800010c     0xea64
                0x000000000800010c                . = ALIGN (0x4)
 *(.text)
 .text          0x000000000800010c       0x40 d:/stm32_learning_document/en.st-stm32cubeide_1.10.1_12716_20220707_0928_x86_64.exe/stm32cubeide_1.10.1/stm32cubeide/plugins/com.st.stm32cube.ide.mcu.externaltools.gnu-tools-for-stm32.10.3-2021.10.win32_1.0.0.202111181127/tools/bin/../lib/gcc/arm-none-eabi/10.3.1/thumb/v7-m/nofp/crtbegin.o
 .text          0x000000000800014c       0x10 d:/stm32_learning_document/en.st-stm32cubeide_1.10.1_12716_20220707_0928_x86_64.exe/stm32cubeide_1.10.1/stm32cubeide/plugins/com.st.stm32cube.ide.mcu.externaltools.gnu-tools-for-stm32.10.3-2021.10.win32_1.0.0.202111181127/tools/bin/../lib/gcc/arm-none-eabi/10.3.1/../../../../arm-none-eabi/lib/thumb/v7-m/nofp\libc_nano.a(lib_a-strlen.o)
                0x000000000800014c                strlen
 .text          0x000000000800015c       0x14 d:/stm32_learning_document/en.st-stm32cubeide_1.10.1_12716_20220707_0928_x86_64.exe/stm32cubeide_1.10.1/stm32cubeide/plugins/com.st.stm32cube.ide.mcu.externaltools.gnu-tools-for-stm32.10.3-2021.10.win32_1.0.0.202111181127/tools/bin/../lib/gcc/arm-none-eabi/10.3.1/../../../../arm-none-eabi/lib/thumb/v7-m/nofp\libc_nano.a(lib_a-strcmp.o)
                0x000000000800015c                strcmp
 .text          0x0000000008000170       0x40 d:/stm32_learning_document/en.st-stm32cubeide_1.10.1_12716_20220707_0928_x86_64.exe/stm32cubeide_1.10.1/stm32cubeide/plugins/com.st.stm32cube.ide.mcu.externaltools.gnu-tools-for-stm32.10.3-2021.10.win32_1.0.0.202111181127/tools/bin/../lib/gcc/arm-none-eabi/10.3.1/thumb/v7-m/nofp\libgcc.a(_arm_fixunssfsi.o)
                0x0000000008000170                __fixunssfsi
                0x0000000008000170                __aeabi_f2uiz
 .text          0x00000000080001b0       0xa0 d:/stm32_learning_document/en.st-stm32cubeide_1.10.1_12716_20220707_0928_x86_64.exe/stm32cubeide_1.10.1/stm32cubeide/plugins/com.st.stm32cube.ide.mcu.externaltools.gnu-tools-for-stm32.10.3-2021.10.win32_1.0.0.202111181127/tools/bin/../lib/gcc/arm-none-eabi/10.3.1/thumb/v7-m/nofp\libgcc.a(_aeabi_ldivmod.o)
                0x00000000080001b0                __aeabi_ldivmod
 .text          0x0000000008000250      0x2d4 d:/stm32_learning_document/en.st-stm32cubeide_1.10.1_12716_20220707_0928_x86_64.exe/stm32cubeide_1.10.1/stm32cubeide/plugins/com.st.stm32cube.ide.mcu.externaltools.gnu-tools-for-stm32.10.3-2021.10.win32_1.0.0.202111181127/tools/bin/../lib/gcc/arm-none-eabi/10.3.1/thumb/v7-m/nofp\libgcc.a(_udivmoddi4.o)
                0x0000000008000250                __udivmoddi4
 .text          0x0000000008000524        0x4 d:/stm32_learning_document/en.st-stm32cubeide_1.10.1_12716_20220707_0928_x86_64.exe/stm32cubeide_1.10.1/stm32cubeide/plugins/com.st.stm32cube.ide.mcu.externaltools.gnu-tools-for-stm32.10.3-2021.10.win32_1.0.0.202111181127/tools/bin/../lib/gcc/arm-none-eabi/10.3.1/thumb/v7-m/nofp\libgcc.a(_dvmd_tls.o)
                0x0000000008000524                __aeabi_idiv0
                0x0000000008000524                __aeabi_ldiv0
 *(.text*)
 .text.initApp_Display
                0x0000000008000528       0x34 ./Core/Src/Application/App_Display.o
                0x0000000008000528                initApp_Display
 .text.display_SensorX
                0x000000000800055c       0x74 ./Core/Src/Application/App_Display.o
                0x000000000800055c                display_SensorX
 .text.setSwitchtime
                0x00000000080005d0       0x14 ./Core/Src/Application/App_Display.o
                0x00000000080005d0                setSwitchtime
 .text.getSwitchtime
                0x00000000080005e4       0x28 ./Core/Src/Application/App_Display.o
                0x00000000080005e4                getSwitchtime
 .text.processingApp_display
                0x000000000800060c      0x190 ./Core/Src/Application/App_Display.o
                0x000000000800060c                processingApp_display
 .text.initApp_MBA_stepmor
                0x000000000800079c        0xc ./Core/Src/Application/App_MBA_stepmor.o
                0x000000000800079c                initApp_MBA_stepmor
 .text.processingApp_MBA_stepmor
                0x00000000080007a8       0x8c ./Core/Src/Application/App_MBA_stepmor.o
                0x00000000080007a8                processingApp_MBA_stepmor
 .text.processApp_MCU
                0x0000000008000834       0xf4 ./Core/Src/Application/App_MCU.o
                0x0000000008000834                processApp_MCU
 .text.initApp_MQTT
                0x0000000008000928       0x30 ./Core/Src/Application/App_MQTT.o
                0x0000000008000928                initApp_MQTT
 .text.dataCalibavailble
                0x0000000008000958       0x48 ./Core/Src/Application/App_MQTT.o
                0x0000000008000958                dataCalibavailble
 .text.checkSensorState
                0x00000000080009a0       0x4c ./Core/Src/Application/App_MQTT.o
                0x00000000080009a0                checkSensorState
 .text.checkSensorMode
                0x00000000080009ec       0x4c ./Core/Src/Application/App_MQTT.o
                0x00000000080009ec                checkSensorMode
 .text.sendNWready
                0x0000000008000a38       0x34 ./Core/Src/Application/App_MQTT.o
                0x0000000008000a38                sendNWready
 .text.processApp_MQTT
                0x0000000008000a6c      0x338 ./Core/Src/Application/App_MQTT.o
                0x0000000008000a6c                processApp_MQTT
 .text.initApp_SMS
                0x0000000008000da4       0x1c ./Core/Src/Application/App_SMS.o
                0x0000000008000da4                initApp_SMS
 .text.SMSreturn
                0x0000000008000dc0       0xc4 ./Core/Src/Application/App_SMS.o
                0x0000000008000dc0                SMSreturn
 .text.processApp_SMS
                0x0000000008000e84      0x11e ./Core/Src/Application/App_SMS.o
                0x0000000008000e84                processApp_SMS
 .text.initSerial_CFG
                0x0000000008000fa2        0xc ./Core/Src/Communication/Serial_CFG.o
                0x0000000008000fa2                initSerial_CFG
 *fill*         0x0000000008000fae        0x2 
 .text.initGPS  0x0000000008000fb0       0x1c ./Core/Src/Communication/Serial_CFG.o
                0x0000000008000fb0                initGPS
 .text.enableReceiveDMAtoIdle_CFG
                0x0000000008000fcc       0x30 ./Core/Src/Communication/Serial_CFG.o
                0x0000000008000fcc                enableReceiveDMAtoIdle_CFG
 .text.Serial_CFG_Callback
                0x0000000008000ffc      0x140 ./Core/Src/Communication/Serial_CFG.o
                0x0000000008000ffc                Serial_CFG_Callback
 .text.getGPS_time
                0x000000000800113c      0x10c ./Core/Src/Communication/Serial_CFG.o
                0x000000000800113c                getGPS_time
 .text.Serial_log_string
                0x0000000008001248       0x30 ./Core/Src/Communication/Serial_log.o
                0x0000000008001248                Serial_log_string
 .text.initServerMsg
                0x0000000008001278        0xc ./Core/Src/Communication/ServerMessage.o
                0x0000000008001278                initServerMsg
 .text.buffer2num
                0x0000000008001284       0x34 ./Core/Src/Communication/ServerMessage.o
                0x0000000008001284                buffer2num
 .text.addCRCtoPack
                0x00000000080012b8       0x38 ./Core/Src/Communication/ServerMessage.o
                0x00000000080012b8                addCRCtoPack
 .text.addTimetobuff
                0x00000000080012f0       0x50 ./Core/Src/Communication/ServerMessage.o
                0x00000000080012f0                addTimetobuff
 .text.createPack
                0x0000000008001340       0x7c ./Core/Src/Communication/ServerMessage.o
                0x0000000008001340                createPack
 .text.Serialize_SSnodedata
                0x00000000080013bc      0x178 ./Core/Src/Communication/ServerMessage.o
                0x00000000080013bc                Serialize_SSnodedata
 .text.Serialize_Stationdata
                0x0000000008001534      0x1b0 ./Core/Src/Communication/ServerMessage.o
                0x0000000008001534                Serialize_Stationdata
 .text.Serialize_Data
                0x00000000080016e4       0x5e ./Core/Src/Communication/ServerMessage.o
                0x00000000080016e4                Serialize_Data
 .text.addDatatoPack
                0x0000000008001742       0x30 ./Core/Src/Communication/ServerMessage.o
                0x0000000008001742                addDatatoPack
 *fill*         0x0000000008001772        0x2 
 .text.Serialize_addtionaldata
                0x0000000008001774      0x148 ./Core/Src/Communication/ServerMessage.o
                0x0000000008001774                Serialize_addtionaldata
 .text.Register2Server
                0x00000000080018bc       0xac ./Core/Src/Communication/ServerMessage.o
                0x00000000080018bc                Register2Server
 .text.sendCMDtoServer
                0x0000000008001968      0x120 ./Core/Src/Communication/ServerMessage.o
                0x0000000008001968                sendCMDtoServer
 .text.sendData2Server
                0x0000000008001a88       0xd4 ./Core/Src/Communication/ServerMessage.o
                0x0000000008001a88                sendData2Server
 .text.checkCRC
                0x0000000008001b5c       0x3c ./Core/Src/Communication/ServerMessage.o
                0x0000000008001b5c                checkCRC
 .text.checkNodeID
                0x0000000008001b98       0x2e ./Core/Src/Communication/ServerMessage.o
                0x0000000008001b98                checkNodeID
 .text.checkPacktype
                0x0000000008001bc6       0x18 ./Core/Src/Communication/ServerMessage.o
                0x0000000008001bc6                checkPacktype
 .text.checkDatatype
                0x0000000008001bde       0x18 ./Core/Src/Communication/ServerMessage.o
                0x0000000008001bde                checkDatatype
 .text.checkDataREStype
                0x0000000008001bf6       0x18 ./Core/Src/Communication/ServerMessage.o
                0x0000000008001bf6                checkDataREStype
 .text.checkCMDtype
                0x0000000008001c0e       0x18 ./Core/Src/Communication/ServerMessage.o
                0x0000000008001c0e                checkCMDtype
 *fill*         0x0000000008001c26        0x2 
 .text.getDataStatus
                0x0000000008001c28       0xb4 ./Core/Src/Communication/ServerMessage.o
                0x0000000008001c28                getDataStatus
 .text.getDatalatest
                0x0000000008001cdc      0x1fc ./Core/Src/Communication/ServerMessage.o
                0x0000000008001cdc                getDatalatest
 .text.getMBAstate
                0x0000000008001ed8       0x40 ./Core/Src/Communication/ServerMessage.o
 .text.getCtrlStepinfor
                0x0000000008001f18       0x8a ./Core/Src/Communication/ServerMessage.o
 *fill*         0x0000000008001fa2        0x2 
 .text.processingComingMsg
                0x0000000008001fa4      0x2e8 ./Core/Src/Communication/ServerMessage.o
                0x0000000008001fa4                processingComingMsg
 .text.CMD_SMS_calib
                0x000000000800228c       0x44 ./Core/Src/Communication/stationCMD.o
                0x000000000800228c                CMD_SMS_calib
 .text.CMD_SMS_getStatus
                0x00000000080022d0       0x44 ./Core/Src/Communication/stationCMD.o
                0x00000000080022d0                CMD_SMS_getStatus
 .text.CMD_SMS_Ctrl_MBA
                0x0000000008002314       0x48 ./Core/Src/Communication/stationCMD.o
                0x0000000008002314                CMD_SMS_Ctrl_MBA
 .text.CMD_SMS_Ctrl_StepM
                0x000000000800235c       0x50 ./Core/Src/Communication/stationCMD.o
                0x000000000800235c                CMD_SMS_Ctrl_StepM
 .text.CMD_SMS_getStationLatestData
                0x00000000080023ac       0x44 ./Core/Src/Communication/stationCMD.o
                0x00000000080023ac                CMD_SMS_getStationLatestData
 .text.CMD_SMS_getSensorLatestData
                0x00000000080023f0       0x38 ./Core/Src/Communication/stationCMD.o
                0x00000000080023f0                CMD_SMS_getSensorLatestData
 .text.switchContactor
                0x0000000008002428       0x44 ./Core/Src/Device/Contactor.o
                0x0000000008002428                switchContactor
 .text.initSIM  0x000000000800246c        0xc ./Core/Src/Device/SIM.o
                0x000000000800246c                initSIM
 .text.enableReceiveDMAtoIdle_SIM
                0x0000000008002478       0x30 ./Core/Src/Device/SIM.o
                0x0000000008002478                enableReceiveDMAtoIdle_SIM
 .text.SIM_callback
                0x00000000080024a8      0x1bc ./Core/Src/Device/SIM.o
                0x00000000080024a8                SIM_callback
 .text.SIM_checkMsg
                0x0000000008002664      0x178 ./Core/Src/Device/SIM.o
                0x0000000008002664                SIM_checkMsg
 .text.SIM_sendCMD
                0x00000000080027dc       0x7c ./Core/Src/Device/SIM.o
                0x00000000080027dc                SIM_sendCMD
 .text.SIM_checkCMD
                0x0000000008002858       0xe4 ./Core/Src/Device/SIM.o
                0x0000000008002858                SIM_checkCMD
 .text.MarkAsReadData_SIM
                0x000000000800293c       0x1c ./Core/Src/Device/SIM.o
                0x000000000800293c                MarkAsReadData_SIM
 .text.getAfterword
                0x0000000008002958       0x60 ./Core/Src/Device/SIM.o
                0x0000000008002958                getAfterword
 .text.stringIDtoHexID
                0x00000000080029b8       0x66 ./Core/Src/Device/SIM.o
                0x00000000080029b8                stringIDtoHexID
 *fill*         0x0000000008002a1e        0x2 
 .text.SMS_getPhonenumb
                0x0000000008002a20       0xc4 ./Core/Src/Device/SIM.o
                0x0000000008002a20                SMS_getPhonenumb
 .text.SMS_getContent
                0x0000000008002ae4       0xc4 ./Core/Src/Device/SIM.o
                0x0000000008002ae4                SMS_getContent
 .text.SMSaddData
                0x0000000008002ba8      0x2dc ./Core/Src/Device/SIM.o
                0x0000000008002ba8                SMSaddData
 .text.SMS_checkCMD
                0x0000000008002e84      0x260 ./Core/Src/Device/SIM.o
 .text.SMS_read
                0x00000000080030e4       0x54 ./Core/Src/Device/SIM.o
                0x00000000080030e4                SMS_read
 .text.processingSMS
                0x0000000008003138      0x150 ./Core/Src/Device/SIM.o
                0x0000000008003138                processingSMS
 .text.checkSMSrequest
                0x0000000008003288      0x110 ./Core/Src/Device/SIM.o
                0x0000000008003288                checkSMSrequest
 .text.triggerSMSrequest
                0x0000000008003398      0x10c ./Core/Src/Device/SIM.o
                0x0000000008003398                triggerSMSrequest
 .text.checkSMSreturn
                0x00000000080034a4      0x110 ./Core/Src/Device/SIM.o
                0x00000000080034a4                checkSMSreturn
 .text.triggerSMSreturn
                0x00000000080035b4      0x10c ./Core/Src/Device/SIM.o
                0x00000000080035b4                triggerSMSreturn
 .text.SMS_config
                0x00000000080036c0       0x54 ./Core/Src/Device/SIM.o
                0x00000000080036c0                SMS_config
 .text.SMS_sendMsg
                0x0000000008003714       0x9c ./Core/Src/Device/SIM.o
                0x0000000008003714                SMS_sendMsg
 .text.setLimit
                0x00000000080037b0       0x20 ./Core/Src/Device/Step_motor.o
                0x00000000080037b0                setLimit
 .text.getLimit
                0x00000000080037d0       0x14 ./Core/Src/Device/Step_motor.o
                0x00000000080037d0                getLimit
 .text.Step_getDir
                0x00000000080037e4       0x14 ./Core/Src/Device/Step_motor.o
                0x00000000080037e4                Step_getDir
 .text.Step_setDir
                0x00000000080037f8       0x20 ./Core/Src/Device/Step_motor.o
                0x00000000080037f8                Step_setDir
 .text.Step_toggleDir
                0x0000000008003818       0x28 ./Core/Src/Device/Step_motor.o
                0x0000000008003818                Step_toggleDir
 .text.increaseStepchange
                0x0000000008003840       0x34 ./Core/Src/Device/Step_motor.o
                0x0000000008003840                increaseStepchange
 .text.decreaseStepchange
                0x0000000008003874       0x34 ./Core/Src/Device/Step_motor.o
                0x0000000008003874                decreaseStepchange
 .text.getStepchange
                0x00000000080038a8       0x18 ./Core/Src/Device/Step_motor.o
                0x00000000080038a8                getStepchange
 .text.Step_setStepChange
                0x00000000080038c0       0x20 ./Core/Src/Device/Step_motor.o
                0x00000000080038c0                Step_setStepChange
 .text.Step_getPercentChange
                0x00000000080038e0       0x14 ./Core/Src/Device/Step_motor.o
                0x00000000080038e0                Step_getPercentChange
 .text.Step_setPercentChange
                0x00000000080038f4       0x20 ./Core/Src/Device/Step_motor.o
                0x00000000080038f4                Step_setPercentChange
 .text.Step_setChangeMode
                0x0000000008003914       0x20 ./Core/Src/Device/Step_motor.o
                0x0000000008003914                Step_setChangeMode
 .text.Step_getChangemode
                0x0000000008003934       0x14 ./Core/Src/Device/Step_motor.o
                0x0000000008003934                Step_getChangemode
 .text.Step_step
                0x0000000008003948       0x68 ./Core/Src/Device/Step_motor.o
                0x0000000008003948                Step_step
 .text.Step_percent
                0x00000000080039b0       0x6c ./Core/Src/Device/Step_motor.o
                0x00000000080039b0                Step_percent
 .text.initButton
                0x0000000008003a1c       0x1c ./Core/Src/Device/button.o
                0x0000000008003a1c                initButton
 .text.setStepValorDir
                0x0000000008003a38       0x20 ./Core/Src/Device/button.o
                0x0000000008003a38                setStepValorDir
 .text.getStepValorDir
                0x0000000008003a58       0x14 ./Core/Src/Device/button.o
                0x0000000008003a58                getStepValorDir
 .text.getCurswitch
                0x0000000008003a6c       0x14 ./Core/Src/Device/button.o
                0x0000000008003a6c                getCurswitch
 .text.getClearflag
                0x0000000008003a80       0x18 ./Core/Src/Device/button.o
                0x0000000008003a80                getClearflag
 .text.setClearflag
                0x0000000008003a98       0x20 ./Core/Src/Device/button.o
                0x0000000008003a98                setClearflag
 .text.switchcurControl
                0x0000000008003ab8       0x30 ./Core/Src/Device/button.o
                0x0000000008003ab8                switchcurControl
 .text.getcurControl
                0x0000000008003ae8       0x14 ./Core/Src/Device/button.o
                0x0000000008003ae8                getcurControl
 .text.nextMonitor
                0x0000000008003afc       0x38 ./Core/Src/Device/button.o
                0x0000000008003afc                nextMonitor
 .text.previousMonitor
                0x0000000008003b34       0x36 ./Core/Src/Device/button.o
                0x0000000008003b34                previousMonitor
 *fill*         0x0000000008003b6a        0x2 
 .text.get_curMonitor
                0x0000000008003b6c       0x18 ./Core/Src/Device/button.o
                0x0000000008003b6c                get_curMonitor
 .text.setcurMonitor
                0x0000000008003b84       0x20 ./Core/Src/Device/button.o
                0x0000000008003b84                setcurMonitor
 .text.buttonMENU_handler
                0x0000000008003ba4       0xec ./Core/Src/Device/button.o
                0x0000000008003ba4                buttonMENU_handler
 .text.buttonOK_handler
                0x0000000008003c90      0x134 ./Core/Src/Device/button.o
                0x0000000008003c90                buttonOK_handler
 .text.buttonDOWN_handler
                0x0000000008003dc4       0xf0 ./Core/Src/Device/button.o
                0x0000000008003dc4                buttonDOWN_handler
 .text.buttonUP_handler
                0x0000000008003eb4       0xe8 ./Core/Src/Device/button.o
                0x0000000008003eb4                buttonUP_handler
 .text.SW_LIMIT_MAX_handler
                0x0000000008003f9c       0x20 ./Core/Src/Device/button.o
                0x0000000008003f9c                SW_LIMIT_MAX_handler
 .text.SW_LIMIT_MIN_handler
                0x0000000008003fbc       0x20 ./Core/Src/Device/button.o
                0x0000000008003fbc                SW_LIMIT_MIN_handler
 .text.DS3231_Init
                0x0000000008003fdc       0x20 ./Core/Src/Device/ds3231.o
                0x0000000008003fdc                DS3231_Init
 .text.epochtine2RTC
                0x0000000008003ffc       0x76 ./Core/Src/Device/ds3231.o
                0x0000000008003ffc                epochtine2RTC
 .text.RTC2epochtime
                0x0000000008004072       0x54 ./Core/Src/Device/ds3231.o
                0x0000000008004072                RTC2epochtime
 *fill*         0x00000000080040c6        0x2 
 .text.DS3231_GetTime
                0x00000000080040c8       0xf8 ./Core/Src/Device/ds3231.o
                0x00000000080040c8                DS3231_GetTime
 .text.DS3231_SetTime
                0x00000000080041c0       0x98 ./Core/Src/Device/ds3231.o
                0x00000000080041c0                DS3231_SetTime
 .text.DS3231_SetAlarm1
                0x0000000008004258      0x140 ./Core/Src/Device/ds3231.o
                0x0000000008004258                DS3231_SetAlarm1
 .text.DS3231_ClearAlarm1
                0x0000000008004398       0x4c ./Core/Src/Device/ds3231.o
                0x0000000008004398                DS3231_ClearAlarm1
 .text.ReadRegister
                0x00000000080043e4       0x58 ./Core/Src/Device/ds3231.o
                0x00000000080043e4                ReadRegister
 .text.WriteRegister
                0x000000000800443c       0x48 ./Core/Src/Device/ds3231.o
                0x000000000800443c                WriteRegister
 .text.B2D      0x0000000008004484       0x30 ./Core/Src/Device/ds3231.o
 .text.D2B      0x00000000080044b4       0x48 ./Core/Src/Device/ds3231.o
 .text.getCountdowntime
                0x00000000080044fc       0xb8 ./Core/Src/Device/ds3231.o
                0x00000000080044fc                getCountdowntime
 .text.initLora
                0x00000000080045b4        0xc ./Core/Src/Protocol/Lora.o
                0x00000000080045b4                initLora
 .text.enableReceiveDMAtoIdle_Lora
                0x00000000080045c0       0x30 ./Core/Src/Protocol/Lora.o
                0x00000000080045c0                enableReceiveDMAtoIdle_Lora
 .text.Lora_callback
                0x00000000080045f0       0x58 ./Core/Src/Protocol/Lora.o
                0x00000000080045f0                Lora_callback
 .text.isIDExist
                0x0000000008004648       0x48 ./Core/Src/Protocol/Lora.o
                0x0000000008004648                isIDExist
 .text.Lora_receive
                0x0000000008004690      0x320 ./Core/Src/Protocol/Lora.o
                0x0000000008004690                Lora_receive
 .text.Lora_Setmode
                0x00000000080049b0       0x88 ./Core/Src/Protocol/Lora.o
                0x00000000080049b0                Lora_Setmode
 .text.init_MQTT
                0x0000000008004a38        0xc ./Core/Src/Protocol/MQTT.o
                0x0000000008004a38                init_MQTT
 .text.MQTT_getConnectflag
                0x0000000008004a44       0x18 ./Core/Src/Protocol/MQTT.o
                0x0000000008004a44                MQTT_getConnectflag
 .text.getContent
                0x0000000008004a5c      0x110 ./Core/Src/Protocol/MQTT.o
 .text.MQTT_receiveGetTopicandPayloadLength
                0x0000000008004b6c       0xa8 ./Core/Src/Protocol/MQTT.o
                0x0000000008004b6c                MQTT_receiveGetTopicandPayloadLength
 .text.MQTT_receiveGetTopic
                0x0000000008004c14       0x34 ./Core/Src/Protocol/MQTT.o
                0x0000000008004c14                MQTT_receiveGetTopic
 .text.MQTT_receiveGetPayload
                0x0000000008004c48       0x34 ./Core/Src/Protocol/MQTT.o
                0x0000000008004c48                MQTT_receiveGetPayload
 .text.MQTT_receive
                0x0000000008004c7c       0x7c ./Core/Src/Protocol/MQTT.o
                0x0000000008004c7c                MQTT_receive
 .text.MQTT_connected
                0x0000000008004cf8       0x3c ./Core/Src/Protocol/MQTT.o
                0x0000000008004cf8                MQTT_connected
 .text.startMQTT
                0x0000000008004d34       0x44 ./Core/Src/Protocol/MQTT.o
                0x0000000008004d34                startMQTT
 .text.acquireMQTTclient
                0x0000000008004d78       0x44 ./Core/Src/Protocol/MQTT.o
                0x0000000008004d78                acquireMQTTclient
 .text.releaseMQTTclient
                0x0000000008004dbc       0x34 ./Core/Src/Protocol/MQTT.o
                0x0000000008004dbc                releaseMQTTclient
 .text.configureMQTT
                0x0000000008004df0      0x114 ./Core/Src/Protocol/MQTT.o
                0x0000000008004df0                configureMQTT
 .text.sendConnectMessage
                0x0000000008004f04       0x54 ./Core/Src/Protocol/MQTT.o
                0x0000000008004f04                sendConnectMessage
 .text.MQTT_checkNWavailable
                0x0000000008004f58       0xac ./Core/Src/Protocol/MQTT.o
                0x0000000008004f58                MQTT_checkNWavailable
 .text.MQTT_connect
                0x0000000008005004       0xc4 ./Core/Src/Protocol/MQTT.o
                0x0000000008005004                MQTT_connect
 .text.MQTT_disconnect
                0x00000000080050c8       0x70 ./Core/Src/Protocol/MQTT.o
                0x00000000080050c8                MQTT_disconnect
 .text.MQTT_publish
                0x0000000008005138      0x108 ./Core/Src/Protocol/MQTT.o
                0x0000000008005138                MQTT_publish
 .text.MQTT_subcribe
                0x0000000008005240       0x94 ./Core/Src/Protocol/MQTT.o
                0x0000000008005240                MQTT_subcribe
 .text.checkSubcribe
                0x00000000080052d4       0x34 ./Core/Src/Protocol/MQTT.o
                0x00000000080052d4                checkSubcribe
 .text.isWordinBuff
                0x0000000008005308       0x58 ./Core/Src/String_process.o
                0x0000000008005308                isWordinBuff
 .text.getBetween
                0x0000000008005360       0xa6 ./Core/Src/String_process.o
                0x0000000008005360                getBetween
 .text.getRemainsize
                0x0000000008005406       0x26 ./Core/Src/String_process.o
                0x0000000008005406                getRemainsize
 .text.twobyte2buff
                0x000000000800542c       0x2c ./Core/Src/String_process.o
                0x000000000800542c                twobyte2buff
 .text.buff2twobyte
                0x0000000008005458       0x2e ./Core/Src/String_process.o
                0x0000000008005458                buff2twobyte
 .text.FourbytenumbertoBuff
                0x0000000008005486       0x44 ./Core/Src/String_process.o
                0x0000000008005486                FourbytenumbertoBuff
 .text.buff2Fourbyte
                0x00000000080054ca       0x3c ./Core/Src/String_process.o
                0x00000000080054ca                buff2Fourbyte
 .text.initTask
                0x0000000008005506        0xc ./Core/Src/Task.o
                0x0000000008005506                initTask
 *fill*         0x0000000008005512        0x2 
 .text.checkTaskflag
                0x0000000008005514      0x204 ./Core/Src/Task.o
                0x0000000008005514                checkTaskflag
 .text.triggerTaskflag
                0x0000000008005718      0x1e0 ./Core/Src/Task.o
                0x0000000008005718                triggerTaskflag
 .text.validationID
                0x00000000080058f8       0x4a ./Core/Src/Validation.o
                0x00000000080058f8                validationID
 .text.stationID_validation
                0x0000000008005942       0x26 ./Core/Src/Validation.o
                0x0000000008005942                stationID_validation
 .text.sensorID_validation
                0x0000000008005968       0x26 ./Core/Src/Validation.o
                0x0000000008005968                sensorID_validation
 *fill*         0x000000000800598e        0x2 
 .text.MX_ADC1_Init
                0x0000000008005990       0x7c ./Core/Src/adc.o
                0x0000000008005990                MX_ADC1_Init
 .text.HAL_ADC_MspInit
                0x0000000008005a0c       0x88 ./Core/Src/adc.o
                0x0000000008005a0c                HAL_ADC_MspInit
 .text.crc32    0x0000000008005a94       0x58 ./Core/Src/crc32.o
                0x0000000008005a94                crc32
 .text.MX_DMA_Init
                0x0000000008005aec       0x5c ./Core/Src/dma.o
                0x0000000008005aec                MX_DMA_Init
 .text.Bytes2float
                0x0000000008005b48       0x3c ./Core/Src/flash_storage.o
                0x0000000008005b48                Bytes2float
 .text.Flash_Read_Data
                0x0000000008005b84       0x3a ./Core/Src/flash_storage.o
                0x0000000008005b84                Flash_Read_Data
 .text.Flash_Read_NUM
                0x0000000008005bbe       0x2c ./Core/Src/flash_storage.o
                0x0000000008005bbe                Flash_Read_NUM
 *fill*         0x0000000008005bea        0x2 
 .text.MX_GPIO_Init
                0x0000000008005bec      0x1a8 ./Core/Src/gpio.o
                0x0000000008005bec                MX_GPIO_Init
 .text.MX_I2C1_Init
                0x0000000008005d94       0x5c ./Core/Src/i2c.o
                0x0000000008005d94                MX_I2C1_Init
 .text.HAL_I2C_MspInit
                0x0000000008005df0       0xa0 ./Core/Src/i2c.o
                0x0000000008005df0                HAL_I2C_MspInit
 .text.create_node
                0x0000000008005e90       0x40 ./Core/Src/linkedlist.o
                0x0000000008005e90                create_node
 .text.list_create
                0x0000000008005ed0       0x6c ./Core/Src/linkedlist.o
                0x0000000008005ed0                list_create
 .text.list_append
                0x0000000008005f3c       0x68 ./Core/Src/linkedlist.o
                0x0000000008005f3c                list_append
 .text.HAL_UARTEx_RxEventCallback
                0x0000000008005fa4       0x58 ./Core/Src/main.o
                0x0000000008005fa4                HAL_UARTEx_RxEventCallback
 .text.HAL_GPIO_EXTI_Callback
                0x0000000008005ffc       0xe0 ./Core/Src/main.o
                0x0000000008005ffc                HAL_GPIO_EXTI_Callback
 .text.HAL_ADC_ConvCpltCallback
                0x00000000080060dc       0x50 ./Core/Src/main.o
                0x00000000080060dc                HAL_ADC_ConvCpltCallback
 .text.main     0x000000000800612c      0x18c ./Core/Src/main.o
                0x000000000800612c                main
 .text.SystemClock_Config
                0x00000000080062b8       0xb6 ./Core/Src/main.o
                0x00000000080062b8                SystemClock_Config
 *fill*         0x000000000800636e        0x2 
 .text.currentConvert
                0x0000000008006370       0x64 ./Core/Src/main.o
 .text.Error_Handler
                0x00000000080063d4        0xa ./Core/Src/main.o
                0x00000000080063d4                Error_Handler
 *fill*         0x00000000080063de        0x2 
 .text.HAL_MspInit
                0x00000000080063e0       0x64 ./Core/Src/stm32f1xx_hal_msp.o
                0x00000000080063e0                HAL_MspInit
 .text.NMI_Handler
                0x0000000008006444        0x6 ./Core/Src/stm32f1xx_it.o
                0x0000000008006444                NMI_Handler
 .text.HardFault_Handler
                0x000000000800644a        0x6 ./Core/Src/stm32f1xx_it.o
                0x000000000800644a                HardFault_Handler
 .text.MemManage_Handler
                0x0000000008006450        0x6 ./Core/Src/stm32f1xx_it.o
                0x0000000008006450                MemManage_Handler
 .text.BusFault_Handler
                0x0000000008006456        0x6 ./Core/Src/stm32f1xx_it.o
                0x0000000008006456                BusFault_Handler
 .text.UsageFault_Handler
                0x000000000800645c        0x6 ./Core/Src/stm32f1xx_it.o
                0x000000000800645c                UsageFault_Handler
 .text.SVC_Handler
                0x0000000008006462        0xc ./Core/Src/stm32f1xx_it.o
                0x0000000008006462                SVC_Handler
 .text.DebugMon_Handler
                0x000000000800646e        0xc ./Core/Src/stm32f1xx_it.o
                0x000000000800646e                DebugMon_Handler
 .text.PendSV_Handler
                0x000000000800647a        0xc ./Core/Src/stm32f1xx_it.o
                0x000000000800647a                PendSV_Handler
 .text.SysTick_Handler
                0x0000000008006486        0xc ./Core/Src/stm32f1xx_it.o
                0x0000000008006486                SysTick_Handler
 .text.EXTI0_IRQHandler
                0x0000000008006492        0xe ./Core/Src/stm32f1xx_it.o
                0x0000000008006492                EXTI0_IRQHandler
 .text.EXTI2_IRQHandler
                0x00000000080064a0        0xe ./Core/Src/stm32f1xx_it.o
                0x00000000080064a0                EXTI2_IRQHandler
 *fill*         0x00000000080064ae        0x2 
 .text.DMA1_Channel3_IRQHandler
                0x00000000080064b0       0x14 ./Core/Src/stm32f1xx_it.o
                0x00000000080064b0                DMA1_Channel3_IRQHandler
 .text.DMA1_Channel5_IRQHandler
                0x00000000080064c4       0x14 ./Core/Src/stm32f1xx_it.o
                0x00000000080064c4                DMA1_Channel5_IRQHandler
 .text.DMA1_Channel6_IRQHandler
                0x00000000080064d8       0x14 ./Core/Src/stm32f1xx_it.o
                0x00000000080064d8                DMA1_Channel6_IRQHandler
 .text.ADC1_2_IRQHandler
                0x00000000080064ec       0x14 ./Core/Src/stm32f1xx_it.o
                0x00000000080064ec                ADC1_2_IRQHandler
 .text.EXTI9_5_IRQHandler
                0x0000000008006500       0x1e ./Core/Src/stm32f1xx_it.o
                0x0000000008006500                EXTI9_5_IRQHandler
 *fill*         0x000000000800651e        0x2 
 .text.USART1_IRQHandler
                0x0000000008006520       0x14 ./Core/Src/stm32f1xx_it.o
                0x0000000008006520                USART1_IRQHandler
 .text.USART2_IRQHandler
                0x0000000008006534       0x14 ./Core/Src/stm32f1xx_it.o
                0x0000000008006534                USART2_IRQHandler
 .text.USART3_IRQHandler
                0x0000000008006548       0x14 ./Core/Src/stm32f1xx_it.o
                0x0000000008006548                USART3_IRQHandler
 .text.EXTI15_10_IRQHandler
                0x000000000800655c       0x18 ./Core/Src/stm32f1xx_it.o
                0x000000000800655c                EXTI15_10_IRQHandler
 .text._getpid  0x0000000008006574        0xe ./Core/Src/syscalls.o
                0x0000000008006574                _getpid
 .text._kill    0x0000000008006582       0x20 ./Core/Src/syscalls.o
                0x0000000008006582                _kill
 .text._exit    0x00000000080065a2       0x14 ./Core/Src/syscalls.o
                0x00000000080065a2                _exit
 .text._read    0x00000000080065b6       0x3a ./Core/Src/syscalls.o
                0x00000000080065b6                _read
 .text._write   0x00000000080065f0       0x38 ./Core/Src/syscalls.o
                0x00000000080065f0                _write
 .text._close   0x0000000008006628       0x16 ./Core/Src/syscalls.o
                0x0000000008006628                _close
 .text._fstat   0x000000000800663e       0x1e ./Core/Src/syscalls.o
                0x000000000800663e                _fstat
 .text._isatty  0x000000000800665c       0x14 ./Core/Src/syscalls.o
                0x000000000800665c                _isatty
 .text._lseek   0x0000000008006670       0x18 ./Core/Src/syscalls.o
                0x0000000008006670                _lseek
 .text._sbrk    0x0000000008006688       0x6c ./Core/Src/sysmem.o
                0x0000000008006688                _sbrk
 .text.SystemInit
                0x00000000080066f4        0xc ./Core/Src/system_stm32f1xx.o
                0x00000000080066f4                SystemInit
 .text.MX_TIM1_Init
                0x0000000008006700       0xa0 ./Core/Src/tim.o
                0x0000000008006700                MX_TIM1_Init
 .text.HAL_TIM_Base_MspInit
                0x00000000080067a0       0x3c ./Core/Src/tim.o
                0x00000000080067a0                HAL_TIM_Base_MspInit
 .text.MX_USART1_UART_Init
                0x00000000080067dc       0x54 ./Core/Src/usart.o
                0x00000000080067dc                MX_USART1_UART_Init
 .text.MX_USART2_UART_Init
                0x0000000008006830       0x54 ./Core/Src/usart.o
                0x0000000008006830                MX_USART2_UART_Init
 .text.MX_USART3_UART_Init
                0x0000000008006884       0x54 ./Core/Src/usart.o
                0x0000000008006884                MX_USART3_UART_Init
 .text.HAL_UART_MspInit
                0x00000000080068d8      0x2c8 ./Core/Src/usart.o
                0x00000000080068d8                HAL_UART_MspInit
 .text.A4988_EnableDriver
                0x0000000008006ba0       0x3c ./Core/Src/user_a4988.o
                0x0000000008006ba0                A4988_EnableDriver
 .text.A4988_DisableDriver
                0x0000000008006bdc       0x3c ./Core/Src/user_a4988.o
                0x0000000008006bdc                A4988_DisableDriver
 .text.A4988_StepByStep
                0x0000000008006c18       0x80 ./Core/Src/user_a4988.o
                0x0000000008006c18                A4988_StepByStep
 .text.LCD_SpecialChar
                0x0000000008006c98      0x1dc ./Core/Src/user_lcd1604.o
 .text.LCD_Init
                0x0000000008006e74       0x72 ./Core/Src/user_lcd1604.o
                0x0000000008006e74                LCD_Init
 *fill*         0x0000000008006ee6        0x2 
 .text.LCD_SendCommand
                0x0000000008006ee8      0x138 ./Core/Src/user_lcd1604.o
                0x0000000008006ee8                LCD_SendCommand
 .text.LCD_SendData
                0x0000000008007020      0x138 ./Core/Src/user_lcd1604.o
                0x0000000008007020                LCD_SendData
 .text.LCD_GotoXY
                0x0000000008007158       0x56 ./Core/Src/user_lcd1604.o
                0x0000000008007158                LCD_GotoXY
 .text.LCD_Print
                0x00000000080071ae       0x2a ./Core/Src/user_lcd1604.o
                0x00000000080071ae                LCD_Print
 .text.LCD_Clear
                0x00000000080071d8        0xe ./Core/Src/user_lcd1604.o
                0x00000000080071d8                LCD_Clear
 *fill*         0x00000000080071e6        0x2 
 .text.Screen_Init
                0x00000000080071e8       0x24 ./Core/Src/user_screen.o
                0x00000000080071e8                Screen_Init
 .text.Screen_Home_Origin
                0x000000000800720c      0x124 ./Core/Src/user_screen.o
                0x000000000800720c                Screen_Home_Origin
 .text.Screen_Home_Sync
                0x0000000008007330       0x88 ./Core/Src/user_screen.o
                0x0000000008007330                Screen_Home_Sync
 .text.Screen_Home_Calib
                0x00000000080073b8       0xc0 ./Core/Src/user_screen.o
                0x00000000080073b8                Screen_Home_Calib
 .text.Screen_Monitor_Station
                0x0000000008007478       0xc4 ./Core/Src/user_screen.o
                0x0000000008007478                Screen_Monitor_Station
 .text.Screen_Monitor_Node
                0x000000000800753c      0x138 ./Core/Src/user_screen.o
                0x000000000800753c                Screen_Monitor_Node
 .text.Screen_Function
                0x0000000008007674       0x74 ./Core/Src/user_screen.o
                0x0000000008007674                Screen_Function
 .text.Screen_Voltage_Control
                0x00000000080076e8       0xc4 ./Core/Src/user_screen.o
                0x00000000080076e8                Screen_Voltage_Control
 .text.Screen_Dir_Control
                0x00000000080077ac       0xa0 ./Core/Src/user_screen.o
                0x00000000080077ac                Screen_Dir_Control
 .text.Screen_StepVal_Control
                0x000000000800784c       0xa0 ./Core/Src/user_screen.o
                0x000000000800784c                Screen_StepVal_Control
 .text.Screen_Voltage_Control_Control_Motor
                0x00000000080078ec       0x68 ./Core/Src/user_screen.o
                0x00000000080078ec                Screen_Voltage_Control_Control_Motor
 .text.Screen_Control_Relay
                0x0000000008007954       0x8c ./Core/Src/user_screen.o
                0x0000000008007954                Screen_Control_Relay
 .text.Screen_Control_Relay_Change_Mode
                0x00000000080079e0       0x60 ./Core/Src/user_screen.o
                0x00000000080079e0                Screen_Control_Relay_Change_Mode
 .text.Screen_Accept_Relay
                0x0000000008007a40       0xd0 ./Core/Src/user_screen.o
                0x0000000008007a40                Screen_Accept_Relay
 .text.Reset_Handler
                0x0000000008007b10       0x48 ./Core/Startup/startup_stm32f103c8tx.o
                0x0000000008007b10                Reset_Handler
 .text.Default_Handler
                0x0000000008007b58        0x2 ./Core/Startup/startup_stm32f103c8tx.o
                0x0000000008007b58                RTC_Alarm_IRQHandler
                0x0000000008007b58                TIM1_CC_IRQHandler
                0x0000000008007b58                PVD_IRQHandler
                0x0000000008007b58                EXTI3_IRQHandler
                0x0000000008007b58                I2C2_EV_IRQHandler
                0x0000000008007b58                SPI1_IRQHandler
                0x0000000008007b58                TAMPER_IRQHandler
                0x0000000008007b58                DMA1_Channel4_IRQHandler
                0x0000000008007b58                RTC_IRQHandler
                0x0000000008007b58                DMA1_Channel7_IRQHandler
                0x0000000008007b58                CAN1_RX1_IRQHandler
                0x0000000008007b58                TIM4_IRQHandler
                0x0000000008007b58                I2C1_EV_IRQHandler
                0x0000000008007b58                TIM3_IRQHandler
                0x0000000008007b58                RCC_IRQHandler
                0x0000000008007b58                TIM1_TRG_COM_IRQHandler
                0x0000000008007b58                DMA1_Channel1_IRQHandler
                0x0000000008007b58                Default_Handler
                0x0000000008007b58                SPI2_IRQHandler
                0x0000000008007b58                EXTI4_IRQHandler
                0x0000000008007b58                USB_LP_CAN1_RX0_IRQHandler
                0x0000000008007b58                USB_HP_CAN1_TX_IRQHandler
                0x0000000008007b58                TIM1_UP_IRQHandler
                0x0000000008007b58                WWDG_IRQHandler
                0x0000000008007b58                TIM2_IRQHandler
                0x0000000008007b58                TIM1_BRK_IRQHandler
                0x0000000008007b58                EXTI1_IRQHandler
                0x0000000008007b58                I2C2_ER_IRQHandler
                0x0000000008007b58                DMA1_Channel2_IRQHandler
                0x0000000008007b58                CAN1_SCE_IRQHandler
                0x0000000008007b58                FLASH_IRQHandler
                0x0000000008007b58                I2C1_ER_IRQHandler
                0x0000000008007b58                USBWakeUp_IRQHandler
 *fill*         0x0000000008007b5a        0x2 
 .text.HAL_Init
                0x0000000008007b5c       0x2c ./Drivers/STM32F1xx_HAL_Driver/Src/stm32f1xx_hal.o
                0x0000000008007b5c                HAL_Init
 .text.HAL_InitTick
                0x0000000008007b88       0x60 ./Drivers/STM32F1xx_HAL_Driver/Src/stm32f1xx_hal.o
                0x0000000008007b88                HAL_InitTick
 .text.HAL_IncTick
                0x0000000008007be8       0x24 ./Drivers/STM32F1xx_HAL_Driver/Src/stm32f1xx_hal.o
                0x0000000008007be8                HAL_IncTick
 .text.HAL_GetTick
                0x0000000008007c0c       0x14 ./Drivers/STM32F1xx_HAL_Driver/Src/stm32f1xx_hal.o
                0x0000000008007c0c                HAL_GetTick
 .text.HAL_Delay
                0x0000000008007c20       0x48 ./Drivers/STM32F1xx_HAL_Driver/Src/stm32f1xx_hal.o
                0x0000000008007c20                HAL_Delay
 .text.HAL_ADC_Init
                0x0000000008007c68      0x1b0 ./Drivers/STM32F1xx_HAL_Driver/Src/stm32f1xx_hal_adc.o
                0x0000000008007c68                HAL_ADC_Init
 .text.HAL_ADC_Start_IT
                0x0000000008007e18      0x16c ./Drivers/STM32F1xx_HAL_Driver/Src/stm32f1xx_hal_adc.o
                0x0000000008007e18                HAL_ADC_Start_IT
 .text.HAL_ADC_GetValue
                0x0000000008007f84       0x18 ./Drivers/STM32F1xx_HAL_Driver/Src/stm32f1xx_hal_adc.o
                0x0000000008007f84                HAL_ADC_GetValue
 .text.HAL_ADC_IRQHandler
                0x0000000008007f9c      0x17e ./Drivers/STM32F1xx_HAL_Driver/Src/stm32f1xx_hal_adc.o
                0x0000000008007f9c                HAL_ADC_IRQHandler
 .text.HAL_ADC_LevelOutOfWindowCallback
                0x000000000800811a       0x12 ./Drivers/STM32F1xx_HAL_Driver/Src/stm32f1xx_hal_adc.o
                0x000000000800811a                HAL_ADC_LevelOutOfWindowCallback
 .text.HAL_ADC_ConfigChannel
                0x000000000800812c      0x1f0 ./Drivers/STM32F1xx_HAL_Driver/Src/stm32f1xx_hal_adc.o
                0x000000000800812c                HAL_ADC_ConfigChannel
 .text.ADC_Enable
                0x000000000800831c       0xb4 ./Drivers/STM32F1xx_HAL_Driver/Src/stm32f1xx_hal_adc.o
                0x000000000800831c                ADC_Enable
 .text.ADC_ConversionStop_Disable
                0x00000000080083d0       0x82 ./Drivers/STM32F1xx_HAL_Driver/Src/stm32f1xx_hal_adc.o
                0x00000000080083d0                ADC_ConversionStop_Disable
 .text.HAL_ADCEx_InjectedConvCpltCallback
                0x0000000008008452       0x12 ./Drivers/STM32F1xx_HAL_Driver/Src/stm32f1xx_hal_adc_ex.o
                0x0000000008008452                HAL_ADCEx_InjectedConvCpltCallback
 .text.__NVIC_SetPriorityGrouping
                0x0000000008008464       0x48 ./Drivers/STM32F1xx_HAL_Driver/Src/stm32f1xx_hal_cortex.o
 .text.__NVIC_GetPriorityGrouping
                0x00000000080084ac       0x1c ./Drivers/STM32F1xx_HAL_Driver/Src/stm32f1xx_hal_cortex.o
 .text.__NVIC_EnableIRQ
                0x00000000080084c8       0x38 ./Drivers/STM32F1xx_HAL_Driver/Src/stm32f1xx_hal_cortex.o
 .text.__NVIC_SetPriority
                0x0000000008008500       0x54 ./Drivers/STM32F1xx_HAL_Driver/Src/stm32f1xx_hal_cortex.o
 .text.NVIC_EncodePriority
                0x0000000008008554       0x64 ./Drivers/STM32F1xx_HAL_Driver/Src/stm32f1xx_hal_cortex.o
 .text.SysTick_Config
                0x00000000080085b8       0x44 ./Drivers/STM32F1xx_HAL_Driver/Src/stm32f1xx_hal_cortex.o
 .text.HAL_NVIC_SetPriorityGrouping
                0x00000000080085fc       0x16 ./Drivers/STM32F1xx_HAL_Driver/Src/stm32f1xx_hal_cortex.o
                0x00000000080085fc                HAL_NVIC_SetPriorityGrouping
 .text.HAL_NVIC_SetPriority
                0x0000000008008612       0x38 ./Drivers/STM32F1xx_HAL_Driver/Src/stm32f1xx_hal_cortex.o
                0x0000000008008612                HAL_NVIC_SetPriority
 .text.HAL_NVIC_EnableIRQ
                0x000000000800864a       0x1c ./Drivers/STM32F1xx_HAL_Driver/Src/stm32f1xx_hal_cortex.o
                0x000000000800864a                HAL_NVIC_EnableIRQ
 .text.HAL_SYSTICK_Config
                0x0000000008008666       0x18 ./Drivers/STM32F1xx_HAL_Driver/Src/stm32f1xx_hal_cortex.o
                0x0000000008008666                HAL_SYSTICK_Config
 *fill*         0x000000000800867e        0x2 
 .text.HAL_DMA_Init
                0x0000000008008680       0xb4 ./Drivers/STM32F1xx_HAL_Driver/Src/stm32f1xx_hal_dma.o
                0x0000000008008680                HAL_DMA_Init
 .text.HAL_DMA_Start_IT
                0x0000000008008734       0xc0 ./Drivers/STM32F1xx_HAL_Driver/Src/stm32f1xx_hal_dma.o
                0x0000000008008734                HAL_DMA_Start_IT
 .text.HAL_DMA_Abort
                0x00000000080087f4       0x76 ./Drivers/STM32F1xx_HAL_Driver/Src/stm32f1xx_hal_dma.o
                0x00000000080087f4                HAL_DMA_Abort
 *fill*         0x000000000800886a        0x2 
 .text.HAL_DMA_Abort_IT
                0x000000000800886c       0xf0 ./Drivers/STM32F1xx_HAL_Driver/Src/stm32f1xx_hal_dma.o
                0x000000000800886c                HAL_DMA_Abort_IT
 .text.HAL_DMA_IRQHandler
                0x000000000800895c      0x20c ./Drivers/STM32F1xx_HAL_Driver/Src/stm32f1xx_hal_dma.o
                0x000000000800895c                HAL_DMA_IRQHandler
 .text.DMA_SetConfig
                0x0000000008008b68       0x5a ./Drivers/STM32F1xx_HAL_Driver/Src/stm32f1xx_hal_dma.o
 *fill*         0x0000000008008bc2        0x2 
 .text.HAL_GPIO_Init
                0x0000000008008bc4      0x308 ./Drivers/STM32F1xx_HAL_Driver/Src/stm32f1xx_hal_gpio.o
                0x0000000008008bc4                HAL_GPIO_Init
 .text.HAL_GPIO_ReadPin
                0x0000000008008ecc       0x2e ./Drivers/STM32F1xx_HAL_Driver/Src/stm32f1xx_hal_gpio.o
                0x0000000008008ecc                HAL_GPIO_ReadPin
 .text.HAL_GPIO_WritePin
                0x0000000008008efa       0x30 ./Drivers/STM32F1xx_HAL_Driver/Src/stm32f1xx_hal_gpio.o
                0x0000000008008efa                HAL_GPIO_WritePin
 .text.HAL_GPIO_TogglePin
                0x0000000008008f2a       0x32 ./Drivers/STM32F1xx_HAL_Driver/Src/stm32f1xx_hal_gpio.o
                0x0000000008008f2a                HAL_GPIO_TogglePin
 .text.HAL_GPIO_EXTI_IRQHandler
                0x0000000008008f5c       0x30 ./Drivers/STM32F1xx_HAL_Driver/Src/stm32f1xx_hal_gpio.o
                0x0000000008008f5c                HAL_GPIO_EXTI_IRQHandler
 .text.HAL_I2C_Init
                0x0000000008008f8c      0x288 ./Drivers/STM32F1xx_HAL_Driver/Src/stm32f1xx_hal_i2c.o
                0x0000000008008f8c                HAL_I2C_Init
 .text.HAL_I2C_Master_Transmit
                0x0000000008009214      0x1fc ./Drivers/STM32F1xx_HAL_Driver/Src/stm32f1xx_hal_i2c.o
                0x0000000008009214                HAL_I2C_Master_Transmit
 .text.HAL_I2C_Master_Receive
                0x0000000008009410      0x4d8 ./Drivers/STM32F1xx_HAL_Driver/Src/stm32f1xx_hal_i2c.o
                0x0000000008009410                HAL_I2C_Master_Receive
 .text.I2C_MasterRequestWrite
                0x00000000080098e8      0x104 ./Drivers/STM32F1xx_HAL_Driver/Src/stm32f1xx_hal_i2c.o
 .text.I2C_MasterRequestRead
                0x00000000080099ec      0x19c ./Drivers/STM32F1xx_HAL_Driver/Src/stm32f1xx_hal_i2c.o
 .text.I2C_WaitOnFlagUntilTimeout
                0x0000000008009b88       0xf4 ./Drivers/STM32F1xx_HAL_Driver/Src/stm32f1xx_hal_i2c.o
 .text.I2C_WaitOnMasterAddressFlagUntilTimeout
                0x0000000008009c7c      0x140 ./Drivers/STM32F1xx_HAL_Driver/Src/stm32f1xx_hal_i2c.o
 .text.I2C_WaitOnTXEFlagUntilTimeout
                0x0000000008009dbc       0x90 ./Drivers/STM32F1xx_HAL_Driver/Src/stm32f1xx_hal_i2c.o
 .text.I2C_WaitOnBTFFlagUntilTimeout
                0x0000000008009e4c       0x90 ./Drivers/STM32F1xx_HAL_Driver/Src/stm32f1xx_hal_i2c.o
 .text.I2C_WaitOnRXNEFlagUntilTimeout
                0x0000000008009edc       0xba ./Drivers/STM32F1xx_HAL_Driver/Src/stm32f1xx_hal_i2c.o
 .text.I2C_IsAcknowledgeFailed
                0x0000000008009f96       0x5c ./Drivers/STM32F1xx_HAL_Driver/Src/stm32f1xx_hal_i2c.o
 *fill*         0x0000000008009ff2        0x2 
 .text.HAL_RCC_OscConfig
                0x0000000008009ff4      0x504 ./Drivers/STM32F1xx_HAL_Driver/Src/stm32f1xx_hal_rcc.o
                0x0000000008009ff4                HAL_RCC_OscConfig
 .text.HAL_RCC_ClockConfig
                0x000000000800a4f8      0x1d4 ./Drivers/STM32F1xx_HAL_Driver/Src/stm32f1xx_hal_rcc.o
                0x000000000800a4f8                HAL_RCC_ClockConfig
 .text.HAL_RCC_GetSysClockFreq
                0x000000000800a6cc       0xa8 ./Drivers/STM32F1xx_HAL_Driver/Src/stm32f1xx_hal_rcc.o
                0x000000000800a6cc                HAL_RCC_GetSysClockFreq
 .text.HAL_RCC_GetHCLKFreq
                0x000000000800a774       0x14 ./Drivers/STM32F1xx_HAL_Driver/Src/stm32f1xx_hal_rcc.o
                0x000000000800a774                HAL_RCC_GetHCLKFreq
 .text.HAL_RCC_GetPCLK1Freq
                0x000000000800a788       0x28 ./Drivers/STM32F1xx_HAL_Driver/Src/stm32f1xx_hal_rcc.o
                0x000000000800a788                HAL_RCC_GetPCLK1Freq
 .text.HAL_RCC_GetPCLK2Freq
                0x000000000800a7b0       0x28 ./Drivers/STM32F1xx_HAL_Driver/Src/stm32f1xx_hal_rcc.o
                0x000000000800a7b0                HAL_RCC_GetPCLK2Freq
 .text.RCC_Delay
                0x000000000800a7d8       0x3c ./Drivers/STM32F1xx_HAL_Driver/Src/stm32f1xx_hal_rcc.o
 .text.HAL_RCCEx_PeriphCLKConfig
                0x000000000800a814      0x16c ./Drivers/STM32F1xx_HAL_Driver/Src/stm32f1xx_hal_rcc_ex.o
                0x000000000800a814                HAL_RCCEx_PeriphCLKConfig
 .text.HAL_TIM_Base_Init
                0x000000000800a980       0x9e ./Drivers/STM32F1xx_HAL_Driver/Src/stm32f1xx_hal_tim.o
                0x000000000800a980                HAL_TIM_Base_Init
 .text.HAL_TIM_ConfigClockSource
                0x000000000800aa1e      0x18e ./Drivers/STM32F1xx_HAL_Driver/Src/stm32f1xx_hal_tim.o
                0x000000000800aa1e                HAL_TIM_ConfigClockSource
 .text.TIM_Base_SetConfig
                0x000000000800abac       0xc4 ./Drivers/STM32F1xx_HAL_Driver/Src/stm32f1xx_hal_tim.o
                0x000000000800abac                TIM_Base_SetConfig
 .text.TIM_TI1_ConfigInputStage
                0x000000000800ac70       0x5c ./Drivers/STM32F1xx_HAL_Driver/Src/stm32f1xx_hal_tim.o
 .text.TIM_TI2_ConfigInputStage
                0x000000000800accc       0x5e ./Drivers/STM32F1xx_HAL_Driver/Src/stm32f1xx_hal_tim.o
 .text.TIM_ITRx_SetConfig
                0x000000000800ad2a       0x34 ./Drivers/STM32F1xx_HAL_Driver/Src/stm32f1xx_hal_tim.o
 .text.TIM_ETR_SetConfig
                0x000000000800ad5e       0x3e ./Drivers/STM32F1xx_HAL_Driver/Src/stm32f1xx_hal_tim.o
                0x000000000800ad5e                TIM_ETR_SetConfig
 .text.HAL_TIMEx_MasterConfigSynchronization
                0x000000000800ad9c       0xbc ./Drivers/STM32F1xx_HAL_Driver/Src/stm32f1xx_hal_tim_ex.o
                0x000000000800ad9c                HAL_TIMEx_MasterConfigSynchronization
 .text.HAL_UART_Init
                0x000000000800ae58       0xa0 ./Drivers/STM32F1xx_HAL_Driver/Src/stm32f1xx_hal_uart.o
                0x000000000800ae58                HAL_UART_Init
 .text.HAL_UART_Transmit
                0x000000000800aef8      0x106 ./Drivers/STM32F1xx_HAL_Driver/Src/stm32f1xx_hal_uart.o
                0x000000000800aef8                HAL_UART_Transmit
 .text.HAL_UARTEx_ReceiveToIdle_DMA
                0x000000000800affe       0xba ./Drivers/STM32F1xx_HAL_Driver/Src/stm32f1xx_hal_uart.o
                0x000000000800affe                HAL_UARTEx_ReceiveToIdle_DMA
 .text.HAL_UART_IRQHandler
                0x000000000800b0b8      0x524 ./Drivers/STM32F1xx_HAL_Driver/Src/stm32f1xx_hal_uart.o
                0x000000000800b0b8                HAL_UART_IRQHandler
 .text.HAL_UART_TxCpltCallback
                0x000000000800b5dc       0x12 ./Drivers/STM32F1xx_HAL_Driver/Src/stm32f1xx_hal_uart.o
                0x000000000800b5dc                HAL_UART_TxCpltCallback
 .text.HAL_UART_RxCpltCallback
                0x000000000800b5ee       0x12 ./Drivers/STM32F1xx_HAL_Driver/Src/stm32f1xx_hal_uart.o
                0x000000000800b5ee                HAL_UART_RxCpltCallback
 .text.HAL_UART_RxHalfCpltCallback
                0x000000000800b600       0x12 ./Drivers/STM32F1xx_HAL_Driver/Src/stm32f1xx_hal_uart.o
                0x000000000800b600                HAL_UART_RxHalfCpltCallback
 .text.HAL_UART_ErrorCallback
                0x000000000800b612       0x12 ./Drivers/STM32F1xx_HAL_Driver/Src/stm32f1xx_hal_uart.o
                0x000000000800b612                HAL_UART_ErrorCallback
 .text.UART_DMAReceiveCplt
                0x000000000800b624      0x12c ./Drivers/STM32F1xx_HAL_Driver/Src/stm32f1xx_hal_uart.o
 .text.UART_DMARxHalfCplt
                0x000000000800b750       0x3c ./Drivers/STM32F1xx_HAL_Driver/Src/stm32f1xx_hal_uart.o
 .text.UART_DMAError
                0x000000000800b78c       0x94 ./Drivers/STM32F1xx_HAL_Driver/Src/stm32f1xx_hal_uart.o
 .text.UART_WaitOnFlagUntilTimeout
                0x000000000800b820       0xdc ./Drivers/STM32F1xx_HAL_Driver/Src/stm32f1xx_hal_uart.o
 .text.UART_Start_Receive_DMA
                0x000000000800b8fc      0x134 ./Drivers/STM32F1xx_HAL_Driver/Src/stm32f1xx_hal_uart.o
                0x000000000800b8fc                UART_Start_Receive_DMA
 .text.UART_EndTxTransfer
                0x000000000800ba30       0x4e ./Drivers/STM32F1xx_HAL_Driver/Src/stm32f1xx_hal_uart.o
 .text.UART_EndRxTransfer
                0x000000000800ba7e       0xc4 ./Drivers/STM32F1xx_HAL_Driver/Src/stm32f1xx_hal_uart.o
 .text.UART_DMAAbortOnError
                0x000000000800bb42       0x28 ./Drivers/STM32F1xx_HAL_Driver/Src/stm32f1xx_hal_uart.o
 .text.UART_Transmit_IT
                0x000000000800bb6a       0x9e ./Drivers/STM32F1xx_HAL_Driver/Src/stm32f1xx_hal_uart.o
 .text.UART_EndTransmit_IT
                0x000000000800bc08       0x30 ./Drivers/STM32F1xx_HAL_Driver/Src/stm32f1xx_hal_uart.o
 .text.UART_Receive_IT
                0x000000000800bc38      0x17c ./Drivers/STM32F1xx_HAL_Driver/Src/stm32f1xx_hal_uart.o
 .text.UART_SetConfig
                0x000000000800bdb4      0x11c ./Drivers/STM32F1xx_HAL_Driver/Src/stm32f1xx_hal_uart.o
 .text.atoi     0x000000000800bed0        0x8 d:/stm32_learning_document/en.st-stm32cubeide_1.10.1_12716_20220707_0928_x86_64.exe/stm32cubeide_1.10.1/stm32cubeide/plugins/com.st.stm32cube.ide.mcu.externaltools.gnu-tools-for-stm32.10.3-2021.10.win32_1.0.0.202111181127/tools/bin/../lib/gcc/arm-none-eabi/10.3.1/../../../../arm-none-eabi/lib/thumb/v7-m/nofp\libc_nano.a(lib_a-atoi.o)
                0x000000000800bed0                atoi
 .text.__errno  0x000000000800bed8        0xc d:/stm32_learning_document/en.st-stm32cubeide_1.10.1_12716_20220707_0928_x86_64.exe/stm32cubeide_1.10.1/stm32cubeide/plugins/com.st.stm32cube.ide.mcu.externaltools.gnu-tools-for-stm32.10.3-2021.10.win32_1.0.0.202111181127/tools/bin/../lib/gcc/arm-none-eabi/10.3.1/../../../../arm-none-eabi/lib/thumb/v7-m/nofp\libc_nano.a(lib_a-errno.o)
                0x000000000800bed8                __errno
 .text.__libc_init_array
                0x000000000800bee4       0x48 d:/stm32_learning_document/en.st-stm32cubeide_1.10.1_12716_20220707_0928_x86_64.exe/stm32cubeide_1.10.1/stm32cubeide/plugins/com.st.stm32cube.ide.mcu.externaltools.gnu-tools-for-stm32.10.3-2021.10.win32_1.0.0.202111181127/tools/bin/../lib/gcc/arm-none-eabi/10.3.1/../../../../arm-none-eabi/lib/thumb/v7-m/nofp\libc_nano.a(lib_a-init.o)
                0x000000000800bee4                __libc_init_array
 .text.localtime
                0x000000000800bf2c       0x3c d:/stm32_learning_document/en.st-stm32cubeide_1.10.1_12716_20220707_0928_x86_64.exe/stm32cubeide_1.10.1/stm32cubeide/plugins/com.st.stm32cube.ide.mcu.externaltools.gnu-tools-for-stm32.10.3-2021.10.win32_1.0.0.202111181127/tools/bin/../lib/gcc/arm-none-eabi/10.3.1/../../../../arm-none-eabi/lib/thumb/v7-m/nofp\libc_nano.a(lib_a-lcltime.o)
                0x000000000800bf2c                localtime
 .text.localtime_r
                0x000000000800bf68      0x1e4 d:/stm32_learning_document/en.st-stm32cubeide_1.10.1_12716_20220707_0928_x86_64.exe/stm32cubeide_1.10.1/stm32cubeide/plugins/com.st.stm32cube.ide.mcu.externaltools.gnu-tools-for-stm32.10.3-2021.10.win32_1.0.0.202111181127/tools/bin/../lib/gcc/arm-none-eabi/10.3.1/../../../../arm-none-eabi/lib/thumb/v7-m/nofp\libc_nano.a(lib_a-lcltime_r.o)
                0x000000000800bf68                localtime_r
 .text.malloc   0x000000000800c14c       0x10 d:/stm32_learning_document/en.st-stm32cubeide_1.10.1_12716_20220707_0928_x86_64.exe/stm32cubeide_1.10.1/stm32cubeide/plugins/com.st.stm32cube.ide.mcu.externaltools.gnu-tools-for-stm32.10.3-2021.10.win32_1.0.0.202111181127/tools/bin/../lib/gcc/arm-none-eabi/10.3.1/../../../../arm-none-eabi/lib/thumb/v7-m/nofp\libc_nano.a(lib_a-malloc.o)
                0x000000000800c14c                malloc
 .text.free     0x000000000800c15c       0x10 d:/stm32_learning_document/en.st-stm32cubeide_1.10.1_12716_20220707_0928_x86_64.exe/stm32cubeide_1.10.1/stm32cubeide/plugins/com.st.stm32cube.ide.mcu.externaltools.gnu-tools-for-stm32.10.3-2021.10.win32_1.0.0.202111181127/tools/bin/../lib/gcc/arm-none-eabi/10.3.1/../../../../arm-none-eabi/lib/thumb/v7-m/nofp\libc_nano.a(lib_a-malloc.o)
                0x000000000800c15c                free
 .text.memcmp   0x000000000800c16c       0x20 d:/stm32_learning_document/en.st-stm32cubeide_1.10.1_12716_20220707_0928_x86_64.exe/stm32cubeide_1.10.1/stm32cubeide/plugins/com.st.stm32cube.ide.mcu.externaltools.gnu-tools-for-stm32.10.3-2021.10.win32_1.0.0.202111181127/tools/bin/../lib/gcc/arm-none-eabi/10.3.1/../../../../arm-none-eabi/lib/thumb/v7-m/nofp\libc_nano.a(lib_a-memcmp.o)
                0x000000000800c16c                memcmp
 .text.memcpy   0x000000000800c18c       0x1c d:/stm32_learning_document/en.st-stm32cubeide_1.10.1_12716_20220707_0928_x86_64.exe/stm32cubeide_1.10.1/stm32cubeide/plugins/com.st.stm32cube.ide.mcu.externaltools.gnu-tools-for-stm32.10.3-2021.10.win32_1.0.0.202111181127/tools/bin/../lib/gcc/arm-none-eabi/10.3.1/../../../../arm-none-eabi/lib/thumb/v7-m/nofp\libc_nano.a(lib_a-memcpy-stub.o)
                0x000000000800c18c                memcpy
 .text.memset   0x000000000800c1a8       0x10 d:/stm32_learning_document/en.st-stm32cubeide_1.10.1_12716_20220707_0928_x86_64.exe/stm32cubeide_1.10.1/stm32cubeide/plugins/com.st.stm32cube.ide.mcu.externaltools.gnu-tools-for-stm32.10.3-2021.10.win32_1.0.0.202111181127/tools/bin/../lib/gcc/arm-none-eabi/10.3.1/../../../../arm-none-eabi/lib/thumb/v7-m/nofp\libc_nano.a(lib_a-memset.o)
                0x000000000800c1a8                memset
 .text.validate_structure
                0x000000000800c1b8      0x1b0 d:/stm32_learning_document/en.st-stm32cubeide_1.10.1_12716_20220707_0928_x86_64.exe/stm32cubeide_1.10.1/stm32cubeide/plugins/com.st.stm32cube.ide.mcu.externaltools.gnu-tools-for-stm32.10.3-2021.10.win32_1.0.0.202111181127/tools/bin/../lib/gcc/arm-none-eabi/10.3.1/../../../../arm-none-eabi/lib/thumb/v7-m/nofp\libc_nano.a(lib_a-mktime.o)
 .text.mktime   0x000000000800c368      0x334 d:/stm32_learning_document/en.st-stm32cubeide_1.10.1_12716_20220707_0928_x86_64.exe/stm32cubeide_1.10.1/stm32cubeide/plugins/com.st.stm32cube.ide.mcu.externaltools.gnu-tools-for-stm32.10.3-2021.10.win32_1.0.0.202111181127/tools/bin/../lib/gcc/arm-none-eabi/10.3.1/../../../../arm-none-eabi/lib/thumb/v7-m/nofp\libc_nano.a(lib_a-mktime.o)
                0x000000000800c368                mktime
 .text._free_r  0x000000000800c69c       0x90 d:/stm32_learning_document/en.st-stm32cubeide_1.10.1_12716_20220707_0928_x86_64.exe/stm32cubeide_1.10.1/stm32cubeide/plugins/com.st.stm32cube.ide.mcu.externaltools.gnu-tools-for-stm32.10.3-2021.10.win32_1.0.0.202111181127/tools/bin/../lib/gcc/arm-none-eabi/10.3.1/../../../../arm-none-eabi/lib/thumb/v7-m/nofp\libc_nano.a(lib_a-nano-freer.o)
                0x000000000800c69c                _free_r
 .text.sbrk_aligned
                0x000000000800c72c       0x40 d:/stm32_learning_document/en.st-stm32cubeide_1.10.1_12716_20220707_0928_x86_64.exe/stm32cubeide_1.10.1/stm32cubeide/plugins/com.st.stm32cube.ide.mcu.externaltools.gnu-tools-for-stm32.10.3-2021.10.win32_1.0.0.202111181127/tools/bin/../lib/gcc/arm-none-eabi/10.3.1/../../../../arm-none-eabi/lib/thumb/v7-m/nofp\libc_nano.a(lib_a-nano-mallocr.o)
 .text._malloc_r
                0x000000000800c76c       0xe8 d:/stm32_learning_document/en.st-stm32cubeide_1.10.1_12716_20220707_0928_x86_64.exe/stm32cubeide_1.10.1/stm32cubeide/plugins/com.st.stm32cube.ide.mcu.externaltools.gnu-tools-for-stm32.10.3-2021.10.win32_1.0.0.202111181127/tools/bin/../lib/gcc/arm-none-eabi/10.3.1/../../../../arm-none-eabi/lib/thumb/v7-m/nofp\libc_nano.a(lib_a-nano-mallocr.o)
                0x000000000800c76c                _malloc_r
 .text._sbrk_r  0x000000000800c854       0x20 d:/stm32_learning_document/en.st-stm32cubeide_1.10.1_12716_20220707_0928_x86_64.exe/stm32cubeide_1.10.1/stm32cubeide/plugins/com.st.stm32cube.ide.mcu.externaltools.gnu-tools-for-stm32.10.3-2021.10.win32_1.0.0.202111181127/tools/bin/../lib/gcc/arm-none-eabi/10.3.1/../../../../arm-none-eabi/lib/thumb/v7-m/nofp\libc_nano.a(lib_a-sbrkr.o)
                0x000000000800c854                _sbrk_r
 .text.sprintf  0x000000000800c874       0x40 d:/stm32_learning_document/en.st-stm32cubeide_1.10.1_12716_20220707_0928_x86_64.exe/stm32cubeide_1.10.1/stm32cubeide/plugins/com.st.stm32cube.ide.mcu.externaltools.gnu-tools-for-stm32.10.3-2021.10.win32_1.0.0.202111181127/tools/bin/../lib/gcc/arm-none-eabi/10.3.1/../../../../arm-none-eabi/lib/thumb/v7-m/nofp\libc_nano.a(lib_a-sprintf.o)
                0x000000000800c874                siprintf
                0x000000000800c874                sprintf
 .text.strtok   0x000000000800c8b4       0x68 d:/stm32_learning_document/en.st-stm32cubeide_1.10.1_12716_20220707_0928_x86_64.exe/stm32cubeide_1.10.1/stm32cubeide/plugins/com.st.stm32cube.ide.mcu.externaltools.gnu-tools-for-stm32.10.3-2021.10.win32_1.0.0.202111181127/tools/bin/../lib/gcc/arm-none-eabi/10.3.1/../../../../arm-none-eabi/lib/thumb/v7-m/nofp\libc_nano.a(lib_a-strtok.o)
                0x000000000800c8b4                strtok
 .text.__strtok_r
                0x000000000800c91c       0x50 d:/stm32_learning_document/en.st-stm32cubeide_1.10.1_12716_20220707_0928_x86_64.exe/stm32cubeide_1.10.1/stm32cubeide/plugins/com.st.stm32cube.ide.mcu.externaltools.gnu-tools-for-stm32.10.3-2021.10.win32_1.0.0.202111181127/tools/bin/../lib/gcc/arm-none-eabi/10.3.1/../../../../arm-none-eabi/lib/thumb/v7-m/nofp\libc_nano.a(lib_a-strtok_r.o)
                0x000000000800c91c                __strtok_r
 .text._strtol_l.constprop.0
                0x000000000800c96c       0xf8 d:/stm32_learning_document/en.st-stm32cubeide_1.10.1_12716_20220707_0928_x86_64.exe/stm32cubeide_1.10.1/stm32cubeide/plugins/com.st.stm32cube.ide.mcu.externaltools.gnu-tools-for-stm32.10.3-2021.10.win32_1.0.0.202111181127/tools/bin/../lib/gcc/arm-none-eabi/10.3.1/../../../../arm-none-eabi/lib/thumb/v7-m/nofp\libc_nano.a(lib_a-strtol.o)
 .text._strtol_r
                0x000000000800ca64        0x4 d:/stm32_learning_document/en.st-stm32cubeide_1.10.1_12716_20220707_0928_x86_64.exe/stm32cubeide_1.10.1/stm32cubeide/plugins/com.st.stm32cube.ide.mcu.externaltools.gnu-tools-for-stm32.10.3-2021.10.win32_1.0.0.202111181127/tools/bin/../lib/gcc/arm-none-eabi/10.3.1/../../../../arm-none-eabi/lib/thumb/v7-m/nofp\libc_nano.a(lib_a-strtol.o)
                0x000000000800ca64                _strtol_r
 .text.strtol   0x000000000800ca68       0x14 d:/stm32_learning_document/en.st-stm32cubeide_1.10.1_12716_20220707_0928_x86_64.exe/stm32cubeide_1.10.1/stm32cubeide/plugins/com.st.stm32cube.ide.mcu.externaltools.gnu-tools-for-stm32.10.3-2021.10.win32_1.0.0.202111181127/tools/bin/../lib/gcc/arm-none-eabi/10.3.1/../../../../arm-none-eabi/lib/thumb/v7-m/nofp\libc_nano.a(lib_a-strtol.o)
                0x000000000800ca68                strtol
 .text.__tzcalc_limits
                0x000000000800ca7c      0x154 d:/stm32_learning_document/en.st-stm32cubeide_1.10.1_12716_20220707_0928_x86_64.exe/stm32cubeide_1.10.1/stm32cubeide/plugins/com.st.stm32cube.ide.mcu.externaltools.gnu-tools-for-stm32.10.3-2021.10.win32_1.0.0.202111181127/tools/bin/../lib/gcc/arm-none-eabi/10.3.1/../../../../arm-none-eabi/lib/thumb/v7-m/nofp\libc_nano.a(lib_a-tzcalc_limits.o)
                0x000000000800ca7c                __tzcalc_limits
 .text.__tz_lock
                0x000000000800cbd0        0xc d:/stm32_learning_document/en.st-stm32cubeide_1.10.1_12716_20220707_0928_x86_64.exe/stm32cubeide_1.10.1/stm32cubeide/plugins/com.st.stm32cube.ide.mcu.externaltools.gnu-tools-for-stm32.10.3-2021.10.win32_1.0.0.202111181127/tools/bin/../lib/gcc/arm-none-eabi/10.3.1/../../../../arm-none-eabi/lib/thumb/v7-m/nofp\libc_nano.a(lib_a-tzlock.o)
                0x000000000800cbd0                __tz_lock
 .text.__tz_unlock
                0x000000000800cbdc        0xc d:/stm32_learning_document/en.st-stm32cubeide_1.10.1_12716_20220707_0928_x86_64.exe/stm32cubeide_1.10.1/stm32cubeide/plugins/com.st.stm32cube.ide.mcu.externaltools.gnu-tools-for-stm32.10.3-2021.10.win32_1.0.0.202111181127/tools/bin/../lib/gcc/arm-none-eabi/10.3.1/../../../../arm-none-eabi/lib/thumb/v7-m/nofp\libc_nano.a(lib_a-tzlock.o)
                0x000000000800cbdc                __tz_unlock
 .text._tzset_unlocked
                0x000000000800cbe8        0xc d:/stm32_learning_document/en.st-stm32cubeide_1.10.1_12716_20220707_0928_x86_64.exe/stm32cubeide_1.10.1/stm32cubeide/plugins/com.st.stm32cube.ide.mcu.externaltools.gnu-tools-for-stm32.10.3-2021.10.win32_1.0.0.202111181127/tools/bin/../lib/gcc/arm-none-eabi/10.3.1/../../../../arm-none-eabi/lib/thumb/v7-m/nofp\libc_nano.a(lib_a-tzset.o)
                0x000000000800cbe8                _tzset_unlocked
 .text._tzset_unlocked_r
                0x000000000800cbf4      0x304 d:/stm32_learning_document/en.st-stm32cubeide_1.10.1_12716_20220707_0928_x86_64.exe/stm32cubeide_1.10.1/stm32cubeide/plugins/com.st.stm32cube.ide.mcu.externaltools.gnu-tools-for-stm32.10.3-2021.10.win32_1.0.0.202111181127/tools/bin/../lib/gcc/arm-none-eabi/10.3.1/../../../../arm-none-eabi/lib/thumb/v7-m/nofp\libc_nano.a(lib_a-tzset_r.o)
                0x000000000800cbf4                _tzset_unlocked_r
 .text.__assert_func
                0x000000000800cef8       0x3c d:/stm32_learning_document/en.st-stm32cubeide_1.10.1_12716_20220707_0928_x86_64.exe/stm32cubeide_1.10.1/stm32cubeide/plugins/com.st.stm32cube.ide.mcu.externaltools.gnu-tools-for-stm32.10.3-2021.10.win32_1.0.0.202111181127/tools/bin/../lib/gcc/arm-none-eabi/10.3.1/../../../../arm-none-eabi/lib/thumb/v7-m/nofp\libc_nano.a(lib_a-assert.o)
                0x000000000800cef8                __assert_func
 .text.div      0x000000000800cf34       0x28 d:/stm32_learning_document/en.st-stm32cubeide_1.10.1_12716_20220707_0928_x86_64.exe/stm32cubeide_1.10.1/stm32cubeide/plugins/com.st.stm32cube.ide.mcu.externaltools.gnu-tools-for-stm32.10.3-2021.10.win32_1.0.0.202111181127/tools/bin/../lib/gcc/arm-none-eabi/10.3.1/../../../../arm-none-eabi/lib/thumb/v7-m/nofp\libc_nano.a(lib_a-div.o)
                0x000000000800cf34                div
 .text.fprintf  0x000000000800cf5c       0x24 d:/stm32_learning_document/en.st-stm32cubeide_1.10.1_12716_20220707_0928_x86_64.exe/stm32cubeide_1.10.1/stm32cubeide/plugins/com.st.stm32cube.ide.mcu.externaltools.gnu-tools-for-stm32.10.3-2021.10.win32_1.0.0.202111181127/tools/bin/../lib/gcc/arm-none-eabi/10.3.1/../../../../arm-none-eabi/lib/thumb/v7-m/nofp\libc_nano.a(lib_a-fprintf.o)
                0x000000000800cf5c                fiprintf
                0x000000000800cf5c                fprintf
 .text._findenv_r
                0x000000000800cf80       0x78 d:/stm32_learning_document/en.st-stm32cubeide_1.10.1_12716_20220707_0928_x86_64.exe/stm32cubeide_1.10.1/stm32cubeide/plugins/com.st.stm32cube.ide.mcu.externaltools.gnu-tools-for-stm32.10.3-2021.10.win32_1.0.0.202111181127/tools/bin/../lib/gcc/arm-none-eabi/10.3.1/../../../../arm-none-eabi/lib/thumb/v7-m/nofp\libc_nano.a(lib_a-getenv_r.o)
                0x000000000800cf80                _findenv_r
 .text._getenv_r
                0x000000000800cff8        0xe d:/stm32_learning_document/en.st-stm32cubeide_1.10.1_12716_20220707_0928_x86_64.exe/stm32cubeide_1.10.1/stm32cubeide/plugins/com.st.stm32cube.ide.mcu.externaltools.gnu-tools-for-stm32.10.3-2021.10.win32_1.0.0.202111181127/tools/bin/../lib/gcc/arm-none-eabi/10.3.1/../../../../arm-none-eabi/lib/thumb/v7-m/nofp\libc_nano.a(lib_a-getenv_r.o)
                0x000000000800cff8                _getenv_r
 *fill*         0x000000000800d006        0x2 
 .text.__gettzinfo
                0x000000000800d008        0x8 d:/stm32_learning_document/en.st-stm32cubeide_1.10.1_12716_20220707_0928_x86_64.exe/stm32cubeide_1.10.1/stm32cubeide/plugins/com.st.stm32cube.ide.mcu.externaltools.gnu-tools-for-stm32.10.3-2021.10.win32_1.0.0.202111181127/tools/bin/../lib/gcc/arm-none-eabi/10.3.1/../../../../arm-none-eabi/lib/thumb/v7-m/nofp\libc_nano.a(lib_a-gettzinfo.o)
                0x000000000800d008                __gettzinfo
 .text.gmtime_r
                0x000000000800d010      0x15c d:/stm32_learning_document/en.st-stm32cubeide_1.10.1_12716_20220707_0928_x86_64.exe/stm32cubeide_1.10.1/stm32cubeide/plugins/com.st.stm32cube.ide.mcu.externaltools.gnu-tools-for-stm32.10.3-2021.10.win32_1.0.0.202111181127/tools/bin/../lib/gcc/arm-none-eabi/10.3.1/../../../../arm-none-eabi/lib/thumb/v7-m/nofp\libc_nano.a(lib_a-gmtime_r.o)
                0x000000000800d010                gmtime_r
 .text.__retarget_lock_init_recursive
                0x000000000800d16c        0x2 d:/stm32_learning_document/en.st-stm32cubeide_1.10.1_12716_20220707_0928_x86_64.exe/stm32cubeide_1.10.1/stm32cubeide/plugins/com.st.stm32cube.ide.mcu.externaltools.gnu-tools-for-stm32.10.3-2021.10.win32_1.0.0.202111181127/tools/bin/../lib/gcc/arm-none-eabi/10.3.1/../../../../arm-none-eabi/lib/thumb/v7-m/nofp\libc_nano.a(lib_a-lock.o)
                0x000000000800d16c                __retarget_lock_init_recursive
 .text.__retarget_lock_acquire
                0x000000000800d16e        0x2 d:/stm32_learning_document/en.st-stm32cubeide_1.10.1_12716_20220707_0928_x86_64.exe/stm32cubeide_1.10.1/stm32cubeide/plugins/com.st.stm32cube.ide.mcu.externaltools.gnu-tools-for-stm32.10.3-2021.10.win32_1.0.0.202111181127/tools/bin/../lib/gcc/arm-none-eabi/10.3.1/../../../../arm-none-eabi/lib/thumb/v7-m/nofp\libc_nano.a(lib_a-lock.o)
                0x000000000800d16e                __retarget_lock_acquire
 .text.__retarget_lock_acquire_recursive
                0x000000000800d170        0x2 d:/stm32_learning_document/en.st-stm32cubeide_1.10.1_12716_20220707_0928_x86_64.exe/stm32cubeide_1.10.1/stm32cubeide/plugins/com.st.stm32cube.ide.mcu.externaltools.gnu-tools-for-stm32.10.3-2021.10.win32_1.0.0.202111181127/tools/bin/../lib/gcc/arm-none-eabi/10.3.1/../../../../arm-none-eabi/lib/thumb/v7-m/nofp\libc_nano.a(lib_a-lock.o)
                0x000000000800d170                __retarget_lock_acquire_recursive
 .text.__retarget_lock_release
                0x000000000800d172        0x2 d:/stm32_learning_document/en.st-stm32cubeide_1.10.1_12716_20220707_0928_x86_64.exe/stm32cubeide_1.10.1/stm32cubeide/plugins/com.st.stm32cube.ide.mcu.externaltools.gnu-tools-for-stm32.10.3-2021.10.win32_1.0.0.202111181127/tools/bin/../lib/gcc/arm-none-eabi/10.3.1/../../../../arm-none-eabi/lib/thumb/v7-m/nofp\libc_nano.a(lib_a-lock.o)
                0x000000000800d172                __retarget_lock_release
 .text.__retarget_lock_release_recursive
                0x000000000800d174        0x2 d:/stm32_learning_document/en.st-stm32cubeide_1.10.1_12716_20220707_0928_x86_64.exe/stm32cubeide_1.10.1/stm32cubeide/plugins/com.st.stm32cube.ide.mcu.externaltools.gnu-tools-for-stm32.10.3-2021.10.win32_1.0.0.202111181127/tools/bin/../lib/gcc/arm-none-eabi/10.3.1/../../../../arm-none-eabi/lib/thumb/v7-m/nofp\libc_nano.a(lib_a-lock.o)
                0x000000000800d174                __retarget_lock_release_recursive
 *fill*         0x000000000800d176        0x2 
 .text.__malloc_lock
                0x000000000800d178        0xc d:/stm32_learning_document/en.st-stm32cubeide_1.10.1_12716_20220707_0928_x86_64.exe/stm32cubeide_1.10.1/stm32cubeide/plugins/com.st.stm32cube.ide.mcu.externaltools.gnu-tools-for-stm32.10.3-2021.10.win32_1.0.0.202111181127/tools/bin/../lib/gcc/arm-none-eabi/10.3.1/../../../../arm-none-eabi/lib/thumb/v7-m/nofp\libc_nano.a(lib_a-mlock.o)
                0x000000000800d178                __malloc_lock
 .text.__malloc_unlock
                0x000000000800d184        0xc d:/stm32_learning_document/en.st-stm32cubeide_1.10.1_12716_20220707_0928_x86_64.exe/stm32cubeide_1.10.1/stm32cubeide/plugins/com.st.stm32cube.ide.mcu.externaltools.gnu-tools-for-stm32.10.3-2021.10.win32_1.0.0.202111181127/tools/bin/../lib/gcc/arm-none-eabi/10.3.1/../../../../arm-none-eabi/lib/thumb/v7-m/nofp\libc_nano.a(lib_a-mlock.o)
                0x000000000800d184                __malloc_unlock
 .text.__ssputs_r
                0x000000000800d190       0xb6 d:/stm32_learning_document/en.st-stm32cubeide_1.10.1_12716_20220707_0928_x86_64.exe/stm32cubeide_1.10.1/stm32cubeide/plugins/com.st.stm32cube.ide.mcu.externaltools.gnu-tools-for-stm32.10.3-2021.10.win32_1.0.0.202111181127/tools/bin/../lib/gcc/arm-none-eabi/10.3.1/../../../../arm-none-eabi/lib/thumb/v7-m/nofp\libc_nano.a(lib_a-nano-svfprintf.o)
                0x000000000800d190                __ssputs_r
 *fill*         0x000000000800d246        0x2 
 .text._svfprintf_r
                0x000000000800d248      0x200 d:/stm32_learning_document/en.st-stm32cubeide_1.10.1_12716_20220707_0928_x86_64.exe/stm32cubeide_1.10.1/stm32cubeide/plugins/com.st.stm32cube.ide.mcu.externaltools.gnu-tools-for-stm32.10.3-2021.10.win32_1.0.0.202111181127/tools/bin/../lib/gcc/arm-none-eabi/10.3.1/../../../../arm-none-eabi/lib/thumb/v7-m/nofp\libc_nano.a(lib_a-nano-svfprintf.o)
                0x000000000800d248                _svfiprintf_r
                0x000000000800d248                _svfprintf_r
 .text.__sfputc_r
                0x000000000800d448       0x2a d:/stm32_learning_document/en.st-stm32cubeide_1.10.1_12716_20220707_0928_x86_64.exe/stm32cubeide_1.10.1/stm32cubeide/plugins/com.st.stm32cube.ide.mcu.externaltools.gnu-tools-for-stm32.10.3-2021.10.win32_1.0.0.202111181127/tools/bin/../lib/gcc/arm-none-eabi/10.3.1/../../../../arm-none-eabi/lib/thumb/v7-m/nofp\libc_nano.a(lib_a-nano-vfprintf.o)
 .text.__sfputs_r
                0x000000000800d472       0x24 d:/stm32_learning_document/en.st-stm32cubeide_1.10.1_12716_20220707_0928_x86_64.exe/stm32cubeide_1.10.1/stm32cubeide/plugins/com.st.stm32cube.ide.mcu.externaltools.gnu-tools-for-stm32.10.3-2021.10.win32_1.0.0.202111181127/tools/bin/../lib/gcc/arm-none-eabi/10.3.1/../../../../arm-none-eabi/lib/thumb/v7-m/nofp\libc_nano.a(lib_a-nano-vfprintf.o)
                0x000000000800d472                __sfputs_r
 *fill*         0x000000000800d496        0x2 
 .text._vfprintf_r
                0x000000000800d498      0x260 d:/stm32_learning_document/en.st-stm32cubeide_1.10.1_12716_20220707_0928_x86_64.exe/stm32cubeide_1.10.1/stm32cubeide/plugins/com.st.stm32cube.ide.mcu.externaltools.gnu-tools-for-stm32.10.3-2021.10.win32_1.0.0.202111181127/tools/bin/../lib/gcc/arm-none-eabi/10.3.1/../../../../arm-none-eabi/lib/thumb/v7-m/nofp\libc_nano.a(lib_a-nano-vfprintf.o)
                0x000000000800d498                _vfprintf_r
                0x000000000800d498                _vfiprintf_r
 .text._printf_common
                0x000000000800d6f8       0xde d:/stm32_learning_document/en.st-stm32cubeide_1.10.1_12716_20220707_0928_x86_64.exe/stm32cubeide_1.10.1/stm32cubeide/plugins/com.st.stm32cube.ide.mcu.externaltools.gnu-tools-for-stm32.10.3-2021.10.win32_1.0.0.202111181127/tools/bin/../lib/gcc/arm-none-eabi/10.3.1/../../../../arm-none-eabi/lib/thumb/v7-m/nofp\libc_nano.a(lib_a-nano-vfprintf_i.o)
                0x000000000800d6f8                _printf_common
 *fill*         0x000000000800d7d6        0x2 
 .text._printf_i
                0x000000000800d7d8      0x24c d:/stm32_learning_document/en.st-stm32cubeide_1.10.1_12716_20220707_0928_x86_64.exe/stm32cubeide_1.10.1/stm32cubeide/plugins/com.st.stm32cube.ide.mcu.externaltools.gnu-tools-for-stm32.10.3-2021.10.win32_1.0.0.202111181127/tools/bin/../lib/gcc/arm-none-eabi/10.3.1/../../../../arm-none-eabi/lib/thumb/v7-m/nofp\libc_nano.a(lib_a-nano-vfprintf_i.o)
                0x000000000800d7d8                _printf_i
 .text.sscanf   0x000000000800da24       0x54 d:/stm32_learning_document/en.st-stm32cubeide_1.10.1_12716_20220707_0928_x86_64.exe/stm32cubeide_1.10.1/stm32cubeide/plugins/com.st.stm32cube.ide.mcu.externaltools.gnu-tools-for-stm32.10.3-2021.10.win32_1.0.0.202111181127/tools/bin/../lib/gcc/arm-none-eabi/10.3.1/../../../../arm-none-eabi/lib/thumb/v7-m/nofp\libc_nano.a(lib_a-sscanf.o)
                0x000000000800da24                siscanf
                0x000000000800da24                sscanf
 .text.__sread  0x000000000800da78       0x22 d:/stm32_learning_document/en.st-stm32cubeide_1.10.1_12716_20220707_0928_x86_64.exe/stm32cubeide_1.10.1/stm32cubeide/plugins/com.st.stm32cube.ide.mcu.externaltools.gnu-tools-for-stm32.10.3-2021.10.win32_1.0.0.202111181127/tools/bin/../lib/gcc/arm-none-eabi/10.3.1/../../../../arm-none-eabi/lib/thumb/v7-m/nofp\libc_nano.a(lib_a-stdio.o)
                0x000000000800da78                __sread
 .text.__seofread
                0x000000000800da9a        0x4 d:/stm32_learning_document/en.st-stm32cubeide_1.10.1_12716_20220707_0928_x86_64.exe/stm32cubeide_1.10.1/stm32cubeide/plugins/com.st.stm32cube.ide.mcu.externaltools.gnu-tools-for-stm32.10.3-2021.10.win32_1.0.0.202111181127/tools/bin/../lib/gcc/arm-none-eabi/10.3.1/../../../../arm-none-eabi/lib/thumb/v7-m/nofp\libc_nano.a(lib_a-stdio.o)
                0x000000000800da9a                __seofread
 .text.__swrite
                0x000000000800da9e       0x38 d:/stm32_learning_document/en.st-stm32cubeide_1.10.1_12716_20220707_0928_x86_64.exe/stm32cubeide_1.10.1/stm32cubeide/plugins/com.st.stm32cube.ide.mcu.externaltools.gnu-tools-for-stm32.10.3-2021.10.win32_1.0.0.202111181127/tools/bin/../lib/gcc/arm-none-eabi/10.3.1/../../../../arm-none-eabi/lib/thumb/v7-m/nofp\libc_nano.a(lib_a-stdio.o)
                0x000000000800da9e                __swrite
 .text.__sseek  0x000000000800dad6       0x24 d:/stm32_learning_document/en.st-stm32cubeide_1.10.1_12716_20220707_0928_x86_64.exe/stm32cubeide_1.10.1/stm32cubeide/plugins/com.st.stm32cube.ide.mcu.externaltools.gnu-tools-for-stm32.10.3-2021.10.win32_1.0.0.202111181127/tools/bin/../lib/gcc/arm-none-eabi/10.3.1/../../../../arm-none-eabi/lib/thumb/v7-m/nofp\libc_nano.a(lib_a-stdio.o)
                0x000000000800dad6                __sseek
 .text.__sclose
                0x000000000800dafa        0x8 d:/stm32_learning_document/en.st-stm32cubeide_1.10.1_12716_20220707_0928_x86_64.exe/stm32cubeide_1.10.1/stm32cubeide/plugins/com.st.stm32cube.ide.mcu.externaltools.gnu-tools-for-stm32.10.3-2021.10.win32_1.0.0.202111181127/tools/bin/../lib/gcc/arm-none-eabi/10.3.1/../../../../arm-none-eabi/lib/thumb/v7-m/nofp\libc_nano.a(lib_a-stdio.o)
                0x000000000800dafa                __sclose
 .text.strcpy   0x000000000800db02       0x10 d:/stm32_learning_document/en.st-stm32cubeide_1.10.1_12716_20220707_0928_x86_64.exe/stm32cubeide_1.10.1/stm32cubeide/plugins/com.st.stm32cube.ide.mcu.externaltools.gnu-tools-for-stm32.10.3-2021.10.win32_1.0.0.202111181127/tools/bin/../lib/gcc/arm-none-eabi/10.3.1/../../../../arm-none-eabi/lib/thumb/v7-m/nofp\libc_nano.a(lib_a-strcpy.o)
                0x000000000800db02                strcpy
 .text.strncmp  0x000000000800db12       0x28 d:/stm32_learning_document/en.st-stm32cubeide_1.10.1_12716_20220707_0928_x86_64.exe/stm32cubeide_1.10.1/stm32cubeide/plugins/com.st.stm32cube.ide.mcu.externaltools.gnu-tools-for-stm32.10.3-2021.10.win32_1.0.0.202111181127/tools/bin/../lib/gcc/arm-none-eabi/10.3.1/../../../../arm-none-eabi/lib/thumb/v7-m/nofp\libc_nano.a(lib_a-strncmp.o)
                0x000000000800db12                strncmp
 *fill*         0x000000000800db3a        0x2 
 .text._strtoul_l.constprop.0
                0x000000000800db3c       0xe4 d:/stm32_learning_document/en.st-stm32cubeide_1.10.1_12716_20220707_0928_x86_64.exe/stm32cubeide_1.10.1/stm32cubeide/plugins/com.st.stm32cube.ide.mcu.externaltools.gnu-tools-for-stm32.10.3-2021.10.win32_1.0.0.202111181127/tools/bin/../lib/gcc/arm-none-eabi/10.3.1/../../../../arm-none-eabi/lib/thumb/v7-m/nofp\libc_nano.a(lib_a-strtoul.o)
 .text._strtoul_r
                0x000000000800dc20        0x4 d:/stm32_learning_document/en.st-stm32cubeide_1.10.1_12716_20220707_0928_x86_64.exe/stm32cubeide_1.10.1/stm32cubeide/plugins/com.st.stm32cube.ide.mcu.externaltools.gnu-tools-for-stm32.10.3-2021.10.win32_1.0.0.202111181127/tools/bin/../lib/gcc/arm-none-eabi/10.3.1/../../../../arm-none-eabi/lib/thumb/v7-m/nofp\libc_nano.a(lib_a-strtoul.o)
                0x000000000800dc20                _strtoul_r
 .text.strtoul  0x000000000800dc24       0x14 d:/stm32_learning_document/en.st-stm32cubeide_1.10.1_12716_20220707_0928_x86_64.exe/stm32cubeide_1.10.1/stm32cubeide/plugins/com.st.stm32cube.ide.mcu.externaltools.gnu-tools-for-stm32.10.3-2021.10.win32_1.0.0.202111181127/tools/bin/../lib/gcc/arm-none-eabi/10.3.1/../../../../arm-none-eabi/lib/thumb/v7-m/nofp\libc_nano.a(lib_a-strtoul.o)
                0x000000000800dc24                strtoul
 .text.__swbuf_r