Archive member included to satisfy reference by file (symbol)

d:/stm32_learning_document/en.st-stm32cubeide_1.10.1_12716_20220707_0928_x86_64.exe/stm32cubeide_1.10.1/stm32cubeide/plugins/com.st.stm32cube.ide.mcu.externaltools.gnu-tools-for-stm32.10.3-2021.10.win32_1.0.0.202111181127/tools/bin/../lib/gcc/arm-none-eabi/10.3.1/../../../../arm-none-eabi/lib/thumb/v7-m/nofp\libc_nano.a(lib_a-atoi.o)
                              ./Core/Src/Protocol/MQTT.o (atoi)
d:/stm32_learning_document/en.st-stm32cubeide_1.10.1_12716_20220707_0928_x86_64.exe/stm32cubeide_1.10.1/stm32cubeide/plugins/com.st.stm32cube.ide.mcu.externaltools.gnu-tools-for-stm32.10.3-2021.10.win32_1.0.0.202111181127/tools/bin/../lib/gcc/arm-none-eabi/10.3.1/../../../../arm-none-eabi/lib/thumb/v7-m/nofp\libc_nano.a(lib_a-errno.o)
                              ./Core/Src/syscalls.o (__errno)
d:/stm32_learning_document/en.st-stm32cubeide_1.10.1_12716_20220707_0928_x86_64.exe/stm32cubeide_1.10.1/stm32cubeide/plugins/com.st.stm32cube.ide.mcu.externaltools.gnu-tools-for-stm32.10.3-2021.10.win32_1.0.0.202111181127/tools/bin/../lib/gcc/arm-none-eabi/10.3.1/../../../../arm-none-eabi/lib/thumb/v7-m/nofp\libc_nano.a(lib_a-exit.o)
                              d:/stm32_learning_document/en.st-stm32cubeide_1.10.1_12716_20220707_0928_x86_64.exe/stm32cubeide_1.10.1/stm32cubeide/plugins/com.st.stm32cube.ide.mcu.externaltools.gnu-tools-for-stm32.10.3-2021.10.win32_1.0.0.202111181127/tools/bin/../lib/gcc/arm-none-eabi/10.3.1/../../../../arm-none-eabi/lib/thumb/v7-m/nofp/crt0.o (exit)
d:/stm32_learning_document/en.st-stm32cubeide_1.10.1_12716_20220707_0928_x86_64.exe/stm32cubeide_1.10.1/stm32cubeide/plugins/com.st.stm32cube.ide.mcu.externaltools.gnu-tools-for-stm32.10.3-2021.10.win32_1.0.0.202111181127/tools/bin/../lib/gcc/arm-none-eabi/10.3.1/../../../../arm-none-eabi/lib/thumb/v7-m/nofp\libc_nano.a(lib_a-impure.o)
                              d:/stm32_learning_document/en.st-stm32cubeide_1.10.1_12716_20220707_0928_x86_64.exe/stm32cubeide_1.10.1/stm32cubeide/plugins/com.st.stm32cube.ide.mcu.externaltools.gnu-tools-for-stm32.10.3-2021.10.win32_1.0.0.202111181127/tools/bin/../lib/gcc/arm-none-eabi/10.3.1/../../../../arm-none-eabi/lib/thumb/v7-m/nofp\libc_nano.a(lib_a-exit.o) (_global_impure_ptr)
d:/stm32_learning_document/en.st-stm32cubeide_1.10.1_12716_20220707_0928_x86_64.exe/stm32cubeide_1.10.1/stm32cubeide/plugins/com.st.stm32cube.ide.mcu.externaltools.gnu-tools-for-stm32.10.3-2021.10.win32_1.0.0.202111181127/tools/bin/../lib/gcc/arm-none-eabi/10.3.1/../../../../arm-none-eabi/lib/thumb/v7-m/nofp\libc_nano.a(lib_a-init.o)
                              d:/stm32_learning_document/en.st-stm32cubeide_1.10.1_12716_20220707_0928_x86_64.exe/stm32cubeide_1.10.1/stm32cubeide/plugins/com.st.stm32cube.ide.mcu.externaltools.gnu-tools-for-stm32.10.3-2021.10.win32_1.0.0.202111181127/tools/bin/../lib/gcc/arm-none-eabi/10.3.1/../../../../arm-none-eabi/lib/thumb/v7-m/nofp/crt0.o (__libc_init_array)
d:/stm32_learning_document/en.st-stm32cubeide_1.10.1_12716_20220707_0928_x86_64.exe/stm32cubeide_1.10.1/stm32cubeide/plugins/com.st.stm32cube.ide.mcu.externaltools.gnu-tools-for-stm32.10.3-2021.10.win32_1.0.0.202111181127/tools/bin/../lib/gcc/arm-none-eabi/10.3.1/../../../../arm-none-eabi/lib/thumb/v7-m/nofp\libc_nano.a(lib_a-malloc.o)
                              ./Core/Src/Communication/Serial_CFG.o (malloc)
d:/stm32_learning_document/en.st-stm32cubeide_1.10.1_12716_20220707_0928_x86_64.exe/stm32cubeide_1.10.1/stm32cubeide/plugins/com.st.stm32cube.ide.mcu.externaltools.gnu-tools-for-stm32.10.3-2021.10.win32_1.0.0.202111181127/tools/bin/../lib/gcc/arm-none-eabi/10.3.1/../../../../arm-none-eabi/lib/thumb/v7-m/nofp\libc_nano.a(lib_a-memcmp.o)
                              ./Core/Src/Communication/Serial_CFG.o (memcmp)
d:/stm32_learning_document/en.st-stm32cubeide_1.10.1_12716_20220707_0928_x86_64.exe/stm32cubeide_1.10.1/stm32cubeide/plugins/com.st.stm32cube.ide.mcu.externaltools.gnu-tools-for-stm32.10.3-2021.10.win32_1.0.0.202111181127/tools/bin/../lib/gcc/arm-none-eabi/10.3.1/../../../../arm-none-eabi/lib/thumb/v7-m/nofp\libc_nano.a(lib_a-memcpy-stub.o)
                              ./Core/Src/Communication/Serial_CFG.o (memcpy)
d:/stm32_learning_document/en.st-stm32cubeide_1.10.1_12716_20220707_0928_x86_64.exe/stm32cubeide_1.10.1/stm32cubeide/plugins/com.st.stm32cube.ide.mcu.externaltools.gnu-tools-for-stm32.10.3-2021.10.win32_1.0.0.202111181127/tools/bin/../lib/gcc/arm-none-eabi/10.3.1/../../../../arm-none-eabi/lib/thumb/v7-m/nofp\libc_nano.a(lib_a-memset.o)
                              d:/stm32_learning_document/en.st-stm32cubeide_1.10.1_12716_20220707_0928_x86_64.exe/stm32cubeide_1.10.1/stm32cubeide/plugins/com.st.stm32cube.ide.mcu.externaltools.gnu-tools-for-stm32.10.3-2021.10.win32_1.0.0.202111181127/tools/bin/../lib/gcc/arm-none-eabi/10.3.1/../../../../arm-none-eabi/lib/thumb/v7-m/nofp/crt0.o (memset)
[...]
Memory Configuration

Name             Origin             Length             Attributes
RAM              0x0000000020000000 0x0000000000005000 xrw
FLASH            0x0000000008000000 0x0000000000010000 xr
*default*        0x0000000000000000 0xffffffffffffffff

Linker script and memory map

LOAD d:/stm32_learning_document/en.st-stm32cubeide_1.10.1_12716_20220707_0928_x86_64.exe/stm32cubeide_1.10.1/stm32cubeide/plugins/com.st.stm32cube.ide.mcu.externaltools.gnu-tools-for-stm32.10.3-2021.10.win32_1.0.0.202111181127/tools/bin/../lib/gcc/arm-none-eabi/10.3.1/thumb/v7-m/nofp/crti.o
LOAD d:/stm32_learning_document/en.st-stm32cubeide_1.10.1_12716_20220707_0928_x86_64.exe/stm32cubeide_1.10.1/stm32cubeide/plugins/com.st.stm32cube.ide.mcu.externaltools.gnu-tools-for-stm32.10.3-2021.10.win32_1.0.0.202111181127/tools/bin/../lib/gcc/arm-none-eabi/10.3.1/thumb/v7-m/nofp/crtbegin.o
LOAD d:/stm32_learning_document/en.st-stm32cubeide_1.10.1_12716_20220707_0928_x86_64.exe/stm32cubeide_1.10.1/stm32cubeide/plugins/com.st.stm32cube.ide.mcu.externaltools.gnu-tools-for-stm32.10.3-2021.10.win32_1.0.0.202111181127/tools/bin/../lib/gcc/arm-none-eabi/10.3.1/../../../../arm-none-eabi/lib/thumb/v7-m/nofp/crt0.o
LOAD ./Core/Src/Application/App_MQTT.o
LOAD ./Core/Src/Communication/Serial_CFG.o
LOAD ./Core/Src/Communication/Serial_log.o
LOAD ./Core/Src/Communication/ServerMessage.o
LOAD ./Core/Src/Communication/stationCMD.o
LOAD ./Core/Src/Device/SIM.o
LOAD ./Core/Src/Device/ds3231.o
LOAD ./Core/Src/Protocol/MQTT.o
LOAD ./Core/Src/adc.o
LOAD ./Core/Src/crc32.o
LOAD ./Core/Src/dma.o
LOAD ./Core/Src/gpio.o
LOAD ./Core/Src/i2c.o
LOAD ./Core/Src/linkedlist.o
LOAD ./Core/Src/main.o
LOAD ./Core/Src/stm32f1xx_hal_msp.o
LOAD ./Core/Src/stm32f1xx_it.o
LOAD ./Core/Src/syscalls.o
LOAD ./Core/Src/sysmem.o
LOAD ./Core/Src/system_stm32f1xx.o
LOAD ./Core/Src/usart.o
LOAD ./Core/Startup/startup_stm32f103c8tx.o
LOAD ./Drivers/STM32F1xx_HAL_Driver/Src/stm32f1xx_hal.o
LOAD ./Drivers/STM32F1xx_HAL_Driver/Src/stm32f1xx_hal_adc.o
LOAD ./Drivers/STM32F1xx_HAL_Driver/Src/stm32f1xx_hal_adc_ex.o
LOAD ./Drivers/STM32F1xx_HAL_Driver/Src/stm32f1xx_hal_cortex.o
LOAD ./Drivers/STM32F1xx_HAL_Driver/Src/stm32f1xx_hal_dma.o
LOAD ./Drivers/STM32F1xx_HAL_Driver/Src/stm32f1xx_hal_exti.o
LOAD ./Drivers/STM32F1xx_HAL_Driver/Src/stm32f1xx_hal_flash.o
LOAD ./Drivers/STM32F1xx_HAL_Driver/Src/stm32f1xx_hal_flash_ex.o
LOAD ./Drivers/STM32F1xx_HAL_Driver/Src/stm32f1xx_hal_gpio.o
LOAD ./Drivers/STM32F1xx_HAL_Driver/Src/stm32f1xx_hal_gpio_ex.o
LOAD ./Drivers/STM32F1xx_HAL_Driver/Src/stm32f1xx_hal_i2c.o
LOAD ./Drivers/STM32F1xx_HAL_Driver/Src/stm32f1xx_hal_pwr.o
LOAD ./Drivers/STM32F1xx_HAL_Driver/Src/stm32f1xx_hal_rcc.o
LOAD ./Drivers/STM32F1xx_HAL_Driver/Src/stm32f1xx_hal_rcc_ex.o
LOAD ./Drivers/STM32F1xx_HAL_Driver/Src/stm32f1xx_hal_tim.o
LOAD ./Drivers/STM32F1xx_HAL_Driver/Src/stm32f1xx_hal_tim_ex.o
LOAD ./Drivers/STM32F1xx_HAL_Driver/Src/stm32f1xx_hal_uart.o
START GROUP
LOAD d:/stm32_learning_document/en.st-stm32cubeide_1.10.1_12716_20220707_0928_x86_64.exe/stm32cubeide_1.10.1/stm32cubeide/plugins/com.st.stm32cube.ide.mcu.externaltools.gnu-tools-for-stm32.10.3-2021.10.win32_1.0.0.202111181127/tools/bin/../lib/gcc/arm-none-eabi/10.3.1/../../../../arm-none-eabi/lib/thumb/v7-m/nofp\libc_nano.a
LOAD d:/stm32_learning_document/en.st-stm32cubeide_1.10.1_12716_20220707_0928_x86_64.exe/stm32cubeide_1.10.1/stm32cubeide/plugins/com.st.stm32cube.ide.mcu.externaltools.gnu-tools-for-stm32.10.3-2021.10.win32_1.0.0.202111181127/tools/bin/../lib/gcc/arm-none-eabi/10.3.1/../../../../arm-none-eabi/lib/thumb/v7-m/nofp\libm.a
END GROUP
START GROUP
LOAD d:/stm32_learning_document/en.st-stm32cubeide_1.10.1_12716_20220707_0928_x86_64.exe/stm32cubeide_1.10.1/stm32cubeide/plugins/com.st.stm32cube.ide.mcu.externaltools.gnu-tools-for-stm32.10.3-2021.10.win32_1.0.0.202111181127/tools/bin/../lib/gcc/arm-none-eabi/10.3.1/thumb/v7-m/nofp\libgcc.a
LOAD d:/stm32_learning_document/en.st-stm32cubeide_1.10.1_12716_20220707_0928_x86_64.exe/stm32cubeide_1.10.1/stm32cubeide/plugins/com.st.stm32cube.ide.mcu.externaltools.gnu-tools-for-stm32.10.3-2021.10.win32_1.0.0.202111181127/tools/bin/../lib/gcc/arm-none-eabi/10.3.1/../../../../arm-none-eabi/lib/thumb/v7-m/nofp\libc_nano.a
END GROUP
START GROUP
LOAD d:/stm32_learning_document/en.st-stm32cubeide_1.10.1_12716_20220707_0928_x86_64.exe/stm32cubeide_1.10.1/stm32cubeide/plugins/com.st.stm32cube.ide.mcu.externaltools.gnu-tools-for-stm32.10.3-2021.10.win32_1.0.0.202111181127/tools/bin/../lib/gcc/arm-none-eabi/10.3.1/thumb/v7-m/nofp\libgcc.a
LOAD d:/stm32_learning_document/en.st-stm32cubeide_1.10.1_12716_20220707_0928_x86_64.exe/stm32cubeide_1.10.1/stm32cubeide/plugins/com.st.stm32cube.ide.mcu.externaltools.gnu-tools-for-stm32.10.3-2021.10.win32_1.0.0.202111181127/tools/bin/../lib/gcc/arm-none-eabi/10.3.1/../../../../arm-none-eabi/lib/thumb/v7-m/nofp\libc_nano.a
LOAD d:/stm32_learning_document/en.st-stm32cubeide_1.10.1_12716_20220707_0928_x86_64.exe/stm32cubeide_1.10.1/stm32cubeide/plugins/com.st.stm32cube.ide.mcu.externaltools.gnu-tools-for-stm32.10.3-2021.10.win32_1.0.0.202111181127/tools/bin/../lib/gcc/arm-none-eabi/10.3.1/../../../../arm-none-eabi/lib/thumb/v7-m/nofp\libnosys.a
END GROUP
START GROUP
LOAD d:/stm32_learning_document/en.st-stm32cubeide_1.10.1_12716_20220707_0928_x86_64.exe/stm32cubeide_1.10.1/stm32cubeide/plugins/com.st.stm32cube.ide.mcu.externaltools.gnu-tools-for-stm32.10.3-2021.10.win32_1.0.0.202111181127/tools/bin/../lib/gcc/arm-none-eabi/10.3.1/thumb/v7-m/nofp\libgcc.a
LOAD d:/stm32_learning_document/en.st-stm32cubeide_1.10.1_12716_20220707_0928_x86_64.exe/stm32cubeide_1.10.1/stm32cubeide/plugins/com.st.stm32cube.ide.mcu.externaltools.gnu-tools-for-stm32.10.3-2021.10.win32_1.0.0.202111181127/tools/bin/../lib/gcc/arm-none-eabi/10.3.1/../../../../arm-none-eabi/lib/thumb/v7-m/nofp\libc_nano.a
LOAD d:/stm32_learning_document/en.st-stm32cubeide_1.10.1_12716_20220707_0928_x86_64.exe/stm32cubeide_1.10.1/stm32cubeide/plugins/com.st.stm32cube.ide.mcu.externaltools.gnu-tools-for-stm32.10.3-2021.10.win32_1.0.0.202111181127/tools/bin/../lib/gcc/arm-none-eabi/10.3.1/../../../../arm-none-eabi/lib/thumb/v7-m/nofp\libnosys.a
END GROUP
LOAD d:/stm32_learning_document/en.st-stm32cubeide_1.10.1_12716_20220707_0928_x86_64.exe/stm32cubeide_1.10.1/stm32cubeide/plugins/com.st.stm32cube.ide.mcu.externaltools.gnu-tools-for-stm32.10.3-2021.10.win32_1.0.0.202111181127/tools/bin/../lib/gcc/arm-none-eabi/10.3.1/thumb/v7-m/nofp/crtend.o
LOAD d:/stm32_learning_document/en.st-stm32cubeide_1.10.1_12716_20220707_0928_x86_64.exe/stm32cubeide_1.10.1/stm32cubeide/plugins/com.st.stm32cube.ide.mcu.externaltools.gnu-tools-for-stm32.10.3-2021.10.win32_1.0.0.202111181127/tools/bin/../lib/gcc/arm-none-eabi/10.3.1/thumb/v7-m/nofp/crtn.o
                0x0000000020005000                _estack = (ORIGIN (RAM) + LENGTH (RAM))
                0x0000000000000200                _Min_Heap_Size = 0x200
                0x0000000000000400                _Min_Stack_Size = 0x400

.isr_vector     0x0000000008000000      0x10c
                0x0000000008000000                . = ALIGN (0x4)
 *(.isr_vector)
 .isr_vector    0x0000000008000000      0x10c ./Core/Startup/startup_stm32f103c8tx.o
                0x0000000008000000                g_pfnVectors
                0x000000000800010c                . = ALIGN (0x4)

.text           0x000000000800010c     0x4db4
                0x000000000800010c                . = ALIGN (0x4)
 *(.text)
 .text          0x000000000800010c       0x40 d:/stm32_learning_document/en.st-stm32cubeide_1.10.1_12716_20220707_0928_x86_64.exe/stm32cubeide_1.10.1/stm32cubeide/plugins/com.st.stm32cube.ide.mcu.externaltools.gnu-tools-for-stm32.10.3-2021.10.win32_1.0.0.202111181127/tools/bin/../lib/gcc/arm-none-eabi/10.3.1/thumb/v7-m/nofp/crtbegin.o
 .text          0x000000000800014c       0x10 d:/stm32_learning_document/en.st-stm32cubeide_1.10.1_12716_20220707_0928_x86_64.exe/stm32cubeide_1.10.1/stm32cubeide/plugins/com.st.stm32cube.ide.mcu.externaltools.gnu-tools-for-stm32.10.3-2021.10.win32_1.0.0.202111181127/tools/bin/../lib/gcc/arm-none-eabi/10.3.1/../../../../arm-none-eabi/lib/thumb/v7-m/nofp\libc_nano.a(lib_a-strlen.o)
                0x000000000800014c                strlen
 *(.text*)
 .text.initApp_MQTT
                0x000000000800015c       0x30 ./Core/Src/Application/App_MQTT.o
                0x000000000800015c                initApp_MQTT
 .text.enableReceiveDMAtoIdle_CFG
                0x000000000800018c       0x38 ./Core/Src/Communication/Serial_CFG.o
                0x000000000800018c                enableReceiveDMAtoIdle_CFG
 .text.Serial_CFG_Callback
                0x00000000080001c4       0xe0 ./Core/Src/Communication/Serial_CFG.o
                0x00000000080001c4                Serial_CFG_Callback
 .text.init_Serial_log
                0x00000000080002a4       0x1c ./Core/Src/Communication/Serial_log.o
                0x00000000080002a4                init_Serial_log
 .text.Serial_log_string
                0x00000000080002c0       0x30 ./Core/Src/Communication/Serial_log.o
                0x00000000080002c0                Serial_log_string
 .text.Serial_log_buffer
                0x00000000080002f0       0x28 ./Core/Src/Communication/Serial_log.o
                0x00000000080002f0                Serial_log_buffer
 .text.initSIM  0x0000000008000318       0x38 ./Core/Src/Device/SIM.o
                0x0000000008000318                initSIM
 .text.enableReceiveDMAtoIdle_SIM
                0x0000000008000350       0x38 ./Core/Src/Device/SIM.o
                0x0000000008000350                enableReceiveDMAtoIdle_SIM
 .text.isWordinBuff
                0x0000000008000388       0x58 ./Core/Src/Device/SIM.o
                0x0000000008000388                isWordinBuff
 .text.cpyBuff2Buff
                0x00000000080003e0       0x88 ./Core/Src/Device/SIM.o
                0x00000000080003e0                cpyBuff2Buff
 .text.SIM_callback
                0x0000000008000468      0x1b0 ./Core/Src/Device/SIM.o
                0x0000000008000468                SIM_callback
 .text.SIM_sendCMD
                0x0000000008000618       0x70 ./Core/Src/Device/SIM.o
                0x0000000008000618                SIM_sendCMD
 .text.SIM_checkMsg
                0x0000000008000688      0x17c ./Core/Src/Device/SIM.o
                0x0000000008000688                SIM_checkMsg
 .text.MarkAsReadData_SIM
                0x0000000008000804       0x1c ./Core/Src/Device/SIM.o
                0x0000000008000804                MarkAsReadData_SIM
 .text.DS3231_Init
                0x0000000008000820       0x1c ./Core/Src/Device/ds3231.o
                0x0000000008000820                DS3231_Init
 .text.getRemainsize
                0x000000000800083c       0x26 ./Core/Src/Protocol/MQTT.o
                0x000000000800083c                getRemainsize
 .text.getBetween
                0x0000000008000862       0xaa ./Core/Src/Protocol/MQTT.o
                0x0000000008000862                getBetween
 .text.getContent
                0x000000000800090c      0x110 ./Core/Src/Protocol/MQTT.o
                0x000000000800090c                getContent
 .text.MQTT_receiveGetTopicandPayloadLength
                0x0000000008000a1c       0xcc ./Core/Src/Protocol/MQTT.o
                0x0000000008000a1c                MQTT_receiveGetTopicandPayloadLength
 .text.MQTT_receiveGetTopic
                0x0000000008000ae8       0x38 ./Core/Src/Protocol/MQTT.o
                0x0000000008000ae8                MQTT_receiveGetTopic
 .text.MQTT_receiveGetPayload
                0x0000000008000b20       0x38 ./Core/Src/Protocol/MQTT.o
                0x0000000008000b20                MQTT_receiveGetPayload
 .text.MQTT_receive
                0x0000000008000b58       0x84 ./Core/Src/Protocol/MQTT.o
                0x0000000008000b58                MQTT_receive
 .text.init_MQTT
                0x0000000008000bdc       0x1c ./Core/Src/Protocol/MQTT.o
                0x0000000008000bdc                init_MQTT
 .text.MX_ADC1_Init
                0x0000000008000bf8       0x7c ./Core/Src/adc.o
                0x0000000008000bf8                MX_ADC1_Init
 .text.HAL_ADC_MspInit
                0x0000000008000c74       0x78 ./Core/Src/adc.o
                0x0000000008000c74                HAL_ADC_MspInit
 .text.MX_DMA_Init
                0x0000000008000cec       0x5c ./Core/Src/dma.o
                0x0000000008000cec                MX_DMA_Init
 .text.MX_GPIO_Init
                0x0000000008000d48       0xb0 ./Core/Src/gpio.o
                0x0000000008000d48                MX_GPIO_Init
 .text.MX_I2C1_Init
                0x0000000008000df8       0x5c ./Core/Src/i2c.o
                0x0000000008000df8                MX_I2C1_Init
 .text.HAL_I2C_MspInit
                0x0000000008000e54       0xa0 ./Core/Src/i2c.o
                0x0000000008000e54                HAL_I2C_MspInit
 .text.create_node
                0x0000000008000ef4       0x30 ./Core/Src/linkedlist.o
                0x0000000008000ef4                create_node
 .text.list_create
                0x0000000008000f24       0x50 ./Core/Src/linkedlist.o
                0x0000000008000f24                list_create
 .text.list_append
                0x0000000008000f74       0x4c ./Core/Src/linkedlist.o
                0x0000000008000f74                list_append
 .text.HAL_UARTEx_RxEventCallback
                0x0000000008000fc0       0x54 ./Core/Src/main.o
                0x0000000008000fc0                HAL_UARTEx_RxEventCallback
 .text.main     0x0000000008001014      0x130 ./Core/Src/main.o
                0x0000000008001014                main
 .text.SystemClock_Config
                0x0000000008001144       0xb6 ./Core/Src/main.o
                0x0000000008001144                SystemClock_Config
 .text.Error_Handler
                0x00000000080011fa        0xa ./Core/Src/main.o
                0x00000000080011fa                Error_Handler
 .text.HAL_MspInit
                0x0000000008001204       0x64 ./Core/Src/stm32f1xx_hal_msp.o
                0x0000000008001204                HAL_MspInit
 .text.NMI_Handler
                0x0000000008001268        0x6 ./Core/Src/stm32f1xx_it.o
                0x0000000008001268                NMI_Handler
 .text.HardFault_Handler
                0x000000000800126e        0x6 ./Core/Src/stm32f1xx_it.o
                0x000000000800126e                HardFault_Handler
 .text.MemManage_Handler
                0x0000000008001274        0x6 ./Core/Src/stm32f1xx_it.o
                0x0000000008001274                MemManage_Handler
 .text.BusFault_Handler
                0x000000000800127a        0x6 ./Core/Src/stm32f1xx_it.o
                0x000000000800127a                BusFault_Handler
 .text.UsageFault_Handler
                0x0000000008001280        0x6 ./Core/Src/stm32f1xx_it.o
                0x0000000008001280                UsageFault_Handler
 .text.SVC_Handler
                0x0000000008001286        0xc ./Core/Src/stm32f1xx_it.o
                0x0000000008001286                SVC_Handler
 .text.DebugMon_Handler
                0x0000000008001292        0xc ./Core/Src/stm32f1xx_it.o
                0x0000000008001292                DebugMon_Handler
 .text.PendSV_Handler
                0x000000000800129e        0xc ./Core/Src/stm32f1xx_it.o
                0x000000000800129e                PendSV_Handler
 .text.SysTick_Handler
                0x00000000080012aa        0xc ./Core/Src/stm32f1xx_it.o
                0x00000000080012aa                SysTick_Handler
 *fill*         0x00000000080012b6        0x2 
 .text.DMA1_Channel3_IRQHandler
                0x00000000080012b8       0x14 ./Core/Src/stm32f1xx_it.o
                0x00000000080012b8                DMA1_Channel3_IRQHandler
 .text.DMA1_Channel5_IRQHandler
                0x00000000080012cc       0x14 ./Core/Src/stm32f1xx_it.o
                0x00000000080012cc                DMA1_Channel5_IRQHandler
 .text.DMA1_Channel6_IRQHandler
                0x00000000080012e0       0x14 ./Core/Src/stm32f1xx_it.o
                0x00000000080012e0                DMA1_Channel6_IRQHandler
 .text.USART1_IRQHandler
                0x00000000080012f4       0x14 ./Core/Src/stm32f1xx_it.o
                0x00000000080012f4                USART1_IRQHandler
 .text.USART2_IRQHandler
                0x0000000008001308       0x14 ./Core/Src/stm32f1xx_it.o
                0x0000000008001308                USART2_IRQHandler
 .text.USART3_IRQHandler
                0x000000000800131c       0x14 ./Core/Src/stm32f1xx_it.o
                0x000000000800131c                USART3_IRQHandler
 .text._sbrk    0x0000000008001330       0x6c ./Core/Src/sysmem.o
                0x0000000008001330                _sbrk
 .text.SystemInit
                0x000000000800139c        0xc ./Core/Src/system_stm32f1xx.o
                0x000000000800139c                SystemInit
 .text.MX_USART1_UART_Init
                0x00000000080013a8       0x54 ./Core/Src/usart.o
                0x00000000080013a8                MX_USART1_UART_Init
 .text.MX_USART2_UART_Init
                0x00000000080013fc       0x54 ./Core/Src/usart.o
                0x00000000080013fc                MX_USART2_UART_Init
 .text.MX_USART3_UART_Init
                0x0000000008001450       0x54 ./Core/Src/usart.o
                0x0000000008001450                MX_USART3_UART_Init
 .text.HAL_UART_MspInit
                0x00000000080014a4      0x2c8 ./Core/Src/usart.o
                0x00000000080014a4                HAL_UART_MspInit
 .text.Reset_Handler
                0x000000000800176c       0x48 ./Core/Startup/startup_stm32f103c8tx.o
                0x000000000800176c                Reset_Handler
 .text.Default_Handler
                0x00000000080017b4        0x2 ./Core/Startup/startup_stm32f103c8tx.o
                0x00000000080017b4                RTC_Alarm_IRQHandler
                0x00000000080017b4                EXTI2_IRQHandler
                0x00000000080017b4                TIM1_CC_IRQHandler
                0x00000000080017b4                PVD_IRQHandler
                0x00000000080017b4                EXTI3_IRQHandler
                0x00000000080017b4                EXTI0_IRQHandler
                0x00000000080017b4                I2C2_EV_IRQHandler
                0x00000000080017b4                ADC1_2_IRQHandler
                0x00000000080017b4                SPI1_IRQHandler
                0x00000000080017b4                TAMPER_IRQHandler
                0x00000000080017b4                DMA1_Channel4_IRQHandler
                0x00000000080017b4                RTC_IRQHandler
                0x00000000080017b4                DMA1_Channel7_IRQHandler
                0x00000000080017b4                CAN1_RX1_IRQHandler
                0x00000000080017b4                TIM4_IRQHandler
                0x00000000080017b4                I2C1_EV_IRQHandler
                0x00000000080017b4                TIM3_IRQHandler
                0x00000000080017b4                RCC_IRQHandler
                0x00000000080017b4                TIM1_TRG_COM_IRQHandler
                0x00000000080017b4                DMA1_Channel1_IRQHandler
                0x00000000080017b4                Default_Handler
                0x00000000080017b4                EXTI15_10_IRQHandler
                0x00000000080017b4                EXTI9_5_IRQHandler
                0x00000000080017b4                SPI2_IRQHandler
                0x00000000080017b4                EXTI4_IRQHandler
                0x00000000080017b4                USB_LP_CAN1_RX0_IRQHandler
                0x00000000080017b4                USB_HP_CAN1_TX_IRQHandler
                0x00000000080017b4                TIM1_UP_IRQHandler
                0x00000000080017b4                WWDG_IRQHandler
                0x00000000080017b4                TIM2_IRQHandler
                0x00000000080017b4                TIM1_BRK_IRQHandler
                0x00000000080017b4                EXTI1_IRQHandler
                0x00000000080017b4                I2C2_ER_IRQHandler
                0x00000000080017b4                DMA1_Channel2_IRQHandler
                0x00000000080017b4                CAN1_SCE_IRQHandler
                0x00000000080017b4                FLASH_IRQHandler
                0x00000000080017b4                I2C1_ER_IRQHandler
                0x00000000080017b4                USBWakeUp_IRQHandler
 *fill*         0x00000000080017b6        0x2 
 .text.HAL_Init
                0x00000000080017b8       0x2c ./Drivers/STM32F1xx_HAL_Driver/Src/stm32f1xx_hal.o
                0x00000000080017b8                HAL_Init
 .text.HAL_InitTick
                0x00000000080017e4       0x60 ./Drivers/STM32F1xx_HAL_Driver/Src/stm32f1xx_hal.o
                0x00000000080017e4                HAL_InitTick
 .text.HAL_IncTick
                0x0000000008001844       0x24 ./Drivers/STM32F1xx_HAL_Driver/Src/stm32f1xx_hal.o
                0x0000000008001844                HAL_IncTick
 .text.HAL_GetTick
                0x0000000008001868       0x14 ./Drivers/STM32F1xx_HAL_Driver/Src/stm32f1xx_hal.o
                0x0000000008001868                HAL_GetTick
 .text.HAL_Delay
                0x000000000800187c       0x48 ./Drivers/STM32F1xx_HAL_Driver/Src/stm32f1xx_hal.o
                0x000000000800187c                HAL_Delay
 .text.HAL_ADC_Init
                0x00000000080018c4      0x1b0 ./Drivers/STM32F1xx_HAL_Driver/Src/stm32f1xx_hal_adc.o
                0x00000000080018c4                HAL_ADC_Init
 .text.HAL_ADC_ConfigChannel
                0x0000000008001a74      0x1f0 ./Drivers/STM32F1xx_HAL_Driver/Src/stm32f1xx_hal_adc.o
                0x0000000008001a74                HAL_ADC_ConfigChannel
 .text.ADC_ConversionStop_Disable
                0x0000000008001c64       0x82 ./Drivers/STM32F1xx_HAL_Driver/Src/stm32f1xx_hal_adc.o
                0x0000000008001c64                ADC_ConversionStop_Disable
 *fill*         0x0000000008001ce6        0x2 
 .text.__NVIC_SetPriorityGrouping
                0x0000000008001ce8       0x48 ./Drivers/STM32F1xx_HAL_Driver/Src/stm32f1xx_hal_cortex.o
 .text.__NVIC_GetPriorityGrouping
                0x0000000008001d30       0x1c ./Drivers/STM32F1xx_HAL_Driver/Src/stm32f1xx_hal_cortex.o
 .text.__NVIC_EnableIRQ
                0x0000000008001d4c       0x38 ./Drivers/STM32F1xx_HAL_Driver/Src/stm32f1xx_hal_cortex.o
 .text.__NVIC_SetPriority
                0x0000000008001d84       0x54 ./Drivers/STM32F1xx_HAL_Driver/Src/stm32f1xx_hal_cortex.o
 .text.NVIC_EncodePriority
                0x0000000008001dd8       0x64 ./Drivers/STM32F1xx_HAL_Driver/Src/stm32f1xx_hal_cortex.o
 .text.SysTick_Config
                0x0000000008001e3c       0x44 ./Drivers/STM32F1xx_HAL_Driver/Src/stm32f1xx_hal_cortex.o
 .text.HAL_NVIC_SetPriorityGrouping
                0x0000000008001e80       0x16 ./Drivers/STM32F1xx_HAL_Driver/Src/stm32f1xx_hal_cortex.o
                0x0000000008001e80                HAL_NVIC_SetPriorityGrouping
 .text.HAL_NVIC_SetPriority
                0x0000000008001e96       0x38 ./Drivers/STM32F1xx_HAL_Driver/Src/stm32f1xx_hal_cortex.o
                0x0000000008001e96                HAL_NVIC_SetPriority
 .text.HAL_NVIC_EnableIRQ
                0x0000000008001ece       0x1c ./Drivers/STM32F1xx_HAL_Driver/Src/stm32f1xx_hal_cortex.o
                0x0000000008001ece                HAL_NVIC_EnableIRQ
 .text.HAL_SYSTICK_Config
                0x0000000008001eea       0x18 ./Drivers/STM32F1xx_HAL_Driver/Src/stm32f1xx_hal_cortex.o
                0x0000000008001eea                HAL_SYSTICK_Config
 *fill*         0x0000000008001f02        0x2 
 .text.HAL_DMA_Init
                0x0000000008001f04       0xb4 ./Drivers/STM32F1xx_HAL_Driver/Src/stm32f1xx_hal_dma.o
                0x0000000008001f04                HAL_DMA_Init
 .text.HAL_DMA_Start_IT
                0x0000000008001fb8       0xc0 ./Drivers/STM32F1xx_HAL_Driver/Src/stm32f1xx_hal_dma.o
                0x0000000008001fb8                HAL_DMA_Start_IT
 .text.HAL_DMA_Abort
                0x0000000008002078       0x76 ./Drivers/STM32F1xx_HAL_Driver/Src/stm32f1xx_hal_dma.o
                0x0000000008002078                HAL_DMA_Abort
 *fill*         0x00000000080020ee        0x2 
 .text.HAL_DMA_Abort_IT
                0x00000000080020f0       0xf0 ./Drivers/STM32F1xx_HAL_Driver/Src/stm32f1xx_hal_dma.o
                0x00000000080020f0                HAL_DMA_Abort_IT
 .text.HAL_DMA_IRQHandler
                0x00000000080021e0      0x20c ./Drivers/STM32F1xx_HAL_Driver/Src/stm32f1xx_hal_dma.o
                0x00000000080021e0                HAL_DMA_IRQHandler
 .text.DMA_SetConfig
                0x00000000080023ec       0x5a ./Drivers/STM32F1xx_HAL_Driver/Src/stm32f1xx_hal_dma.o
 *fill*         0x0000000008002446        0x2 
 .text.HAL_GPIO_Init
                0x0000000008002448      0x308 ./Drivers/STM32F1xx_HAL_Driver/Src/stm32f1xx_hal_gpio.o
                0x0000000008002448                HAL_GPIO_Init
 .text.HAL_GPIO_WritePin
                0x0000000008002750       0x30 ./Drivers/STM32F1xx_HAL_Driver/Src/stm32f1xx_hal_gpio.o
                0x0000000008002750                HAL_GPIO_WritePin
 .text.HAL_I2C_Init
                0x0000000008002780      0x288 ./Drivers/STM32F1xx_HAL_Driver/Src/stm32f1xx_hal_i2c.o
                0x0000000008002780                HAL_I2C_Init
 .text.HAL_RCC_OscConfig
                0x0000000008002a08      0x504 ./Drivers/STM32F1xx_HAL_Driver/Src/stm32f1xx_hal_rcc.o
                0x0000000008002a08                HAL_RCC_OscConfig
 .text.HAL_RCC_ClockConfig
                0x0000000008002f0c      0x1d4 ./Drivers/STM32F1xx_HAL_Driver/Src/stm32f1xx_hal_rcc.o
                0x0000000008002f0c                HAL_RCC_ClockConfig
 .text.HAL_RCC_GetSysClockFreq
                0x00000000080030e0       0xa8 ./Drivers/STM32F1xx_HAL_Driver/Src/stm32f1xx_hal_rcc.o
                0x00000000080030e0                HAL_RCC_GetSysClockFreq
 .text.HAL_RCC_GetHCLKFreq
                0x0000000008003188       0x14 ./Drivers/STM32F1xx_HAL_Driver/Src/stm32f1xx_hal_rcc.o
                0x0000000008003188                HAL_RCC_GetHCLKFreq
 .text.HAL_RCC_GetPCLK1Freq
                0x000000000800319c       0x28 ./Drivers/STM32F1xx_HAL_Driver/Src/stm32f1xx_hal_rcc.o
                0x000000000800319c                HAL_RCC_GetPCLK1Freq
 .text.HAL_RCC_GetPCLK2Freq
                0x00000000080031c4       0x28 ./Drivers/STM32F1xx_HAL_Driver/Src/stm32f1xx_hal_rcc.o
                0x00000000080031c4                HAL_RCC_GetPCLK2Freq
 .text.RCC_Delay
                0x00000000080031ec       0x3c ./Drivers/STM32F1xx_HAL_Driver/Src/stm32f1xx_hal_rcc.o
 .text.HAL_RCCEx_PeriphCLKConfig
                0x0000000008003228      0x16c ./Drivers/STM32F1xx_HAL_Driver/Src/stm32f1xx_hal_rcc_ex.o
                0x0000000008003228                HAL_RCCEx_PeriphCLKConfig
 .text.HAL_UART_Init
                0x0000000008003394       0xa0 ./Drivers/STM32F1xx_HAL_Driver/Src/stm32f1xx_hal_uart.o
                0x0000000008003394                HAL_UART_Init
 .text.HAL_UART_Transmit
                0x0000000008003434      0x106 ./Drivers/STM32F1xx_HAL_Driver/Src/stm32f1xx_hal_uart.o
                0x0000000008003434                HAL_UART_Transmit
 .text.HAL_UARTEx_ReceiveToIdle_DMA
                0x000000000800353a       0xba ./Drivers/STM32F1xx_HAL_Driver/Src/stm32f1xx_hal_uart.o
                0x000000000800353a                HAL_UARTEx_ReceiveToIdle_DMA
 .text.HAL_UART_IRQHandler
                0x00000000080035f4      0x524 ./Drivers/STM32F1xx_HAL_Driver/Src/stm32f1xx_hal_uart.o
                0x00000000080035f4                HAL_UART_IRQHandler
 .text.HAL_UART_TxCpltCallback
                0x0000000008003b18       0x12 ./Drivers/STM32F1xx_HAL_Driver/Src/stm32f1xx_hal_uart.o
                0x0000000008003b18                HAL_UART_TxCpltCallback
 .text.HAL_UART_RxCpltCallback
                0x0000000008003b2a       0x12 ./Drivers/STM32F1xx_HAL_Driver/Src/stm32f1xx_hal_uart.o
                0x0000000008003b2a                HAL_UART_RxCpltCallback
 .text.HAL_UART_RxHalfCpltCallback
                0x0000000008003b3c       0x12 ./Drivers/STM32F1xx_HAL_Driver/Src/stm32f1xx_hal_uart.o
                0x0000000008003b3c                HAL_UART_RxHalfCpltCallback
 .text.HAL_UART_ErrorCallback
                0x0000000008003b4e       0x12 ./Drivers/STM32F1xx_HAL_Driver/Src/stm32f1xx_hal_uart.o
                0x0000000008003b4e                HAL_UART_ErrorCallback
 .text.UART_DMAReceiveCplt
                0x0000000008003b60      0x12c ./Drivers/STM32F1xx_HAL_Driver/Src/stm32f1xx_hal_uart.o
 .text.UART_DMARxHalfCplt
                0x0000000008003c8c       0x3c ./Drivers/STM32F1xx_HAL_Driver/Src/stm32f1xx_hal_uart.o
 .text.UART_DMAError
                0x0000000008003cc8       0x94 ./Drivers/STM32F1xx_HAL_Driver/Src/stm32f1xx_hal_uart.o
 .text.UART_WaitOnFlagUntilTimeout
                0x0000000008003d5c       0xdc ./Drivers/STM32F1xx_HAL_Driver/Src/stm32f1xx_hal_uart.o
 .text.UART_Start_Receive_DMA
                0x0000000008003e38      0x134 ./Drivers/STM32F1xx_HAL_Driver/Src/stm32f1xx_hal_uart.o
                0x0000000008003e38                UART_Start_Receive_DMA
 .text.UART_EndTxTransfer
                0x0000000008003f6c       0x4e ./Drivers/STM32F1xx_HAL_Driver/Src/stm32f1xx_hal_uart.o
 .text.UART_EndRxTransfer
                0x0000000008003fba       0xc4 ./Drivers/STM32F1xx_HAL_Driver/Src/stm32f1xx_hal_uart.o
 .text.UART_DMAAbortOnError
                0x000000000800407e       0x28 ./Drivers/STM32F1xx_HAL_Driver/Src/stm32f1xx_hal_uart.o
 .text.UART_Transmit_IT
                0x00000000080040a6       0x9e ./Drivers/STM32F1xx_HAL_Driver/Src/stm32f1xx_hal_uart.o
 .text.UART_EndTransmit_IT
                0x0000000008004144       0x30 ./Drivers/STM32F1xx_HAL_Driver/Src/stm32f1xx_hal_uart.o
 .text.UART_Receive_IT
                0x0000000008004174      0x17c ./Drivers/STM32F1xx_HAL_Driver/Src/stm32f1xx_hal_uart.o
 .text.UART_SetConfig
                0x00000000080042f0      0x11c ./Drivers/STM32F1xx_HAL_Driver/Src/stm32f1xx_hal_uart.o
 .text.atoi     0x000000000800440c        0x8 d:/stm32_learning_document/en.st-stm32cubeide_1.10.1_12716_20220707_0928_x86_64.exe/stm32cubeide_1.10.1/stm32cubeide/plugins/com.st.stm32cube.ide.mcu.externaltools.gnu-tools-for-stm32.10.3-2021.10.win32_1.0.0.202111181127/tools/bin/../lib/gcc/arm-none-eabi/10.3.1/../../../../arm-none-eabi/lib/thumb/v7-m/nofp\libc_nano.a(lib_a-atoi.o)
                0x000000000800440c                atoi
 .text.__errno  0x0000000008004414        0xc d:/stm32_learning_document/en.st-stm32cubeide_1.10.1_12716_20220707_0928_x86_64.exe/stm32cubeide_1.10.1/stm32cubeide/plugins/com.st.stm32cube.ide.mcu.externaltools.gnu-tools-for-stm32.10.3-2021.10.win32_1.0.0.202111181127/tools/bin/../lib/gcc/arm-none-eabi/10.3.1/../../../../arm-none-eabi/lib/thumb/v7-m/nofp\libc_nano.a(lib_a-errno.o)
                0x0000000008004414                __errno
 .text.__libc_init_array
                0x0000000008004420       0x48 d:/stm32_learning_document/en.st-stm32cubeide_1.10.1_12716_20220707_0928_x86_64.exe/stm32cubeide_1.10.1/stm32cubeide/plugins/com.st.stm32cube.ide.mcu.externaltools.gnu-tools-for-stm32.10.3-2021.10.win32_1.0.0.202111181127/tools/bin/../lib/gcc/arm-none-eabi/10.3.1/../../../../arm-none-eabi/lib/thumb/v7-m/nofp\libc_nano.a(lib_a-init.o)
                0x0000000008004420                __libc_init_array
 .text.malloc   0x0000000008004468       0x10 d:/stm32_learning_document/en.st-stm32cubeide_1.10.1_12716_20220707_0928_x86_64.exe/stm32cubeide_1.10.1/stm32cubeide/plugins/com.st.stm32cube.ide.mcu.externaltools.gnu-tools-for-stm32.10.3-2021.10.win32_1.0.0.202111181127/tools/bin/../lib/gcc/arm-none-eabi/10.3.1/../../../../arm-none-eabi/lib/thumb/v7-m/nofp\libc_nano.a(lib_a-malloc.o)
                0x0000000008004468                malloc
 .text.memcmp   0x0000000008004478       0x20 d:/stm32_learning_document/en.st-stm32cubeide_1.10.1_12716_20220707_0928_x86_64.exe/stm32cubeide_1.10.1/stm32cubeide/plugins/com.st.stm32cube.ide.mcu.externaltools.gnu-tools-for-stm32.10.3-2021.10.win32_1.0.0.202111181127/tools/bin/../lib/gcc/arm-none-eabi/10.3.1/../../../../arm-none-eabi/lib/thumb/v7-m/nofp\libc_nano.a(lib_a-memcmp.o)
                0x0000000008004478                memcmp
 .text.memcpy   0x0000000008004498       0x1c d:/stm32_learning_document/en.st-stm32cubeide_1.10.1_12716_20220707_0928_x86_64.exe/stm32cubeide_1.10.1/stm32cubeide/plugins/com.st.stm32cube.ide.mcu.externaltools.gnu-tools-for-stm32.10.3-2021.10.win32_1.0.0.202111181127/tools/bin/../lib/gcc/arm-none-eabi/10.3.1/../../../../arm-none-eabi/lib/thumb/v7-m/nofp\libc_nano.a(lib_a-memcpy-stub.o)
                0x0000000008004498                memcpy
 .text.memset   0x00000000080044b4       0x10 d:/stm32_learning_document/en.st-stm32cubeide_1.10.1_12716_20220707_0928_x86_64.exe/stm32cubeide_1.10.1/stm32cubeide/plugins/com.st.stm32cube.ide.mcu.externaltools.gnu-tools-for-stm32.10.3-2021.10.win32_1.0.0.202111181127/tools/bin/../lib/gcc/arm-none-eabi/10.3.1/../../../../arm-none-eabi/lib/thumb/v7-m/nofp\libc_nano.a(lib_a-memset.o)
                0x00000000080044b4                memset
 .text._free_r  0x00000000080044c4       0x90 d:/stm32_learning_document/en.st-stm32cubeide_1.10.1_12716_20220707_0928_x86_64.exe/stm32cubeide_1.10.1/stm32cubeide/plugins/com.st.stm32cube.ide.mcu.externaltools.gnu-tools-for-stm32.10.3-2021.10.win32_1.0.0.202111181127/tools/bin/../lib/gcc/arm-none-eabi/10.3.1/../../../../arm-none-eabi/lib/thumb/v7-m/nofp\libc_nano.a(lib_a-nano-freer.o)
                0x00000000080044c4                _free_r
 .text.sbrk_aligned
                0x0000000008004554       0x40 d:/stm32_learning_document/en.st-stm32cubeide_1.10.1_12716_20220707_0928_x86_64.exe/stm32cubeide_1.10.1/stm32cubeide/plugins/com.st.stm32cube.ide.mcu.externaltools.gnu-tools-for-stm32.10.3-2021.10.win32_1.0.0.202111181127/tools/bin/../lib/gcc/arm-none-eabi/10.3.1/../../../../arm-none-eabi/lib/thumb/v7-m/nofp\libc_nano.a(lib_a-nano-mallocr.o)
 .text._malloc_r
                0x0000000008004594       0xe8 d:/stm32_learning_document/en.st-stm32cubeide_1.10.1_12716_20220707_0928_x86_64.exe/stm32cubeide_1.10.1/stm32cubeide/plugins/com.st.stm32cube.ide.mcu.externaltools.gnu-tools-for-stm32.10.3-2021.10.win32_1.0.0.202111181127/tools/bin/../lib/gcc/arm-none-eabi/10.3.1/../../../../arm-none-eabi/lib/thumb/v7-m/nofp\libc_nano.a(lib_a-nano-mallocr.o)
                0x0000000008004594                _malloc_r
 .text._sbrk_r  0x000000000800467c       0x20 d:/stm32_learning_document/en.st-stm32cubeide_1.10.1_12716_20220707_0928_x86_64.exe/stm32cubeide_1.10.1/stm32cubeide/plugins/com.st.stm32cube.ide.mcu.externaltools.gnu-tools-for-stm32.10.3-2021.10.win32_1.0.0.202111181127/tools/bin/../lib/gcc/arm-none-eabi/10.3.1/../../../../arm-none-eabi/lib/thumb/v7-m/nofp\libc_nano.a(lib_a-sbrkr.o)
                0x000000000800467c                _sbrk_r
 .text.sprintf  0x000000000800469c       0x40 d:/stm32_learning_document/en.st-stm32cubeide_1.10.1_12716_20220707_0928_x86_64.exe/stm32cubeide_1.10.1/stm32cubeide/plugins/com.st.stm32cube.ide.mcu.externaltools.gnu-tools-for-stm32.10.3-2021.10.win32_1.0.0.202111181127/tools/bin/../lib/gcc/arm-none-eabi/10.3.1/../../../../arm-none-eabi/lib/thumb/v7-m/nofp\libc_nano.a(lib_a-sprintf.o)
                0x000000000800469c                siprintf
                0x000000000800469c                sprintf
 .text._strtol_l.constprop.0
                0x00000000080046dc       0xf8 d:/stm32_learning_document/en.st-stm32cubeide_1.10.1_12716_20220707_0928_x86_64.exe/stm32cubeide_1.10.1/stm32cubeide/plugins/com.st.stm32cube.ide.mcu.externaltools.gnu-tools-for-stm32.10.3-2021.10.win32_1.0.0.202111181127/tools/bin/../lib/gcc/arm-none-eabi/10.3.1/../../../../arm-none-eabi/lib/thumb/v7-m/nofp\libc_nano.a(lib_a-strtol.o)
 .text.strtol   0x00000000080047d4       0x14 d:/stm32_learning_document/en.st-stm32cubeide_1.10.1_12716_20220707_0928_x86_64.exe/stm32cubeide_1.10.1/stm32cubeide/plugins/com.st.stm32cube.ide.mcu.externaltools.gnu-tools-for-stm32.10.3-2021.10.win32_1.0.0.202111181127/tools/bin/../lib/gcc/arm-none-eabi/10.3.1/../../../../arm-none-eabi/lib/thumb/v7-m/nofp\libc_nano.a(lib_a-strtol.o)
                0x00000000080047d4                strtol
 .text.__retarget_lock_acquire_recursive
                0x00000000080047e8        0x2 d:/stm32_learning_document/en.st-stm32cubeide_1.10.1_12716_20220707_0928_x86_64.exe/stm32cubeide_1.10.1/stm32cubeide/plugins/com.st.stm32cube.ide.mcu.externaltools.gnu-tools-for-stm32.10.3-2021.10.win32_1.0.0.202111181127/tools/bin/../lib/gcc/arm-none-eabi/10.3.1/../../../../arm-none-eabi/lib/thumb/v7-m/nofp\libc_nano.a(lib_a-lock.o)
                0x00000000080047e8                __retarget_lock_acquire_recursive
 .text.__retarget_lock_release_recursive
                0x00000000080047ea        0x2 d:/stm32_learning_document/en.st-stm32cubeide_1.10.1_12716_20220707_0928_x86_64.exe/stm32cubeide_1.10.1/stm32cubeide/plugins/com.st.stm32cube.ide.mcu.externaltools.gnu-tools-for-stm32.10.3-2021.10.win32_1.0.0.202111181127/tools/bin/../lib/gcc/arm-none-eabi/10.3.1/../../../../arm-none-eabi/lib/thumb/v7-m/nofp\libc_nano.a(lib_a-lock.o)
                0x00000000080047ea                __retarget_lock_release_recursive
 .text.__malloc_lock
                0x00000000080047ec        0xc d:/stm32_learning_document/en.st-stm32cubeide_1.10.1_12716_20220707_0928_x86_64.exe/stm32cubeide_1.10.1/stm32cubeide/plugins/com.st.stm32cube.ide.mcu.externaltools.gnu-tools-for-stm32.10.3-2021.10.win32_1.0.0.202111181127/tools/bin/../lib/gcc/arm-none-eabi/10.3.1/../../../../arm-none-eabi/lib/thumb/v7-m/nofp\libc_nano.a(lib_a-mlock.o)
                0x00000000080047ec                __malloc_lock
 .text.__malloc_unlock
                0x00000000080047f8        0xc d:/stm32_learning_document/en.st-stm32cubeide_1.10.1_12716_20220707_0928_x86_64.exe/stm32cubeide_1.10.1/stm32cubeide/plugins/com.st.stm32cube.ide.mcu.externaltools.gnu-tools-for-stm32.10.3-2021.10.win32_1.0.0.202111181127/tools/bin/../lib/gcc/arm-none-eabi/10.3.1/../../../../arm-none-eabi/lib/thumb/v7-m/nofp\libc_nano.a(lib_a-mlock.o)
                0x00000000080047f8                __malloc_unlock
 .text.__ssputs_r
                0x0000000008004804       0xb6 d:/stm32_learning_document/en.st-stm32cubeide_1.10.1_12716_20220707_0928_x86_64.exe/stm32cubeide_1.10.1/stm32cubeide/plugins/com.st.stm32cube.ide.mcu.externaltools.gnu-tools-for-stm32.10.3-2021.10.win32_1.0.0.202111181127/tools/bin/../lib/gcc/arm-none-eabi/10.3.1/../../../../arm-none-eabi/lib/thumb/v7-m/nofp\libc_nano.a(lib_a-nano-svfprintf.o)
                0x0000000008004804                __ssputs_r
 *fill*         0x00000000080048ba        0x2 
 .text._svfprintf_r
                0x00000000080048bc      0x200 d:/stm32_learning_document/en.st-stm32cubeide_1.10.1_12716_20220707_0928_x86_64.exe/stm32cubeide_1.10.1/stm32cubeide/plugins/com.st.stm32cube.ide.mcu.externaltools.gnu-tools-for-stm32.10.3-2021.10.win32_1.0.0.202111181127/tools/bin/../lib/gcc/arm-none-eabi/10.3.1/../../../../arm-none-eabi/lib/thumb/v7-m/nofp\libc_nano.a(lib_a-nano-svfprintf.o)
                0x00000000080048bc                _svfiprintf_r
                0x00000000080048bc                _svfprintf_r
 .text._printf_common
                0x0000000008004abc       0xde d:/stm32_learning_document/en.st-stm32cubeide_1.10.1_12716_20220707_0928_x86_64.exe/stm32cubeide_1.10.1/stm32cubeide/plugins/com.st.stm32cube.ide.mcu.externaltools.gnu-tools-for-stm32.10.3-2021.10.win32_1.0.0.202111181127/tools/bin/../lib/gcc/arm-none-eabi/10.3.1/../../../../arm-none-eabi/lib/thumb/v7-m/nofp\libc_nano.a(lib_a-nano-vfprintf_i.o)
                0x0000000008004abc                _printf_common
 *fill*         0x0000000008004b9a        0x2 
 .text._printf_i
                0x0000000008004b9c      0x24c d:/stm32_learning_document/en.st-stm32cubeide_1.10.1_12716_20220707_0928_x86_64.exe/stm32cubeide_1.10.1/stm32cubeide/plugins/com.st.stm32cube.ide.mcu.externaltools.gnu-tools-for-stm32.10.3-2021.10.win32_1.0.0.202111181127/tools/bin/../lib/gcc/arm-none-eabi/10.3.1/../../../../arm-none-eabi/lib/thumb/v7-m/nofp\libc_nano.a(lib_a-nano-vfprintf_i.o)
                0x0000000008004b9c                _printf_i
 .text.memchr   0x0000000008004de8       0x1c d:/stm32_learning_document/en.st-stm32cubeide_1.10.1_12716_20220707_0928_x86_64.exe/stm32cubeide_1.10.1/stm32cubeide/plugins/com.st.stm32cube.ide.mcu.externaltools.gnu-tools-for-stm32.10.3-2021.10.win32_1.0.0.202111181127/tools/bin/../lib/gcc/arm-none-eabi/10.3.1/../../../../arm-none-eabi/lib/thumb/v7-m/nofp\libc_nano.a(lib_a-memchr-stub.o)
                0x0000000008004de8                memchr
 .text.memmove  0x0000000008004e04       0x34 d:/stm32_learning_document/en.st-stm32cubeide_1.10.1_12716_20220707_0928_x86_64.exe/stm32cubeide_1.10.1/stm32cubeide/plugins/com.st.stm32cube.ide.mcu.externaltools.gnu-tools-for-stm32.10.3-2021.10.win32_1.0.0.202111181127/tools/bin/../lib/gcc/arm-none-eabi/10.3.1/../../../../arm-none-eabi/lib/thumb/v7-m/nofp\libc_nano.a(lib_a-memmove.o)
                0x0000000008004e04                memmove
 .text._realloc_r
                0x0000000008004e38       0x5e d:/stm32_learning_document/en.st-stm32cubeide_1.10.1_12716_20220707_0928_x86_64.exe/stm32cubeide_1.10.1/stm32cubeide/plugins/com.st.stm32cube.ide.mcu.externaltools.gnu-tools-for-stm32.10.3-2021.10.win32_1.0.0.202111181127/tools/bin/../lib/gcc/arm-none-eabi/10.3.1/../../../../arm-none-eabi/lib/thumb/v7-m/nofp\libc_nano.a(lib_a-nano-reallocr.o)
                0x0000000008004e38                _realloc_r
 .text._malloc_usable_size_r
                0x0000000008004e96       0x10 d:/stm32_learning_document/en.st-stm32cubeide_1.10.1_12716_20220707_0928_x86_64.exe/stm32cubeide_1.10.1/stm32cubeide/plugins/com.st.stm32cube.ide.mcu.externaltools.gnu-tools-for-stm32.10.3-2021.10.win32_1.0.0.202111181127/tools/bin/../lib/gcc/arm-none-eabi/10.3.1/../../../../arm-none-eabi/lib/thumb/v7-m/nofp\libc_nano.a(lib_a-nano-msizer.o)
                0x0000000008004e96                _malloc_usable_size_r
 *(.glue_7)
 .glue_7        0x0000000008004ea6        0x0 linker stubs
 *(.glue_7t)
 .glue_7t       0x0000000008004ea6        0x0 linker stubs
 *(.eh_frame)
 *fill*         0x0000000008004ea6        0x2 
 .eh_frame      0x0000000008004ea8        0x0 d:/stm32_learning_document/en.st-stm32cubeide_1.10.1_12716_20220707_0928_x86_64.exe/stm32cubeide_1.10.1/stm32cubeide/plugins/com.st.stm32cube.ide.mcu.externaltools.gnu-tools-for-stm32.10.3-2021.10.win32_1.0.0.202111181127/tools/bin/../lib/gcc/arm-none-eabi/10.3.1/thumb/v7-m/nofp/crtbegin.o
 *(.init)
 .init          0x0000000008004ea8        0x4 d:/stm32_learning_document/en.st-stm32cubeide_1.10.1_12716_20220707_0928_x86_64.exe/stm32cubeide_1.10.1/stm32cubeide/plugins/com.st.stm32cube.ide.mcu.externaltools.gnu-tools-for-stm32.10.3-2021.10.win32_1.0.0.202111181127/tools/bin/../lib/gcc/arm-none-eabi/10.3.1/thumb/v7-m/nofp/crti.o
                0x0000000008004ea8                _init
 .init          0x0000000008004eac        0x8 d:/stm32_learning_document/en.st-stm32cubeide_1.10.1_12716_20220707_0928_x86_64.exe/stm32cubeide_1.10.1/stm32cubeide/plugins/com.st.stm32cube.ide.mcu.externaltools.gnu-tools-for-stm32.10.3-2021.10.win32_1.0.0.202111181127/tools/bin/../lib/gcc/arm-none-eabi/10.3.1/thumb/v7-m/nofp/crtn.o
 *(.fini)
 .fini          0x0000000008004eb4        0x4 d:/stm32_learning_document/en.st-stm32cubeide_1.10.1_12716_20220707_0928_x86_64.exe/stm32cubeide_1.10.1/stm32cubeide/plugins/com.st.stm32cube.ide.mcu.externaltools.gnu-tools-for-stm32.10.3-2021.10.win32_1.0.0.202111181127/tools/bin/../lib/gcc/arm-none-eabi/10.3.1/thumb/v7-m/nofp/crti.o
                0x0000000008004eb4                _fini
 .fini          0x0000000008004eb8        0x8 d:/stm32_learning_document/en.st-stm32cubeide_1.10.1_12716_20220707_0928_x86_64.exe/stm32cubeide_1.10.1/stm32cubeide/plugins/com.st.stm32cube.ide.mcu.externaltools.gnu-tools-for-stm32.10.3-2021.10.win32_1.0.0.202111181127/tools/bin/../lib/gcc/arm-none-eabi/10.3.1/thumb/v7-m/nofp/crtn.o
                0x0000000008004ec0                . = ALIGN (0x4)
                0x0000000008004ec0                _etext = .

.vfp11_veneer   0x0000000008004ec0        0x0
 .vfp11_veneer  0x0000000008004ec0        0x0 linker stubs

.v4_bx          0x0000000008004ec0        0x0
 .v4_bx         0x0000000008004ec0        0x0 linker stubs

.iplt           0x0000000008004ec0        0x0
 .iplt          0x0000000008004ec0        0x0 d:/stm32_learning_document/en.st-stm32cubeide_1.10.1_12716_20220707_0928_x86_64.exe/stm32cubeide_1.10.1/stm32cubeide/plugins/com.st.stm32cube.ide.mcu.externaltools.gnu-tools-for-stm32.10.3-2021.10.win32_1.0.0.202111181127/tools/bin/../lib/gcc/arm-none-eabi/10.3.1/thumb/v7-m/nofp/crtbegin.o

.rodata         0x0000000008004ec0      0x7b8
                0x0000000008004ec0                . = ALIGN (0x4)
 *(.rodata)
 .rodata        0x0000000008004ec0       0x2c ./Core/Src/Application/App_MQTT.o
 .rodata        0x0000000008004eec      0x21d ./Core/Src/Device/SIM.o
 *fill*         0x0000000008005109        0x3 
 .rodata        0x000000000800510c      0x36f ./Core/Src/Protocol/MQTT.o
 *fill*         0x000000000800547b        0x1 
 .rodata        0x000000000800547c       0x3a ./Core/Src/main.o
 *(.rodata*)
 *fill*         0x00000000080054b6        0x2 
 .rodata.AHBPrescTable
                0x00000000080054b8       0x10 ./Core/Src/system_stm32f1xx.o
                0x00000000080054b8                AHBPrescTable
 .rodata.APBPrescTable
                0x00000000080054c8        0x8 ./Core/Src/system_stm32f1xx.o
                0x00000000080054c8                APBPrescTable
 .rodata.aPLLMULFactorTable.1
                0x00000000080054d0       0x10 ./Drivers/STM32F1xx_HAL_Driver/Src/stm32f1xx_hal_rcc.o
 .rodata.aPredivFactorTable.0
                0x00000000080054e0        0x2 ./Drivers/STM32F1xx_HAL_Driver/Src/stm32f1xx_hal_rcc.o
 .rodata._ctype_
                0x00000000080054e2      0x101 d:/stm32_learning_document/en.st-stm32cubeide_1.10.1_12716_20220707_0928_x86_64.exe/stm32cubeide_1.10.1/stm32cubeide/plugins/com.st.stm32cube.ide.mcu.externaltools.gnu-tools-for-stm32.10.3-2021.10.win32_1.0.0.202111181127/tools/bin/../lib/gcc/arm-none-eabi/10.3.1/../../../../arm-none-eabi/lib/thumb/v7-m/nofp\libc_nano.a(lib_a-ctype_.o)
                0x00000000080054e2                _ctype_
 .rodata._svfprintf_r.str1.1
                0x00000000080055e3       0x11 d:/stm32_learning_document/en.st-stm32cubeide_1.10.1_12716_20220707_0928_x86_64.exe/stm32cubeide_1.10.1/stm32cubeide/plugins/com.st.stm32cube.ide.mcu.externaltools.gnu-tools-for-stm32.10.3-2021.10.win32_1.0.0.202111181127/tools/bin/../lib/gcc/arm-none-eabi/10.3.1/../../../../arm-none-eabi/lib/thumb/v7-m/nofp\libc_nano.a(lib_a-nano-svfprintf.o)
 .rodata._printf_i.str1.1
                0x00000000080055f4       0x22 d:/stm32_learning_document/en.st-stm32cubeide_1.10.1_12716_20220707_0928_x86_64.exe/stm32cubeide_1.10.1/stm32cubeide/plugins/com.st.stm32cube.ide.mcu.externaltools.gnu-tools-for-stm32.10.3-2021.10.win32_1.0.0.202111181127/tools/bin/../lib/gcc/arm-none-eabi/10.3.1/../../../../arm-none-eabi/lib/thumb/v7-m/nofp\libc_nano.a(lib_a-nano-vfprintf_i.o)
 *fill*         0x0000000008005616        0x2 
 .rodata.__sf_fake_stderr
                0x0000000008005618       0x20 d:/stm32_learning_document/en.st-stm32cubeide_1.10.1_12716_20220707_0928_x86_64.exe/stm32cubeide_1.10.1/stm32cubeide/plugins/com.st.stm32cube.ide.mcu.externaltools.gnu-tools-for-stm32.10.3-2021.10.win32_1.0.0.202111181127/tools/bin/../lib/gcc/arm-none-eabi/10.3.1/../../../../arm-none-eabi/lib/thumb/v7-m/nofp\libc_nano.a(lib_a-findfp.o)
                0x0000000008005618                __sf_fake_stderr
 .rodata.__sf_fake_stdin
                0x0000000008005638       0x20 d:/stm32_learning_document/en.st-stm32cubeide_1.10.1_12716_20220707_0928_x86_64.exe/stm32cubeide_1.10.1/stm32cubeide/plugins/com.st.stm32cube.ide.mcu.externaltools.gnu-tools-for-stm32.10.3-2021.10.win32_1.0.0.202111181127/tools/bin/../lib/gcc/arm-none-eabi/10.3.1/../../../../arm-none-eabi/lib/thumb/v7-m/nofp\libc_nano.a(lib_a-findfp.o)
                0x0000000008005638                __sf_fake_stdin
 .rodata.__sf_fake_stdout
                0x0000000008005658       0x20 d:/stm32_learning_document/en.st-stm32cubeide_1.10.1_12716_20220707_0928_x86_64.exe/stm32cubeide_1.10.1/stm32cubeide/plugins/com.st.stm32cube.ide.mcu.externaltools.gnu-tools-for-stm32.10.3-2021.10.win32_1.0.0.202111181127/tools/bin/../lib/gcc/arm-none-eabi/10.3.1/../../../../arm-none-eabi/lib/thumb/v7-m/nofp\libc_nano.a(lib_a-findfp.o)
                0x0000000008005658                __sf_fake_stdout
                0x0000000008005678                . = ALIGN (0x4)

.rel.dyn        0x0000000008005678        0x0
 .rel.iplt      0x0000000008005678        0x0 d:/stm32_learning_document/en.st-stm32cubeide_1.10.1_12716_20220707_0928_x86_64.exe/stm32cubeide_1.10.1/stm32cubeide/plugins/com.st.stm32cube.ide.mcu.externaltools.gnu-tools-for-stm32.10.3-2021.10.win32_1.0.0.202111181127/tools/bin/../lib/gcc/arm-none-eabi/10.3.1/thumb/v7-m/nofp/crtbegin.o

.ARM.extab      0x0000000008005678        0x0
                0x0000000008005678                . = ALIGN (0x4)
 *(.ARM.extab* .gnu.linkonce.armextab.*)
                0x0000000008005678                . = ALIGN (0x4)

.ARM            0x0000000008005678        0x0
                0x0000000008005678                . = ALIGN (0x4)
                0x0000000008005678                __exidx_start = .
 *(.ARM.exidx*)
                0x0000000008005678                __exidx_end = .
                0x0000000008005678                . = ALIGN (0x4)

.preinit_array  0x0000000008005678        0x0
                0x0000000008005678                . = ALIGN (0x4)
                0x0000000008005678                PROVIDE (__preinit_array_start = .)
 *(.preinit_array*)
                0x0000000008005678                PROVIDE (__preinit_array_end = .)
                0x0000000008005678                . = ALIGN (0x4)

.init_array     0x0000000008005678        0x4
                0x0000000008005678                . = ALIGN (0x4)
                0x0000000008005678                PROVIDE (__init_array_start = .)
 *(SORT_BY_NAME(.init_array.*))
 *(.init_array*)
 .init_array    0x0000000008005678        0x4 d:/stm32_learning_document/en.st-stm32cubeide_1.10.1_12716_20220707_0928_x86_64.exe/stm32cubeide_1.10.1/stm32cubeide/plugins/com.st.stm32cube.ide.mcu.externaltools.gnu-tools-for-stm32.10.3-2021.10.win32_1.0.0.202111181127/tools/bin/../lib/gcc/arm-none-eabi/10.3.1/thumb/v7-m/nofp/crtbegin.o
                0x000000000800567c                PROVIDE (__init_array_end = .)
                0x000000000800567c                . = ALIGN (0x4)

.fini_array     0x000000000800567c        0x4
                0x000000000800567c                . = ALIGN (0x4)
                [!provide]                        PROVIDE (__fini_array_start = .)
 *(SORT_BY_NAME(.fini_array.*))
 *(.fini_array*)
 .fini_array    0x000000000800567c        0x4 d:/stm32_learning_document/en.st-stm32cubeide_1.10.1_12716_20220707_0928_x86_64.exe/stm32cubeide_1.10.1/stm32cubeide/plugins/com.st.stm32cube.ide.mcu.externaltools.gnu-tools-for-stm32.10.3-2021.10.win32_1.0.0.202111181127/tools/bin/../lib/gcc/arm-none-eabi/10.3.1/thumb/v7-m/nofp/crtbegin.o
                [!provide]                        PROVIDE (__fini_array_end = .)
                0x0000000008005680                . = ALIGN (0x4)
                0x0000000008005680                _sidata = LOADADDR (.data)

.data           0x0000000020000000       0x8c load address 0x0000000008005680
                0x0000000020000000                . = ALIGN (0x4)
                0x0000000020000000                _sdata = .
 *(.data)
 *(.data*)
 .data.SSnode_default
                0x0000000020000000        0xa ./Core/Src/linkedlist.o
                0x0000000020000000                SSnode_default
 *fill*         0x000000002000000a        0x2 
 .data.myStation
                0x000000002000000c       0x10 ./Core/Src/main.o
                0x000000002000000c                myStation
 .data.SystemCoreClock
                0x000000002000001c        0x4 ./Core/Src/system_stm32f1xx.o
                0x000000002000001c                SystemCoreClock
 .data.uwTickPrio
                0x0000000020000020        0x4 ./Drivers/STM32F1xx_HAL_Driver/Src/stm32f1xx_hal.o
                0x0000000020000020                uwTickPrio
 .data.uwTickFreq
                0x0000000020000024        0x1 ./Drivers/STM32F1xx_HAL_Driver/Src/stm32f1xx_hal.o
                0x0000000020000024                uwTickFreq
 *fill*         0x0000000020000025        0x3 
 .data._impure_ptr
                0x0000000020000028        0x4 d:/stm32_learning_document/en.st-stm32cubeide_1.10.1_12716_20220707_0928_x86_64.exe/stm32cubeide_1.10.1/stm32cubeide/plugins/com.st.stm32cube.ide.mcu.externaltools.gnu-tools-for-stm32.10.3-2021.10.win32_1.0.0.202111181127/tools/bin/../lib/gcc/arm-none-eabi/10.3.1/../../../../arm-none-eabi/lib/thumb/v7-m/nofp\libc_nano.a(lib_a-impure.o)
                0x0000000020000028                _impure_ptr
 .data.impure_data
                0x000000002000002c       0x60 d:/stm32_learning_document/en.st-stm32cubeide_1.10.1_12716_20220707_0928_x86_64.exe/stm32cubeide_1.10.1/stm32cubeide/plugins/com.st.stm32cube.ide.mcu.externaltools.gnu-tools-for-stm32.10.3-2021.10.win32_1.0.0.202111181127/tools/bin/../lib/gcc/arm-none-eabi/10.3.1/../../../../arm-none-eabi/lib/thumb/v7-m/nofp\libc_nano.a(lib_a-impure.o)
 *(.RamFunc)
 *(.RamFunc*)
                0x000000002000008c                . = ALIGN (0x4)
                0x000000002000008c                _edata = .

.igot.plt       0x000000002000008c        0x0 load address 0x000000000800570c
 .igot.plt      0x000000002000008c        0x0 d:/stm32_learning_document/en.st-stm32cubeide_1.10.1_12716_20220707_0928_x86_64.exe/stm32cubeide_1.10.1/stm32cubeide/plugins/com.st.stm32cube.ide.mcu.externaltools.gnu-tools-for-stm32.10.3-2021.10.win32_1.0.0.202111181127/tools/bin/../lib/gcc/arm-none-eabi/10.3.1/thumb/v7-m/nofp/crtbegin.o
                0x000000002000008c                . = ALIGN (0x4)

.bss            0x000000002000008c      0xeec load address 0x000000000800570c
                0x000000002000008c                _sbss = .
                0x000000002000008c                __bss_start__ = _sbss
 *(.bss)
 .bss           0x000000002000008c       0x1c d:/stm32_learning_document/en.st-stm32cubeide_1.10.1_12716_20220707_0928_x86_64.exe/stm32cubeide_1.10.1/stm32cubeide/plugins/com.st.stm32cube.ide.mcu.externaltools.gnu-tools-for-stm32.10.3-2021.10.win32_1.0.0.202111181127/tools/bin/../lib/gcc/arm-none-eabi/10.3.1/thumb/v7-m/nofp/crtbegin.o
 *(.bss*)
 .bss.__SCFG_UART
                0x00000000200000a8        0x4 ./Core/Src/Communication/Serial_CFG.o
                0x00000000200000a8                __SCFG_UART
 .bss.__SCFG_DMA_UART
                0x00000000200000ac        0x4 ./Core/Src/Communication/Serial_CFG.o
                0x00000000200000ac                __SCFG_DMA_UART
 .bss.Rxbuff_CFG
                0x00000000200000b0       0x14 ./Core/Src/Communication/Serial_CFG.o
                0x00000000200000b0                Rxbuff_CFG
 .bss.Mainbuff_CFG
                0x00000000200000c4       0x19 ./Core/Src/Communication/Serial_CFG.o
                0x00000000200000c4                Mainbuff_CFG
 *fill*         0x00000000200000dd        0x1 
 .bss.oldPos_CFG
                0x00000000200000de        0x2 ./Core/Src/Communication/Serial_CFG.o
                0x00000000200000de                oldPos_CFG
 .bss.newPos_CFG
                0x00000000200000e0        0x2 ./Core/Src/Communication/Serial_CFG.o
                0x00000000200000e0                newPos_CFG
 .bss.head_CFG  0x00000000200000e2        0x1 ./Core/Src/Communication/Serial_CFG.o
                0x00000000200000e2                head_CFG
 *fill*         0x00000000200000e3        0x1 
 .bss.__SERIAL_LOG_UART
                0x00000000200000e4        0x4 ./Core/Src/Communication/Serial_log.o
                0x00000000200000e4                __SERIAL_LOG_UART
 .bss.__SIM_UART
                0x00000000200000e8        0x4 ./Core/Src/Device/SIM.o
                0x00000000200000e8                __SIM_UART
 .bss.__SIM_DMA_UART
                0x00000000200000ec        0x4 ./Core/Src/Device/SIM.o
                0x00000000200000ec                __SIM_DMA_UART
 .bss.__SIM     0x00000000200000f0        0x4 ./Core/Src/Device/SIM.o
                0x00000000200000f0                __SIM
 .bss.SIM_DataAvailable
                0x00000000200000f4        0x1 ./Core/Src/Device/SIM.o
                0x00000000200000f4                SIM_DataAvailable
 *fill*         0x00000000200000f5        0x1 
 .bss.oldPos    0x00000000200000f6        0x2 ./Core/Src/Device/SIM.o
                0x00000000200000f6                oldPos
 .bss.newPos    0x00000000200000f8        0x2 ./Core/Src/Device/SIM.o
                0x00000000200000f8                newPos
 *fill*         0x00000000200000fa        0x2 
 .bss.SIMbuff   0x00000000200000fc      0x200 ./Core/Src/Device/SIM.o
                0x00000000200000fc                SIMbuff
 .bss.SIMRxbuff
                0x00000000200002fc      0x100 ./Core/Src/Device/SIM.o
                0x00000000200002fc                SIMRxbuff
 .bss.SIM_Txbuff
                0x00000000200003fc       0x64 ./Core/Src/Device/SIM.o
                0x00000000200003fc                SIM_Txbuff
 .bss.MQTT_Rxbuff
                0x0000000020000460      0x400 ./Core/Src/Device/SIM.o
                0x0000000020000460                MQTT_Rxbuff
 .bss.head      0x0000000020000860        0x2 ./Core/Src/Device/SIM.o
                0x0000000020000860                head
 .bss.tail      0x0000000020000862        0x2 ./Core/Src/Device/SIM.o
                0x0000000020000862                tail
 .bss.mqtttail  0x0000000020000864        0x2 ./Core/Src/Device/SIM.o
                0x0000000020000864                mqtttail
 .bss.mqtthead  0x0000000020000866        0x2 ./Core/Src/Device/SIM.o
                0x0000000020000866                mqtthead
 .bss.newSMS    0x0000000020000868        0x1 ./Core/Src/Device/SIM.o
                0x0000000020000868                newSMS
 .bss.newMQTTmsgReceiving
                0x0000000020000869        0x1 ./Core/Src/Device/SIM.o
                0x0000000020000869                newMQTTmsgReceiving
 *fill*         0x000000002000086a        0x2 
 .bss.i2c       0x000000002000086c        0x4 ./Core/Src/Device/ds3231.o
                0x000000002000086c                i2c
 .bss.__MY_SIM  0x0000000020000870        0x4 ./Core/Src/Protocol/MQTT.o
                0x0000000020000870                __MY_SIM
 .bss.hadc1     0x0000000020000874       0x30 ./Core/Src/adc.o
                0x0000000020000874                hadc1
 .bss.hi2c1     0x00000000200008a4       0x54 ./Core/Src/i2c.o
                0x00000000200008a4                hi2c1
 .bss.mySIM     0x00000000200008f8      0x4bc ./Core/Src/main.o
                0x00000000200008f8                mySIM
 .bss.isDataAvailable_CFG
                0x0000000020000db4        0x1 ./Core/Src/main.o
                0x0000000020000db4                isDataAvailable_CFG
 *fill*         0x0000000020000db5        0x3 
 .bss.SSnode_list
                0x0000000020000db8        0x4 ./Core/Src/main.o
                0x0000000020000db8                SSnode_list
 .bss.__sbrk_heap_end
                0x0000000020000dbc        0x4 ./Core/Src/sysmem.o
 .bss.huart1    0x0000000020000dc0       0x48 ./Core/Src/usart.o
                0x0000000020000dc0                huart1
 .bss.huart2    0x0000000020000e08       0x48 ./Core/Src/usart.o
                0x0000000020000e08                huart2
 .bss.huart3    0x0000000020000e50       0x48 ./Core/Src/usart.o
                0x0000000020000e50                huart3
 .bss.hdma_usart1_rx
                0x0000000020000e98       0x44 ./Core/Src/usart.o
                0x0000000020000e98                hdma_usart1_rx
 .bss.hdma_usart2_rx
                0x0000000020000edc       0x44 ./Core/Src/usart.o
                0x0000000020000edc                hdma_usart2_rx
 .bss.hdma_usart3_rx
                0x0000000020000f20       0x44 ./Core/Src/usart.o
                0x0000000020000f20                hdma_usart3_rx
 .bss.uwTick    0x0000000020000f64        0x4 ./Drivers/STM32F1xx_HAL_Driver/Src/stm32f1xx_hal.o
                0x0000000020000f64                uwTick
 .bss.__malloc_free_list
                0x0000000020000f68        0x4 d:/stm32_learning_document/en.st-stm32cubeide_1.10.1_12716_20220707_0928_x86_64.exe/stm32cubeide_1.10.1/stm32cubeide/plugins/com.st.stm32cube.ide.mcu.externaltools.gnu-tools-for-stm32.10.3-2021.10.win32_1.0.0.202111181127/tools/bin/../lib/gcc/arm-none-eabi/10.3.1/../../../../arm-none-eabi/lib/thumb/v7-m/nofp\libc_nano.a(lib_a-nano-mallocr.o)
                0x0000000020000f68                __malloc_free_list
 .bss.__malloc_sbrk_start
                0x0000000020000f6c        0x4 d:/stm32_learning_document/en.st-stm32cubeide_1.10.1_12716_20220707_0928_x86_64.exe/stm32cubeide_1.10.1/stm32cubeide/plugins/com.st.stm32cube.ide.mcu.externaltools.gnu-tools-for-stm32.10.3-2021.10.win32_1.0.0.202111181127/tools/bin/../lib/gcc/arm-none-eabi/10.3.1/../../../../arm-none-eabi/lib/thumb/v7-m/nofp\libc_nano.a(lib_a-nano-mallocr.o)
                0x0000000020000f6c                __malloc_sbrk_start
 .bss.__lock___malloc_recursive_mutex
                0x0000000020000f70        0x1 d:/stm32_learning_document/en.st-stm32cubeide_1.10.1_12716_20220707_0928_x86_64.exe/stm32cubeide_1.10.1/stm32cubeide/plugins/com.st.stm32cube.ide.mcu.externaltools.gnu-tools-for-stm32.10.3-2021.10.win32_1.0.0.202111181127/tools/bin/../lib/gcc/arm-none-eabi/10.3.1/../../../../arm-none-eabi/lib/thumb/v7-m/nofp\libc_nano.a(lib_a-lock.o)
                0x0000000020000f70                __lock___malloc_recursive_mutex
 *fill*         0x0000000020000f71        0x3 
 .bss.errno     0x0000000020000f74        0x4 d:/stm32_learning_document/en.st-stm32cubeide_1.10.1_12716_20220707_0928_x86_64.exe/stm32cubeide_1.10.1/stm32cubeide/plugins/com.st.stm32cube.ide.mcu.externaltools.gnu-tools-for-stm32.10.3-2021.10.win32_1.0.0.202111181127/tools/bin/../lib/gcc/arm-none-eabi/10.3.1/../../../../arm-none-eabi/lib/thumb/v7-m/nofp\libc_nano.a(lib_a-reent.o)
                0x0000000020000f74                errno
 *(COMMON)
                0x0000000020000f78                . = ALIGN (0x4)
                0x0000000020000f78                _ebss = .
                0x0000000020000f78                __bss_end__ = _ebss

._user_heap_stack
                0x0000000020000f78      0x600 load address 0x000000000800570c
                0x0000000020000f78                . = ALIGN (0x8)
                [!provide]                        PROVIDE (end = .)
                0x0000000020000f78                PROVIDE (_end = .)
                0x0000000020001178                . = (. + _Min_Heap_Size)
 *fill*         0x0000000020000f78      0x200 
                0x0000000020001578                . = (. + _Min_Stack_Size)
 *fill*         0x0000000020001178      0x400 
                0x0000000020001578                . = ALIGN (0x8)

/DISCARD/
 libc.a(*)
 libm.a(*)
 libgcc.a(*)

.ARM.attributes
                0x0000000000000000       0x29
 *(.ARM.attributes)
 .ARM.attributes
                0x0000000000000000       0x1d d:/stm32_learning_document/en.st-stm32cubeide_1.10.1_12716_20220707_0928_x86_64.exe/stm32cubeide_1.10.1/stm32cubeide/plugins/com.st.stm32cube.ide.mcu.externaltools.gnu-tools-for-stm32.10.3-2021.10.win32_1.0.0.202111181127/tools/bin/../lib/gcc/arm-none-eabi/10.3.1/thumb/v7-m/nofp/crti.o
 .ARM.attributes
                0x000000000000001d       0x2d d:/stm32_learning_document/en.st-stm32cubeide_1.10.1_12716_20220707_0928_x86_64.exe/stm32cubeide_1.10.1/stm32cubeide/plugins/com.st.stm32cube.ide.mcu.externaltools.gnu-tools-for-stm32.10.3-2021.10.win32_1.0.0.202111181127/tools/bin/../lib/gcc/arm-none-eabi/10.3.1/thumb/v7-m/nofp/crtbegin.o
 .ARM.attributes
                0x000000000000004a       0x2d ./Core/Src/Application/App_MQTT.o
 .ARM.attributes
                0x0000000000000077       0x2d ./Core/Src/Communication/Serial_CFG.o
 .ARM.attributes
                0x00000000000000a4       0x2d ./Core/Src/Communication/Serial_log.o
 .ARM.attributes
                0x00000000000000d1       0x2d ./Core/Src/Device/SIM.o
 .ARM.attributes
                0x00000000000000fe       0x2d ./Core/Src/Device/ds3231.o
 .ARM.attributes
                0x000000000000012b       0x2d ./Core/Src/Protocol/MQTT.o
 .ARM.attributes
                0x0000000000000158       0x2d ./Core/Src/adc.o
 .ARM.attributes
                0x0000000000000185       0x2d ./Core/Src/dma.o
 .ARM.attributes
                0x00000000000001b2       0x2d ./Core/Src/gpio.o
 .ARM.attributes
                0x00000000000001df       0x2d ./Core/Src/i2c.o
 .ARM.attributes
                0x000000000000020c       0x2d ./Core/Src/linkedlist.o
 .ARM.attributes
                0x0000000000000239       0x2d ./Core/Src/main.o
 .ARM.attributes
                0x0000000000000266       0x2d ./Core/Src/stm32f1xx_hal_msp.o
 .ARM.attributes
                0x0000000000000293       0x2d ./Core/Src/stm32f1xx_it.o
 .ARM.attributes
                0x00000000000002c0       0x2d ./Core/Src/sysmem.o
 .ARM.attributes
                0x00000000000002ed       0x2d ./Core/Src/system_stm32f1xx.o
 .ARM.attributes
                0x000000000000031a       0x2d ./Core/Src/usart.o
 .ARM.attributes
                0x0000000000000347       0x21 ./Core/Startup/startup_stm32f103c8tx.o
 .ARM.attributes
                0x0000000000000368       0x2d ./Drivers/STM32F1xx_HAL_Driver/Src/stm32f1xx_hal.o
 .ARM.attributes
                0x0000000000000395       0x2d ./Drivers/STM32F1xx_HAL_Driver/Src/stm32f1xx_hal_adc.o
 .ARM.attributes
                0x00000000000003c2       0x2d ./Drivers/STM32F1xx_HAL_Driver/Src/stm32f1xx_hal_cortex.o
 .ARM.attributes
                0x00000000000003ef       0x2d ./Drivers/STM32F1xx_HAL_Driver/Src/stm32f1xx_hal_dma.o
 .ARM.attributes
                0x000000000000041c       0x2d ./Drivers/STM32F1xx_HAL_Driver/Src/stm32f1xx_hal_gpio.o
 .ARM.attributes
                0x0000000000000449       0x2d ./Drivers/STM32F1xx_HAL_Driver/Src/stm32f1xx_hal_i2c.o
 .ARM.attributes
                0x0000000000000476       0x2d ./Drivers/STM32F1xx_HAL_Driver/Src/stm32f1xx_hal_rcc.o
 .ARM.attributes
                0x00000000000004a3       0x2d ./Drivers/STM32F1xx_HAL_Driver/Src/stm32f1xx_hal_rcc_ex.o
 .ARM.attributes
                0x00000000000004d0       0x2d ./Drivers/STM32F1xx_HAL_Driver/Src/stm32f1xx_hal_uart.o
 .ARM.attributes
                0x00000000000004fd       0x2d d:/stm32_learning_document/en.st-stm32cubeide_1.10.1_12716_20220707_0928_x86_64.exe/stm32cubeide_1.10.1/stm32cubeide/plugins/com.st.stm32cube.ide.mcu.externaltools.gnu-tools-for-stm32.10.3-2021.10.win32_1.0.0.202111181127/tools/bin/../lib/gcc/arm-none-eabi/10.3.1/../../../../arm-none-eabi/lib/thumb/v7-m/nofp\libc_nano.a(lib_a-atoi.o)
 .ARM.attributes
                0x000000000000052a       0x2d d:/stm32_learning_document/en.st-stm32cubeide_1.10.1_12716_20220707_0928_x86_64.exe/stm32cubeide_1.10.1/stm32cubeide/plugins/com.st.stm32cube.ide.mcu.externaltools.gnu-tools-for-stm32.10.3-2021.10.win32_1.0.0.202111181127/tools/bin/../lib/gcc/arm-none-eabi/10.3.1/../../../../arm-none-eabi/lib/thumb/v7-m/nofp\libc_nano.a(lib_a-errno.o)
 .ARM.attributes
                0x0000000000000557       0x2d d:/stm32_learning_document/en.st-stm32cubeide_1.10.1_12716_20220707_0928_x86_64.exe/stm32cubeide_1.10.1/stm32cubeide/plugins/com.st.stm32cube.ide.mcu.externaltools.gnu-tools-for-stm32.10.3-2021.10.win32_1.0.0.202111181127/tools/bin/../lib/gcc/arm-none-eabi/10.3.1/../../../../arm-none-eabi/lib/thumb/v7-m/nofp\libc_nano.a(lib_a-impure.o)
 .ARM.attributes
                0x0000000000000584       0x2d d:/stm32_learning_document/en.st-stm32cubeide_1.10.1_12716_20220707_0928_x86_64.exe/stm32cubeide_1.10.1/stm32cubeide/plugins/com.st.stm32cube.ide.mcu.externaltools.gnu-tools-for-stm32.10.3-2021.10.win32_1.0.0.202111181127/tools/bin/../lib/gcc/arm-none-eabi/10.3.1/../../../../arm-none-eabi/lib/thumb/v7-m/nofp\libc_nano.a(lib_a-init.o)
 .ARM.attributes
                0x00000000000005b1       0x2d d:/stm32_learning_document/en.st-stm32cubeide_1.10.1_12716_20220707_0928_x86_64.exe/stm32cubeide_1.10.1/stm32cubeide/plugins/com.st.stm32cube.ide.mcu.externaltools.gnu-tools-for-stm32.10.3-2021.10.win32_1.0.0.202111181127/tools/bin/../lib/gcc/arm-none-eabi/10.3.1/../../../../arm-none-eabi/lib/thumb/v7-m/nofp\libc_nano.a(lib_a-malloc.o)
 .ARM.attributes
                0x00000000000005de       0x2d d:/stm32_learning_document/en.st-stm32cubeide_1.10.1_12716_20220707_0928_x86_64.exe/stm32cubeide_1.10.1/stm32cubeide/plugins/com.st.stm32cube.ide.mcu.externaltools.gnu-tools-for-stm32.10.3-2021.10.win32_1.0.0.202111181127/tools/bin/../lib/gcc/arm-none-eabi/10.3.1/../../../../arm-none-eabi/lib/thumb/v7-m/nofp\libc_nano.a(lib_a-memcmp.o)
 .ARM.attributes
                0x000000000000060b       0x2d d:/stm32_learning_document/en.st-stm32cubeide_1.10.1_12716_20220707_0928_x86_64.exe/stm32cubeide_1.10.1/stm32cubeide/plugins/com.st.stm32cube.ide.mcu.externaltools.gnu-tools-for-stm32.10.3-2021.10.win32_1.0.0.202111181127/tools/bin/../lib/gcc/arm-none-eabi/10.3.1/../../../../arm-none-eabi/lib/thumb/v7-m/nofp\libc_nano.a(lib_a-memcpy-stub.o)
 .ARM.attributes
                0x0000000000000638       0x2d d:/stm32_learning_document/en.st-stm32cubeide_1.10.1_12716_20220707_0928_x86_64.exe/stm32cubeide_1.10.1/stm32cubeide/plugins/com.st.stm32cube.ide.mcu.externaltools.gnu-tools-for-stm32.10.3-2021.10.win32_1.0.0.202111181127/tools/bin/../lib/gcc/arm-none-eabi/10.3.1/../../../../arm-none-eabi/lib/thumb/v7-m/nofp\libc_nano.a(lib_a-memset.o)
 .ARM.attributes
                0x0000000000000665       0x2d d:/stm32_learning_document/en.st-stm32cubeide_1.10.1_12716_20220707_0928_x86_64.exe/stm32cubeide_1.10.1/stm32cubeide/plugins/com.st.stm32cube.ide.mcu.externaltools.gnu-tools-for-stm32.10.3-2021.10.win32_1.0.0.202111181127/tools/bin/../lib/gcc/arm-none-eabi/10.3.1/../../../../arm-none-eabi/lib/thumb/v7-m/nofp\libc_nano.a(lib_a-nano-freer.o)
 .ARM.attributes
                0x0000000000000692       0x2d d:/stm32_learning_document/en.st-stm32cubeide_1.10.1_12716_20220707_0928_x86_64.exe/stm32cubeide_1.10.1/stm32cubeide/plugins/com.st.stm32cube.ide.mcu.externaltools.gnu-tools-for-stm32.10.3-2021.10.win32_1.0.0.202111181127/tools/bin/../lib/gcc/arm-none-eabi/10.3.1/../../../../arm-none-eabi/lib/thumb/v7-m/nofp\libc_nano.a(lib_a-nano-mallocr.o)
 .ARM.attributes
                0x00000000000006bf       0x2d d:/stm32_learning_document/en.st-stm32cubeide_1.10.1_12716_20220707_0928_x86_64.exe/stm32cubeide_1.10.1/stm32cubeide/plugins/com.st.stm32cube.ide.mcu.externaltools.gnu-tools-for-stm32.10.3-2021.10.win32_1.0.0.202111181127/tools/bin/../lib/gcc/arm-none-eabi/10.3.1/../../../../arm-none-eabi/lib/thumb/v7-m/nofp\libc_nano.a(lib_a-sbrkr.o)
 .ARM.attributes
                0x00000000000006ec       0x2d d:/stm32_learning_document/en.st-stm32cubeide_1.10.1_12716_20220707_0928_x86_64.exe/stm32cubeide_1.10.1/stm32cubeide/plugins/com.st.stm32cube.ide.mcu.externaltools.gnu-tools-for-stm32.10.3-2021.10.win32_1.0.0.202111181127/tools/bin/../lib/gcc/arm-none-eabi/10.3.1/../../../../arm-none-eabi/lib/thumb/v7-m/nofp\libc_nano.a(lib_a-sprintf.o)
 .ARM.attributes
                0x0000000000000719       0x17 d:/stm32_learning_document/en.st-stm32cubeide_1.10.1_12716_20220707_0928_x86_64.exe/stm32cubeide_1.10.1/stm32cubeide/plugins/com.st.stm32cube.ide.mcu.externaltools.gnu-tools-for-stm32.10.3-2021.10.win32_1.0.0.202111181127/tools/bin/../lib/gcc/arm-none-eabi/10.3.1/../../../../arm-none-eabi/lib/thumb/v7-m/nofp\libc_nano.a(lib_a-strlen.o)
 .ARM.attributes
                0x0000000000000730       0x2d d:/stm32_learning_document/en.st-stm32cubeide_1.10.1_12716_20220707_0928_x86_64.exe/stm32cubeide_1.10.1/stm32cubeide/plugins/com.st.stm32cube.ide.mcu.externaltools.gnu-tools-for-stm32.10.3-2021.10.win32_1.0.0.202111181127/tools/bin/../lib/gcc/arm-none-eabi/10.3.1/../../../../arm-none-eabi/lib/thumb/v7-m/nofp\libc_nano.a(lib_a-strtol.o)
 .ARM.attributes
                0x000000000000075d       0x2d d:/stm32_learning_document/en.st-stm32cubeide_1.10.1_12716_20220707_0928_x86_64.exe/stm32cubeide_1.10.1/stm32cubeide/plugins/com.st.stm32cube.ide.mcu.externaltools.gnu-tools-for-stm32.10.3-2021.10.win32_1.0.0.202111181127/tools/bin/../lib/gcc/arm-none-eabi/10.3.1/../../../../arm-none-eabi/lib/thumb/v7-m/nofp\libc_nano.a(lib_a-ctype_.o)
 .ARM.attributes
                0x000000000000078a       0x2d d:/stm32_learning_document/en.st-stm32cubeide_1.10.1_12716_20220707_0928_x86_64.exe/stm32cubeide_1.10.1/stm32cubeide/plugins/com.st.stm32cube.ide.mcu.externaltools.gnu-tools-for-stm32.10.3-2021.10.win32_1.0.0.202111181127/tools/bin/../lib/gcc/arm-none-eabi/10.3.1/../../../../arm-none-eabi/lib/thumb/v7-m/nofp\libc_nano.a(lib_a-lock.o)
 .ARM.attributes
                0x00000000000007b7       0x2d d:/stm32_learning_document/en.st-stm32cubeide_1.10.1_12716_20220707_0928_x86_64.exe/stm32cubeide_1.10.1/stm32cubeide/plugins/com.st.stm32cube.ide.mcu.externaltools.gnu-tools-for-stm32.10.3-2021.10.win32_1.0.0.202111181127/tools/bin/../lib/gcc/arm-none-eabi/10.3.1/../../../../arm-none-eabi/lib/thumb/v7-m/nofp\libc_nano.a(lib_a-mlock.o)
 .ARM.attributes
                0x00000000000007e4       0x2d d:/stm32_learning_document/en.st-stm32cubeide_1.10.1_12716_20220707_0928_x86_64.exe/stm32cubeide_1.10.1/stm32cubeide/plugins/com.st.stm32cube.ide.mcu.externaltools.gnu-tools-for-stm32.10.3-2021.10.win32_1.0.0.202111181127/tools/bin/../lib/gcc/arm-none-eabi/10.3.1/../../../../arm-none-eabi/lib/thumb/v7-m/nofp\libc_nano.a(lib_a-nano-svfprintf.o)
 .ARM.attributes
                0x0000000000000811       0x2d d:/stm32_learning_document/en.st-stm32cubeide_1.10.1_12716_20220707_0928_x86_64.exe/stm32cubeide_1.10.1/stm32cubeide/plugins/com.st.stm32cube.ide.mcu.externaltools.gnu-tools-for-stm32.10.3-2021.10.win32_1.0.0.202111181127/tools/bin/../lib/gcc/arm-none-eabi/10.3.1/../../../../arm-none-eabi/lib/thumb/v7-m/nofp\libc_nano.a(lib_a-nano-vfprintf_i.o)
 .ARM.attributes
                0x000000000000083e       0x2d d:/stm32_learning_document/en.st-stm32cubeide_1.10.1_12716_20220707_0928_x86_64.exe/stm32cubeide_1.10.1/stm32cubeide/plugins/com.st.stm32cube.ide.mcu.externaltools.gnu-tools-for-stm32.10.3-2021.10.win32_1.0.0.202111181127/tools/bin/../lib/gcc/arm-none-eabi/10.3.1/../../../../arm-none-eabi/lib/thumb/v7-m/nofp\libc_nano.a(lib_a-reent.o)
 .ARM.attributes
                0x000000000000086b       0x2d d:/stm32_learning_document/en.st-stm32cubeide_1.10.1_12716_20220707_0928_x86_64.exe/stm32cubeide_1.10.1/stm32cubeide/plugins/com.st.stm32cube.ide.mcu.externaltools.gnu-tools-for-stm32.10.3-2021.10.win32_1.0.0.202111181127/tools/bin/../lib/gcc/arm-none-eabi/10.3.1/../../../../arm-none-eabi/lib/thumb/v7-m/nofp\libc_nano.a(lib_a-memchr-stub.o)
 .ARM.attributes
                0x0000000000000898       0x2d d:/stm32_learning_document/en.st-stm32cubeide_1.10.1_12716_20220707_0928_x86_64.exe/stm32cubeide_1.10.1/stm32cubeide/plugins/com.st.stm32cube.ide.mcu.externaltools.gnu-tools-for-stm32.10.3-2021.10.win32_1.0.0.202111181127/tools/bin/../lib/gcc/arm-none-eabi/10.3.1/../../../../arm-none-eabi/lib/thumb/v7-m/nofp\libc_nano.a(lib_a-memmove.o)
 .ARM.attributes
                0x00000000000008c5       0x2d d:/stm32_learning_document/en.st-stm32cubeide_1.10.1_12716_20220707_0928_x86_64.exe/stm32cubeide_1.10.1/stm32cubeide/plugins/com.st.stm32cube.ide.mcu.externaltools.gnu-tools-for-stm32.10.3-2021.10.win32_1.0.0.202111181127/tools/bin/../lib/gcc/arm-none-eabi/10.3.1/../../../../arm-none-eabi/lib/thumb/v7-m/nofp\libc_nano.a(lib_a-nano-reallocr.o)
 .ARM.attributes
                0x00000000000008f2       0x2d d:/stm32_learning_document/en.st-stm32cubeide_1.10.1_12716_20220707_0928_x86_64.exe/stm32cubeide_1.10.1/stm32cubeide/plugins/com.st.stm32cube.ide.mcu.externaltools.gnu-tools-for-stm32.10.3-2021.10.win32_1.0.0.202111181127/tools/bin/../lib/gcc/arm-none-eabi/10.3.1/../../../../arm-none-eabi/lib/thumb/v7-m/nofp\libc_nano.a(lib_a-findfp.o)
 .ARM.attributes
                0x000000000000091f       0x2d d:/stm32_learning_document/en.st-stm32cubeide_1.10.1_12716_20220707_0928_x86_64.exe/stm32cubeide_1.10.1/stm32cubeide/plugins/com.st.stm32cube.ide.mcu.externaltools.gnu-tools-for-stm32.10.3-2021.10.win32_1.0.0.202111181127/tools/bin/../lib/gcc/arm-none-eabi/10.3.1/../../../../arm-none-eabi/lib/thumb/v7-m/nofp\libc_nano.a(lib_a-nano-msizer.o)
 .ARM.attributes
                0x000000000000094c       0x1d d:/stm32_learning_document/en.st-stm32cubeide_1.10.1_12716_20220707_0928_x86_64.exe/stm32cubeide_1.10.1/stm32cubeide/plugins/com.st.stm32cube.ide.mcu.externaltools.gnu-tools-for-stm32.10.3-2021.10.win32_1.0.0.202111181127/tools/bin/../lib/gcc/arm-none-eabi/10.3.1/thumb/v7-m/nofp/crtn.o
OUTPUT(Station.elf elf32-littlearm)
LOAD linker stubs
LOAD d:/stm32_learning_document/en.st-stm32cubeide_1.10.1_12716_20220707_0928_x86_64.exe/stm32cubeide_1.10.1/stm32cubeide/plugins/com.st.stm32cube.ide.mcu.externaltools.gnu-tools-for-stm32.10.3-2021.10.win32_1.0.0.202111181127/tools/bin/../lib/gcc/arm-none-eabi/10.3.1/../../../../arm-none-eabi/lib/thumb/v7-m/nofp\libc.a
LOAD d:/stm32_learning_document/en.st-stm32cubeide_1.10.1_12716_20220707_0928_x86_64.exe/stm32cubeide_1.10.1/stm32cubeide/plugins/com.st.stm32cube.ide.mcu.externaltools.gnu-tools-for-stm32.10.3-2021.10.win32_1.0.0.202111181127/tools/bin/../lib/gcc/arm-none-eabi/10.3.1/../../../../arm-none-eabi/lib/thumb/v7-m/nofp\libm.a
LOAD d:/stm32_learning_document/en.st-stm32cubeide_1.10.1_12716_20220707_0928_x86_64.exe/stm32cubeide_1.10.1/stm32cubeide/plugins/com.st.stm32cube.ide.mcu.externaltools.gnu-tools-for-stm32.10.3-2021.10.win32_1.0.0.202111181127/tools/bin/../lib/gcc/arm-none-eabi/10.3.1/thumb/v7-m/nofp\libgcc.a

.debug_info     0x0000000000000000    0x11555
 .debug_info    0x0000000000000000      0x556 ./Core/Src/Application/App_MQTT.o
 .debug_info    0x0000000000000556      0x9a8 ./Core/Src/Communication/Serial_CFG.o
 .debug_info    0x0000000000000efe      0x704 ./Core/Src/Communication/Serial_log.o
 .debug_info    0x0000000000001602      0xf5f ./Core/Src/Device/SIM.o
 .debug_info    0x0000000000002561      0xa48 ./Core/Src/Device/ds3231.o
 .debug_info    0x0000000000002fa9      0xf35 ./Core/Src/Protocol/MQTT.o
 .debug_info    0x0000000000003ede      0x82b ./Core/Src/adc.o
 .debug_info    0x0000000000004709      0x2ed ./Core/Src/dma.o
 .debug_info    0x00000000000049f6      0x312 ./Core/Src/gpio.o
 .debug_info    0x0000000000004d08      0x8f7 ./Core/Src/i2c.o
 .debug_info    0x00000000000055ff      0x2b8 ./Core/Src/linkedlist.o
 .debug_info    0x00000000000058b7     0x1239 ./Core/Src/main.o
 .debug_info    0x0000000000006af0      0x217 ./Core/Src/stm32f1xx_hal_msp.o
 .debug_info    0x0000000000006d07      0x6ee ./Core/Src/stm32f1xx_it.o
 .debug_info    0x00000000000073f5      0x171 ./Core/Src/sysmem.o
 .debug_info    0x0000000000007566      0x23d ./Core/Src/system_stm32f1xx.o
 .debug_info    0x00000000000077a3      0xb87 ./Core/Src/usart.o
 .debug_info    0x000000000000832a       0x22 ./Core/Startup/startup_stm32f103c8tx.o
 .debug_info    0x000000000000834c      0x734 ./Drivers/STM32F1xx_HAL_Driver/Src/stm32f1xx_hal.o
 .debug_info    0x0000000000008a80      0xcfe ./Drivers/STM32F1xx_HAL_Driver/Src/stm32f1xx_hal_adc.o
 .debug_info    0x000000000000977e      0xb20 ./Drivers/STM32F1xx_HAL_Driver/Src/stm32f1xx_hal_cortex.o
 .debug_info    0x000000000000a29e      0x744 ./Drivers/STM32F1xx_HAL_Driver/Src/stm32f1xx_hal_dma.o
 .debug_info    0x000000000000a9e2      0x615 ./Drivers/STM32F1xx_HAL_Driver/Src/stm32f1xx_hal_gpio.o
 .debug_info    0x000000000000aff7     0x2761 ./Drivers/STM32F1xx_HAL_Driver/Src/stm32f1xx_hal_i2c.o
 .debug_info    0x000000000000d758      0x865 ./Drivers/STM32F1xx_HAL_Driver/Src/stm32f1xx_hal_rcc.o
 .debug_info    0x000000000000dfbd      0x3e6 ./Drivers/STM32F1xx_HAL_Driver/Src/stm32f1xx_hal_rcc_ex.o
 .debug_info    0x000000000000e3a3     0x31b2 ./Drivers/STM32F1xx_HAL_Driver/Src/stm32f1xx_hal_uart.o

.debug_abbrev   0x0000000000000000     0x335f
 .debug_abbrev  0x0000000000000000      0x17d ./Core/Src/Application/App_MQTT.o
 .debug_abbrev  0x000000000000017d      0x269 ./Core/Src/Communication/Serial_CFG.o
 .debug_abbrev  0x00000000000003e6      0x1d2 ./Core/Src/Communication/Serial_log.o
 .debug_abbrev  0x00000000000005b8      0x352 ./Core/Src/Device/SIM.o
 .debug_abbrev  0x000000000000090a      0x1e0 ./Core/Src/Device/ds3231.o
 .debug_abbrev  0x0000000000000aea      0x34d ./Core/Src/Protocol/MQTT.o
 .debug_abbrev  0x0000000000000e37      0x1ce ./Core/Src/adc.o
 .debug_abbrev  0x0000000000001005       0xf8 ./Core/Src/dma.o
 .debug_abbrev  0x00000000000010fd      0x134 ./Core/Src/gpio.o
 .debug_abbrev  0x0000000000001231      0x1e0 ./Core/Src/i2c.o
 .debug_abbrev  0x0000000000001411      0x152 ./Core/Src/linkedlist.o
 .debug_abbrev  0x0000000000001563      0x32c ./Core/Src/main.o
 .debug_abbrev  0x000000000000188f       0xd4 ./Core/Src/stm32f1xx_hal_msp.o
 .debug_abbrev  0x0000000000001963      0x180 ./Core/Src/stm32f1xx_it.o
 .debug_abbrev  0x0000000000001ae3       0xbb ./Core/Src/sysmem.o
 .debug_abbrev  0x0000000000001b9e      0x13b ./Core/Src/system_stm32f1xx.o
 .debug_abbrev  0x0000000000001cd9      0x232 ./Core/Src/usart.o
 .debug_abbrev  0x0000000000001f0b       0x12 ./Core/Startup/startup_stm32f103c8tx.o
 .debug_abbrev  0x0000000000001f1d      0x1fb ./Drivers/STM32F1xx_HAL_Driver/Src/stm32f1xx_hal.o
 .debug_abbrev  0x0000000000002118      0x210 ./Drivers/STM32F1xx_HAL_Driver/Src/stm32f1xx_hal_adc.o
 .debug_abbrev  0x0000000000002328      0x2ed ./Drivers/STM32F1xx_HAL_Driver/Src/stm32f1xx_hal_cortex.o
 .debug_abbrev  0x0000000000002615      0x1fe ./Drivers/STM32F1xx_HAL_Driver/Src/stm32f1xx_hal_dma.o
 .debug_abbrev  0x0000000000002813      0x1bb ./Drivers/STM32F1xx_HAL_Driver/Src/stm32f1xx_hal_gpio.o
 .debug_abbrev  0x00000000000029ce      0x288 ./Drivers/STM32F1xx_HAL_Driver/Src/stm32f1xx_hal_i2c.o
 .debug_abbrev  0x0000000000002c56      0x2a8 ./Drivers/STM32F1xx_HAL_Driver/Src/stm32f1xx_hal_rcc.o
 .debug_abbrev  0x0000000000002efe      0x182 ./Drivers/STM32F1xx_HAL_Driver/Src/stm32f1xx_hal_rcc_ex.o
 .debug_abbrev  0x0000000000003080      0x2df ./Drivers/STM32F1xx_HAL_Driver/Src/stm32f1xx_hal_uart.o

.debug_aranges  0x0000000000000000      0xdf0
 .debug_aranges
                0x0000000000000000       0x28 ./Core/Src/Application/App_MQTT.o
 .debug_aranges
                0x0000000000000028       0x50 ./Core/Src/Communication/Serial_CFG.o
 .debug_aranges
                0x0000000000000078       0x40 ./Core/Src/Communication/Serial_log.o
 .debug_aranges
                0x00000000000000b8       0x80 ./Core/Src/Device/SIM.o
 .debug_aranges
                0x0000000000000138       0x68 ./Core/Src/Device/ds3231.o
 .debug_aranges
                0x00000000000001a0       0xc0 ./Core/Src/Protocol/MQTT.o
 .debug_aranges
                0x0000000000000260       0x30 ./Core/Src/adc.o
 .debug_aranges
                0x0000000000000290       0x20 ./Core/Src/dma.o
 .debug_aranges
                0x00000000000002b0       0x20 ./Core/Src/gpio.o
 .debug_aranges
                0x00000000000002d0       0x30 ./Core/Src/i2c.o
 .debug_aranges
                0x0000000000000300       0x30 ./Core/Src/linkedlist.o
 .debug_aranges
                0x0000000000000330       0x48 ./Core/Src/main.o
 .debug_aranges
                0x0000000000000378       0x20 ./Core/Src/stm32f1xx_hal_msp.o
 .debug_aranges
                0x0000000000000398       0x90 ./Core/Src/stm32f1xx_it.o
 .debug_aranges
                0x0000000000000428       0x20 ./Core/Src/sysmem.o
 .debug_aranges
                0x0000000000000448       0x28 ./Core/Src/system_stm32f1xx.o
 .debug_aranges
                0x0000000000000470       0x40 ./Core/Src/usart.o
 .debug_aranges
                0x00000000000004b0       0x28 ./Core/Startup/startup_stm32f103c8tx.o
 .debug_aranges
                0x00000000000004d8       0xe0 ./Drivers/STM32F1xx_HAL_Driver/Src/stm32f1xx_hal.o
 .debug_aranges
                0x00000000000005b8       0xf0 ./Drivers/STM32F1xx_HAL_Driver/Src/stm32f1xx_hal_adc.o
 .debug_aranges
                0x00000000000006a8      0x100 ./Drivers/STM32F1xx_HAL_Driver/Src/stm32f1xx_hal_cortex.o
 .debug_aranges
                0x00000000000007a8       0x80 ./Drivers/STM32F1xx_HAL_Driver/Src/stm32f1xx_hal_dma.o
 .debug_aranges
                0x0000000000000828       0x58 ./Drivers/STM32F1xx_HAL_Driver/Src/stm32f1xx_hal_gpio.o
 .debug_aranges
                0x0000000000000880      0x2a8 ./Drivers/STM32F1xx_HAL_Driver/Src/stm32f1xx_hal_i2c.o
 .debug_aranges
                0x0000000000000b28       0x90 ./Drivers/STM32F1xx_HAL_Driver/Src/stm32f1xx_hal_rcc.o
 .debug_aranges
                0x0000000000000bb8       0x30 ./Drivers/STM32F1xx_HAL_Driver/Src/stm32f1xx_hal_rcc_ex.o
 .debug_aranges
                0x0000000000000be8      0x208 ./Drivers/STM32F1xx_HAL_Driver/Src/stm32f1xx_hal_uart.o

.debug_ranges   0x0000000000000000      0xc90
 .debug_ranges  0x0000000000000000       0x18 ./Core/Src/Application/App_MQTT.o
 .debug_ranges  0x0000000000000018       0x40 ./Core/Src/Communication/Serial_CFG.o
 .debug_ranges  0x0000000000000058       0x30 ./Core/Src/Communication/Serial_log.o
 .debug_ranges  0x0000000000000088       0x70 ./Core/Src/Device/SIM.o
 .debug_ranges  0x00000000000000f8       0x58 ./Core/Src/Device/ds3231.o
 .debug_ranges  0x0000000000000150       0xb0 ./Core/Src/Protocol/MQTT.o
 .debug_ranges  0x0000000000000200       0x20 ./Core/Src/adc.o
 .debug_ranges  0x0000000000000220       0x10 ./Core/Src/dma.o
 .debug_ranges  0x0000000000000230       0x10 ./Core/Src/gpio.o
 .debug_ranges  0x0000000000000240       0x20 ./Core/Src/i2c.o
 .debug_ranges  0x0000000000000260       0x20 ./Core/Src/linkedlist.o
 .debug_ranges  0x0000000000000280       0x38 ./Core/Src/main.o
 .debug_ranges  0x00000000000002b8       0x10 ./Core/Src/stm32f1xx_hal_msp.o
 .debug_ranges  0x00000000000002c8       0x80 ./Core/Src/stm32f1xx_it.o
 .debug_ranges  0x0000000000000348       0x10 ./Core/Src/sysmem.o
 .debug_ranges  0x0000000000000358       0x18 ./Core/Src/system_stm32f1xx.o
 .debug_ranges  0x0000000000000370       0x30 ./Core/Src/usart.o
 .debug_ranges  0x00000000000003a0       0x20 ./Core/Startup/startup_stm32f103c8tx.o
 .debug_ranges  0x00000000000003c0       0xd0 ./Drivers/STM32F1xx_HAL_Driver/Src/stm32f1xx_hal.o
 .debug_ranges  0x0000000000000490       0xe0 ./Drivers/STM32F1xx_HAL_Driver/Src/stm32f1xx_hal_adc.o
 .debug_ranges  0x0000000000000570       0xf0 ./Drivers/STM32F1xx_HAL_Driver/Src/stm32f1xx_hal_cortex.o
 .debug_ranges  0x0000000000000660       0x70 ./Drivers/STM32F1xx_HAL_Driver/Src/stm32f1xx_hal_dma.o
 .debug_ranges  0x00000000000006d0       0x48 ./Drivers/STM32F1xx_HAL_Driver/Src/stm32f1xx_hal_gpio.o
 .debug_ranges  0x0000000000000718      0x2b0 ./Drivers/STM32F1xx_HAL_Driver/Src/stm32f1xx_hal_i2c.o
 .debug_ranges  0x00000000000009c8       0x80 ./Drivers/STM32F1xx_HAL_Driver/Src/stm32f1xx_hal_rcc.o
 .debug_ranges  0x0000000000000a48       0x20 ./Drivers/STM32F1xx_HAL_Driver/Src/stm32f1xx_hal_rcc_ex.o
 .debug_ranges  0x0000000000000a68      0x228 ./Drivers/STM32F1xx_HAL_Driver/Src/stm32f1xx_hal_uart.o

.debug_macro    0x0000000000000000    0x1a86a
 .debug_macro   0x0000000000000000      0x2ed ./Core/Src/Application/App_MQTT.o
 .debug_macro   0x00000000000002ed      0xa6c ./Core/Src/Application/App_MQTT.o
 .debug_macro   0x0000000000000d59       0x2e ./Core/Src/Application/App_MQTT.o
 .debug_macro   0x0000000000000d87       0x22 ./Core/Src/Application/App_MQTT.o
 .debug_macro   0x0000000000000da9       0x22 ./Core/Src/Application/App_MQTT.o
 .debug_macro   0x0000000000000dcb       0x8e ./Core/Src/Application/App_MQTT.o
 .debug_macro   0x0000000000000e59       0x51 ./Core/Src/Application/App_MQTT.o
 .debug_macro   0x0000000000000eaa      0x103 ./Core/Src/Application/App_MQTT.o
 .debug_macro   0x0000000000000fad       0x6a ./Core/Src/Application/App_MQTT.o
 .debug_macro   0x0000000000001017      0x1df ./Core/Src/Application/App_MQTT.o
 .debug_macro   0x00000000000011f6       0x1c ./Core/Src/Application/App_MQTT.o
 .debug_macro   0x0000000000001212       0x22 ./Core/Src/Application/App_MQTT.o
 .debug_macro   0x0000000000001234       0xbd ./Core/Src/Application/App_MQTT.o
 .debug_macro   0x00000000000012f1      0xd23 ./Core/Src/Application/App_MQTT.o
 .debug_macro   0x0000000000002014     0xe09e ./Core/Src/Application/App_MQTT.o
 .debug_macro   0x00000000000100b2       0x6d ./Core/Src/Application/App_MQTT.o
 .debug_macro   0x000000000001011f      0x227 ./Core/Src/Application/App_MQTT.o
 .debug_macro   0x0000000000010346     0x348d ./Core/Src/Application/App_MQTT.o
 .debug_macro   0x00000000000137d3      0x174 ./Core/Src/Application/App_MQTT.o
 .debug_macro   0x0000000000013947       0x5c ./Core/Src/Application/App_MQTT.o
 .debug_macro   0x00000000000139a3      0x5bc ./Core/Src/Application/App_MQTT.o
 .debug_macro   0x0000000000013f5f      0x289 ./Core/Src/Application/App_MQTT.o
 .debug_macro   0x00000000000141e8      0x1cb ./Core/Src/Application/App_MQTT.o
 .debug_macro   0x00000000000143b3      0x114 ./Core/Src/Application/App_MQTT.o
 .debug_macro   0x00000000000144c7      0x1b2 ./Core/Src/Application/App_MQTT.o
 .debug_macro   0x0000000000014679       0x27 ./Core/Src/Application/App_MQTT.o
 .debug_macro   0x00000000000146a0      0x136 ./Core/Src/Application/App_MQTT.o
 .debug_macro   0x00000000000147d6      0x1bc ./Core/Src/Application/App_MQTT.o
 .debug_macro   0x0000000000014992       0x34 ./Core/Src/Application/App_MQTT.o
 .debug_macro   0x00000000000149c6       0x3c ./Core/Src/Application/App_MQTT.o
 .debug_macro   0x0000000000014a02       0x57 ./Core/Src/Application/App_MQTT.o
 .debug_macro   0x0000000000014a59      0x46a ./Core/Src/Application/App_MQTT.o
 .debug_macro   0x0000000000014ec3      0x1b5 ./Core/Src/Application/App_MQTT.o
 .debug_macro   0x0000000000015078       0x87 ./Core/Src/Application/App_MQTT.o
 .debug_macro   0x00000000000150ff      0x240 ./Core/Src/Application/App_MQTT.o
 .debug_macro   0x000000000001533f      0x287 ./Core/Src/Application/App_MQTT.o
 .debug_macro   0x00000000000155c6      0x140 ./Core/Src/Application/App_MQTT.o
 .debug_macro   0x0000000000015706      0x28e ./Core/Src/Application/App_MQTT.o
 .debug_macro   0x0000000000015994       0x83 ./Core/Src/Application/App_MQTT.o
 .debug_macro   0x0000000000015a17       0x52 ./Core/Src/Application/App_MQTT.o
 .debug_macro   0x0000000000015a69       0x10 ./Core/Src/Application/App_MQTT.o
 .debug_macro   0x0000000000015a79       0x18 ./Core/Src/Application/App_MQTT.o
 .debug_macro   0x0000000000015a91       0x52 ./Core/Src/Application/App_MQTT.o
 .debug_macro   0x0000000000015ae3       0x3c ./Core/Src/Application/App_MQTT.o
 .debug_macro   0x0000000000015b1f       0x34 ./Core/Src/Application/App_MQTT.o
 .debug_macro   0x0000000000015b53       0x16 ./Core/Src/Application/App_MQTT.o
 .debug_macro   0x0000000000015b69       0x35 ./Core/Src/Application/App_MQTT.o
 .debug_macro   0x0000000000015b9e       0x16 ./Core/Src/Application/App_MQTT.o
 .debug_macro   0x0000000000015bb4       0x43 ./Core/Src/Application/App_MQTT.o
 .debug_macro   0x0000000000015bf7       0x34 ./Core/Src/Application/App_MQTT.o
 .debug_macro   0x0000000000015c2b       0x10 ./Core/Src/Application/App_MQTT.o
 .debug_macro   0x0000000000015c3b       0x58 ./Core/Src/Application/App_MQTT.o
 .debug_macro   0x0000000000015c93       0x71 ./Core/Src/Application/App_MQTT.o
 .debug_macro   0x0000000000015d04       0x1c ./Core/Src/Application/App_MQTT.o
 .debug_macro   0x0000000000015d20      0x12a ./Core/Src/Application/App_MQTT.o
 .debug_macro   0x0000000000015e4a      0x341 ./Core/Src/Application/App_MQTT.o
 .debug_macro   0x000000000001618b       0x16 ./Core/Src/Application/App_MQTT.o
 .debug_macro   0x00000000000161a1       0x29 ./Core/Src/Application/App_MQTT.o
 .debug_macro   0x00000000000161ca       0x22 ./Core/Src/Application/App_MQTT.o
 .debug_macro   0x00000000000161ec       0x1c ./Core/Src/Application/App_MQTT.o
 .debug_macro   0x0000000000016208       0x52 ./Core/Src/Application/App_MQTT.o
 .debug_macro   0x000000000001625a      0x385 ./Core/Src/Communication/Serial_CFG.o
 .debug_macro   0x00000000000165df       0x10 ./Core/Src/Communication/Serial_CFG.o
 .debug_macro   0x00000000000165ef       0x20 ./Core/Src/Communication/Serial_CFG.o
 .debug_macro   0x000000000001660f       0x1c ./Core/Src/Communication/Serial_CFG.o
 .debug_macro   0x000000000001662b       0x10 ./Core/Src/Communication/Serial_CFG.o
 .debug_macro   0x000000000001663b       0x10 ./Core/Src/Communication/Serial_CFG.o
 .debug_macro   0x000000000001664b       0x1c ./Core/Src/Communication/Serial_CFG.o
 .debug_macro   0x0000000000016667       0x52 ./Core/Src/Communication/Serial_CFG.o
 .debug_macro   0x00000000000166b9       0x22 ./Core/Src/Communication/Serial_CFG.o
 .debug_macro   0x00000000000166db       0x10 ./Core/Src/Communication/Serial_CFG.o
 .debug_macro   0x00000000000166eb       0x52 ./Core/Src/Communication/Serial_CFG.o
 .debug_macro   0x000000000001673d       0xd5 ./Core/Src/Communication/Serial_CFG.o
 .debug_macro   0x0000000000016812       0x1c ./Core/Src/Communication/Serial_CFG.o
 .debug_macro   0x000000000001682e       0x3d ./Core/Src/Communication/Serial_CFG.o
 .debug_macro   0x000000000001686b       0x16 ./Core/Src/Communication/Serial_CFG.o
 .debug_macro   0x0000000000016881      0x145 ./Core/Src/Communication/Serial_CFG.o
 .debug_macro   0x00000000000169c6      0x34b ./Core/Src/Communication/Serial_log.o
 .debug_macro   0x0000000000016d11       0x16 ./Core/Src/Communication/Serial_log.o
 .debug_macro   0x0000000000016d27       0x16 ./Core/Src/Communication/Serial_log.o
 .debug_macro   0x0000000000016d3d      0x3af ./Core/Src/Device/SIM.o
 .debug_macro   0x00000000000170ec       0x4c ./Core/Src/Device/SIM.o
 .debug_macro   0x0000000000017138       0x94 ./Core/Src/Device/SIM.o
 .debug_macro   0x00000000000171cc       0x57 ./Core/Src/Device/SIM.o
 .debug_macro   0x0000000000017223       0x97 ./Core/Src/Device/SIM.o
 .debug_macro   0x00000000000172ba       0xfd ./Core/Src/Device/SIM.o