../Core/Src/Protocol/Lora.c:41:6:initLora	8	static
../Core/Src/Protocol/Lora.c:49:6:initmyLora	4	static
../Core/Src/Protocol/Lora.c:54:6:enableReceiveDMAtoIdle_Lora	8	static
../Core/Src/Protocol/Lora.c:60:6:Lora_callback	16	static
../Core/Src/Protocol/Lora.c:108:6:MarkAsReadData_LORA	4	static
../Core/Src/Protocol/Lora.c:113:6:isIDExist	24	static
../Core/Src/Protocol/Lora.c:123:6:Lora_receive	384	dynamic
../Core/Src/Protocol/Lora.c:239:9:Lora_Setmode	24	static
../Core/Src/Protocol/Lora.c:261:6:testLora_receive	8	static
