../Core/Src/Protocol/MQTT.c:23:6:init_MQTT	16	static
../Core/Src/Protocol/MQTT.c:28:9:SumofOccurances	40	static
../Core/Src/Protocol/MQTT.c:44:16:getContent	88	static
../Core/Src/Protocol/MQTT.c:88:9:MQTT_receiveGetTopicandPayloadLength	56	static
../Core/Src/Protocol/MQTT.c:111:9:MQTT_receiveGetTopic	24	static
../Core/Src/Protocol/MQTT.c:116:9:MQTT_receiveGetPayload	24	static
../Core/Src/Protocol/MQTT.c:120:9:MQTT_receive	16	static
../Core/Src/Protocol/MQTT.c:135:9:MQTT_connected	16	static
../Core/Src/Protocol/MQTT.c:154:9:startMQTT	24	static
../Core/Src/Protocol/MQTT.c:174:9:acquireMQTTclient	24	static
../Core/Src/Protocol/MQTT.c:183:9:releaseMQTTclient	16	static
../Core/Src/Protocol/MQTT.c:192:9:configureMQTT	24	static
../Core/Src/Protocol/MQTT.c:216:9:sendConnectMessage	16	static
../Core/Src/Protocol/MQTT.c:230:9:MQTT_checkNWavailable	16	static
../Core/Src/Protocol/MQTT.c:257:9:MQTT_connect	8	static
../Core/Src/Protocol/MQTT.c:288:9:MQTT_disconnect	16	static
../Core/Src/Protocol/MQTT.c:301:9:MQTT_publish	40	static
../Core/Src/Protocol/MQTT.c:325:9:MQTT_subcribe	32	static
../Core/Src/Protocol/MQTT.c:339:6:MQTT_testReceive	4	static
