../Core/Src/Protocol/MQTT.c:24:6:init_MQTT	16	static
../Core/Src/Protocol/MQTT.c:29:9:SumofOccurances	40	static
../Core/Src/Protocol/MQTT.c:45:16:getContent	88	static
../Core/Src/Protocol/MQTT.c:89:9:MQTT_receiveGetTopicandPayloadLength	56	static
../Core/Src/Protocol/MQTT.c:112:9:MQTT_receiveGetTopic	24	static
../Core/Src/Protocol/MQTT.c:117:9:MQTT_receiveGetPayload	24	static
../Core/Src/Protocol/MQTT.c:121:9:MQTT_receive	16	static
../Core/Src/Protocol/MQTT.c:136:9:MQTT_connected	16	static
../Core/Src/Protocol/MQTT.c:155:9:startMQTT	24	static
../Core/Src/Protocol/MQTT.c:175:9:acquireMQTTclient	24	static
../Core/Src/Protocol/MQTT.c:184:9:releaseMQTTclient	16	static
../Core/Src/Protocol/MQTT.c:193:9:configureMQTT	24	static
../Core/Src/Protocol/MQTT.c:217:9:sendConnectMessage	16	static
../Core/Src/Protocol/MQTT.c:231:9:MQTT_checkNWavailable	16	static
../Core/Src/Protocol/MQTT.c:258:9:MQTT_connect	8	static
../Core/Src/Protocol/MQTT.c:289:9:MQTT_disconnect	16	static
../Core/Src/Protocol/MQTT.c:302:9:MQTT_publish	40	static
../Core/Src/Protocol/MQTT.c:326:9:MQTT_subcribe	32	static
../Core/Src/Protocol/MQTT.c:340:6:MQTT_testReceive	4	static
