../Core/Src/Protocol/MQTT.c:21:10:getRemainsize	24	static
../Core/Src/Protocol/MQTT.c:25:9:SumofOccurances	40	static
../Core/Src/Protocol/MQTT.c:39:9:getBetween	40	static
../Core/Src/Protocol/MQTT.c:61:9:getContent	88	static
../Core/Src/Protocol/MQTT.c:105:9:MQTT_receiveGetTopicandPayloadLength	56	static
../Core/Src/Protocol/MQTT.c:128:9:MQTT_receiveGetTopic	24	static
../Core/Src/Protocol/MQTT.c:133:9:MQTT_receiveGetPayload	24	static
../Core/Src/Protocol/MQTT.c:137:9:MQTT_receive	16	static
../Core/Src/Protocol/MQTT.c:152:9:MQTT_connected	16	static
../Core/Src/Protocol/MQTT.c:171:9:startMQTT	24	static
../Core/Src/Protocol/MQTT.c:191:9:acquireMQTTclient	24	static
../Core/Src/Protocol/MQTT.c:200:9:releaseMQTTclient	16	static
../Core/Src/Protocol/MQTT.c:209:9:configureMQTT	24	static
../Core/Src/Protocol/MQTT.c:233:9:sendConnectMessage	16	static
../Core/Src/Protocol/MQTT.c:245:6:init_MQTT	16	static
../Core/Src/Protocol/MQTT.c:250:9:MQTT_checkNWavailable	8	static
../Core/Src/Protocol/MQTT.c:270:9:MQTT_connect	8	static
../Core/Src/Protocol/MQTT.c:297:9:MQTT_disconnect	16	static
../Core/Src/Protocol/MQTT.c:310:9:MQTT_publish	40	static
../Core/Src/Protocol/MQTT.c:334:9:MQTT_subcribe	32	static
../Core/Src/Protocol/MQTT.c:348:6:MQTT_testReceive	8	static
