../Core/Src/Protocol/MQTT.c:32:6:init_MQTT	4	static
../Core/Src/Protocol/MQTT.c:37:9:MQTT_getConnectflag	4	static
../Core/Src/Protocol/MQTT.c:41:9:SumofOccurances	40	static
../Core/Src/Protocol/MQTT.c:57:16:getContent	88	static
../Core/Src/Protocol/MQTT.c:101:9:MQTT_receiveGetTopicandPayloadLength	56	static
../Core/Src/Protocol/MQTT.c:124:9:MQTT_receiveGetTopic	24	static
../Core/Src/Protocol/MQTT.c:129:9:MQTT_receiveGetPayload	24	static
../Core/Src/Protocol/MQTT.c:133:9:MQTT_receive	16	static
../Core/Src/Protocol/MQTT.c:148:9:MQTT_connected	16	static
../Core/Src/Protocol/MQTT.c:167:9:startMQTT	24	static
../Core/Src/Protocol/MQTT.c:187:9:acquireMQTTclient	24	static
../Core/Src/Protocol/MQTT.c:207:9:releaseMQTTclient	16	static
../Core/Src/Protocol/MQTT.c:216:9:configureMQTT	24	static
../Core/Src/Protocol/MQTT.c:245:9:sendConnectMessage	16	static
../Core/Src/Protocol/MQTT.c:259:9:MQTT_checkNWavailable	16	static
../Core/Src/Protocol/MQTT.c:292:9:MQTT_connect	16	static
../Core/Src/Protocol/MQTT.c:329:9:MQTT_disconnect	16	static
../Core/Src/Protocol/MQTT.c:342:9:MQTT_publish	40	static
../Core/Src/Protocol/MQTT.c:370:9:MQTT_subcribe	32	static
../Core/Src/Protocol/MQTT.c:384:9:checkSubcribe	24	static
../Core/Src/Protocol/MQTT.c:391:6:MQTT_testReceive	4	static
