../Core/Src/Protocol/MQTT.c:26:6:init_MQTT	4	static
../Core/Src/Protocol/MQTT.c:31:9:MQTT_getConnectflag	4	static
../Core/Src/Protocol/MQTT.c:35:9:SumofOccurances	40	static
../Core/Src/Protocol/MQTT.c:51:16:getContent	88	static
../Core/Src/Protocol/MQTT.c:95:9:MQTT_receiveGetTopicandPayloadLength	56	static
../Core/Src/Protocol/MQTT.c:118:9:MQTT_receiveGetTopic	24	static
../Core/Src/Protocol/MQTT.c:123:9:MQTT_receiveGetPayload	24	static
../Core/Src/Protocol/MQTT.c:127:9:MQTT_receive	16	static
../Core/Src/Protocol/MQTT.c:142:9:MQTT_connected	16	static
../Core/Src/Protocol/MQTT.c:161:9:startMQTT	24	static
../Core/Src/Protocol/MQTT.c:181:9:acquireMQTTclient	24	static
../Core/Src/Protocol/MQTT.c:190:9:releaseMQTTclient	16	static
../Core/Src/Protocol/MQTT.c:199:9:configureMQTT	24	static
../Core/Src/Protocol/MQTT.c:223:9:sendConnectMessage	16	static
../Core/Src/Protocol/MQTT.c:237:9:MQTT_checkNWavailable	16	static
../Core/Src/Protocol/MQTT.c:264:9:MQTT_connect	8	static
../Core/Src/Protocol/MQTT.c:295:9:MQTT_disconnect	16	static
../Core/Src/Protocol/MQTT.c:308:9:MQTT_publish	40	static
../Core/Src/Protocol/MQTT.c:332:9:MQTT_subcribe	32	static
../Core/Src/Protocol/MQTT.c:346:6:MQTT_testReceive	4	static
