../Core/Src/Communication/ServerMessage.c:29:6:initServerMsg	16	static
../Core/Src/Communication/ServerMessage.c:35:10:buffer2num	16	static
../Core/Src/Communication/ServerMessage.c:40:9:addCRCtoPack	24	static
../Core/Src/Communication/ServerMessage.c:55:9:addTimetobuff	40	static
../Core/Src/Communication/ServerMessage.c:75:9:createPack	24	static
../Core/Src/Communication/ServerMessage.c:94:10:Serialize_SSnodedata	24	static
../Core/Src/Communication/ServerMessage.c:136:9:Serialize_Stationdata	32	static
../Core/Src/Communication/ServerMessage.c:180:9:Serialize_Data	24	static
../Core/Src/Communication/ServerMessage.c:190:9:addDatatoPack	24	static
../Core/Src/Communication/ServerMessage.c:196:9:Serialize_addtionaldata	32	static
../Core/Src/Communication/ServerMessage.c:245:9:Register2Server	16	static
../Core/Src/Communication/ServerMessage.c:275:9:sendCMDtoServer	304	static
../Core/Src/Communication/ServerMessage.c:293:9:sendData2Server	1048	static
../Core/Src/Communication/ServerMessage.c:311:9:sendRespond	24	static
../Core/Src/Communication/ServerMessage.c:334:9:checkCRC	24	static
../Core/Src/Communication/ServerMessage.c:340:9:checkNodeID	16	static
../Core/Src/Communication/ServerMessage.c:346:8:checkPacktype	16	static
../Core/Src/Communication/ServerMessage.c:351:8:checkDatatype	16	static
../Core/Src/Communication/ServerMessage.c:355:8:checkDataREStype	16	static
../Core/Src/Communication/ServerMessage.c:359:7:checkCmdREStype	16	static
../Core/Src/Communication/ServerMessage.c:363:7:checkCMDtype	16	static
../Core/Src/Communication/ServerMessage.c:369:6:getDataStatus	56	static
../Core/Src/Communication/ServerMessage.c:389:6:getDatalatest	24	static
../Core/Src/Communication/ServerMessage.c:438:13:getMBAstate	24	static
../Core/Src/Communication/ServerMessage.c:454:6:markassentDatacalibsuccess	16	static
../Core/Src/Communication/ServerMessage.c:466:6:processingComingMsg	56	static
../Core/Src/Communication/ServerMessage.c:603:6:testProcessingMsg	16	static
