../Core/Src/Communication/ServerMessage.c:28:6:initServerMsg	16	static
../Core/Src/Communication/ServerMessage.c:34:10:buffer2num	16	static
../Core/Src/Communication/ServerMessage.c:39:9:addCRCtoPack	24	static
../Core/Src/Communication/ServerMessage.c:54:9:addTimetobuff	40	static
../Core/Src/Communication/ServerMessage.c:74:9:createPack	24	static
../Core/Src/Communication/ServerMessage.c:94:10:Serialize_SSnodedata	24	static
../Core/Src/Communication/ServerMessage.c:136:9:Serialize_Stationdata	24	static
../Core/Src/Communication/ServerMessage.c:175:9:Serialize_Data	24	static
../Core/Src/Communication/ServerMessage.c:185:9:addDatatoPack	24	static
../Core/Src/Communication/ServerMessage.c:191:9:Serialize_addtionaldata	32	static
../Core/Src/Communication/ServerMessage.c:240:9:Register2Server	16	static
../Core/Src/Communication/ServerMessage.c:270:9:sendCMDtoServer	304	static
../Core/Src/Communication/ServerMessage.c:288:9:sendData2Server	1048	static
../Core/Src/Communication/ServerMessage.c:306:9:checkCRC	24	static
../Core/Src/Communication/ServerMessage.c:312:9:checkNodeID	16	static
../Core/Src/Communication/ServerMessage.c:318:8:checkPacktype	16	static
../Core/Src/Communication/ServerMessage.c:323:8:checkDatatype	16	static
../Core/Src/Communication/ServerMessage.c:327:8:checkDataREStype	16	static
../Core/Src/Communication/ServerMessage.c:331:7:checkCMDtype	16	static
../Core/Src/Communication/ServerMessage.c:336:6:getDataStatus	56	static
../Core/Src/Communication/ServerMessage.c:356:6:getDatalatest	24	static
../Core/Src/Communication/ServerMessage.c:404:6:markassentDatacalibsuccess	16	static
../Core/Src/Communication/ServerMessage.c:416:6:processingComingMsg	56	static
../Core/Src/Communication/ServerMessage.c:531:6:testProcessingMsg	16	static
