../Core/Src/Communication/ServerMessage.c:31:6:initServerMsg	4	static
../Core/Src/Communication/ServerMessage.c:38:10:buffer2num	16	static
../Core/Src/Communication/ServerMessage.c:43:9:addCRCtoPack	24	static
../Core/Src/Communication/ServerMessage.c:58:9:addTimetobuff	40	static
../Core/Src/Communication/ServerMessage.c:78:9:createPack	24	static
../Core/Src/Communication/ServerMessage.c:97:10:Serialize_SSnodedata	24	static
../Core/Src/Communication/ServerMessage.c:144:9:Serialize_Stationdata	32	static
../Core/Src/Communication/ServerMessage.c:190:9:Serialize_Data	24	static
../Core/Src/Communication/ServerMessage.c:200:9:addDatatoPack	24	static
../Core/Src/Communication/ServerMessage.c:206:9:Serialize_addtionaldata	32	static
../Core/Src/Communication/ServerMessage.c:255:9:Register2Server	144	static
../Core/Src/Communication/ServerMessage.c:285:9:sendCMDtoServer	304	static
../Core/Src/Communication/ServerMessage.c:303:9:sendData2Server	536	static
../Core/Src/Communication/ServerMessage.c:321:9:sendRespond	24	static
../Core/Src/Communication/ServerMessage.c:344:9:checkCRC	24	static
../Core/Src/Communication/ServerMessage.c:350:9:checkNodeID	16	static
../Core/Src/Communication/ServerMessage.c:356:8:checkPacktype	16	static
../Core/Src/Communication/ServerMessage.c:361:8:checkDatatype	16	static
../Core/Src/Communication/ServerMessage.c:365:8:checkDataREStype	16	static
../Core/Src/Communication/ServerMessage.c:369:7:checkCmdREStype	16	static
../Core/Src/Communication/ServerMessage.c:373:7:checkCMDtype	16	static
../Core/Src/Communication/ServerMessage.c:379:6:getDataStatus	48	static
../Core/Src/Communication/ServerMessage.c:399:6:getDatalatest	24	static
../Core/Src/Communication/ServerMessage.c:456:20:getMBAstate	24	static
../Core/Src/Communication/ServerMessage.c:472:14:getCtrlStepinfor	24	static
../Core/Src/Communication/ServerMessage.c:493:6:markassentDatacalibsuccess	16	static
../Core/Src/Communication/ServerMessage.c:506:6:processingComingMsg	64	static
../Core/Src/Communication/ServerMessage.c:663:6:testProcessingMsg	16	static
