../Core/Src/user_screen.c:28:6:Screen_Init	16	static
../Core/Src/user_screen.c:46:6:Screen_Home_Origin	48	static
../Core/Src/user_screen.c:80:6:Screen_Home_Sync	40	static
../Core/Src/user_screen.c:100:6:Screen_Home_Sync_Set_Countdown	40	static
../Core/Src/user_screen.c:111:6:Screen_Home_Calib	40	static
../Core/Src/user_screen.c:132:6:Screen_Monitor_Station	40	static
../Core/Src/user_screen.c:159:6:Screen_Monitor_Node	48	static
../Core/Src/user_screen.c:190:6:Screen_Function	16	static
../Core/Src/user_screen.c:211:6:Screen_Voltage_Control	16	static
../Core/Src/user_screen.c:252:6:Screen_Dir_Control	16	static
../Core/Src/user_screen.c:294:6:Screen_StepVal_Control	16	static
../Core/Src/user_screen.c:337:6:Screen_Voltage_Control_Control_Motor	40	static
../Core/Src/user_screen.c:363:6:Screen_Control_Relay	16	static
../Core/Src/user_screen.c:382:6:Screen_Control_Relay_Change_Mode	16	static
../Core/Src/user_screen.c:398:6:Screen_Accept_Relay	56	static
../Core/Src/user_screen.c:429:6:Screen_Test	16	static
