../Core/Src/user_lcd1604.c:39:13:LCD_SpecialChar	104	static
../Core/Src/user_lcd1604.c:69:6:LCD_Init	8	static
../Core/Src/user_lcd1604.c:94:6:LCD_SendCommand	16	static
../Core/Src/user_lcd1604.c:115:6:LCD_SendData	16	static
../Core/Src/user_lcd1604.c:136:6:LCD_GotoXY	24	static
../Core/Src/user_lcd1604.c:150:6:LCD_Print	16	static
../Core/Src/user_lcd1604.c:156:6:LCD_PrintNumber	32	static
../Core/Src/user_lcd1604.c:164:6:LCD_Clear	8	static
../Core/Src/user_lcd1604.c:168:6:LCD_CallSpecialChar	16	static
