../Core/Src/Device/button.c:33:6:initButton	16	static
../Core/Src/Device/button.c:40:6:setStepValorDir	16	static
../Core/Src/Device/button.c:45:8:getStepValorDir	4	static
../Core/Src/Device/button.c:79:10:getCurswitch	4	static
../Core/Src/Device/button.c:83:6:setCurswitch	16	static
../Core/Src/Device/button.c:89:9:getClearflag	4	static
../Core/Src/Device/button.c:94:6:setClearflag	16	static
../Core/Src/Device/button.c:100:6:switchcurControl	4	static
../Core/Src/Device/button.c:114:11:getcurControl	4	static
../Core/Src/Device/button.c:119:6:nextMonitor	16	static
../Core/Src/Device/button.c:128:6:previousMonitor	16	static
../Core/Src/Device/button.c:137:9:get_curMonitor	4	static
../Core/Src/Device/button.c:141:6:setcurMonitor	16	static
../Core/Src/Device/button.c:148:6:buttonMENU_handler	8	static
../Core/Src/Device/button.c:196:6:buttonOK_handler	8	static
../Core/Src/Device/button.c:264:6:buttonDOWN_handler	8	static
../Core/Src/Device/button.c:327:6:buttonUP_handler	8	static
../Core/Src/Device/button.c:387:6:SW_LIMIT_MAX_handler	8	static
../Core/Src/Device/button.c:394:6:SW_LIMIT_MIN_handler	8	static
