../Core/Src/Device/button.c:30:6:setClearPosflag	4	static
../Core/Src/Device/button.c:38:9:getClearPosflag	4	static
../Core/Src/Device/button.c:49:9:getClearPos	16	static
../Core/Src/Device/button.c:59:10:getCurswitch	4	static
../Core/Src/Device/button.c:63:6:setCurswitch	16	static
../Core/Src/Device/button.c:69:9:getClearflag	4	static
../Core/Src/Device/button.c:74:6:setClearflag	16	static
../Core/Src/Device/button.c:78:6:initButton	24	static
../Core/Src/Device/button.c:85:6:switchcurControl	4	static
../Core/Src/Device/button.c:99:11:getcurControl	4	static
../Core/Src/Device/button.c:106:6:nextMonitor	16	static
../Core/Src/Device/button.c:115:6:previousMonitor	16	static
../Core/Src/Device/button.c:124:9:get_curMonitor	4	static
../Core/Src/Device/button.c:128:6:setcurMonitor	16	static
../Core/Src/Device/button.c:135:6:buttonMENU_handler	8	static
../Core/Src/Device/button.c:175:6:buttonOK_handler	8	static
../Core/Src/Device/button.c:219:6:buttonDOWN_handler	8	static
../Core/Src/Device/button.c:262:6:buttonUP_handler	8	static
../Core/Src/Device/button.c:303:6:SW_LIMIT_MAX_handler	8	static
../Core/Src/Device/button.c:309:6:SW_LIMIT_MIN_handler	8	static
