../Core/Src/Device/button.c:31:6:initButton	4	static
../Core/Src/Device/button.c:36:6:setStepValorDir	16	static
../Core/Src/Device/button.c:41:8:getStepValorDir	4	static
../Core/Src/Device/button.c:46:10:getCurswitch	4	static
../Core/Src/Device/button.c:50:6:setCurswitch	16	static
../Core/Src/Device/button.c:56:9:getClearflag	4	static
../Core/Src/Device/button.c:61:6:setClearflag	16	static
../Core/Src/Device/button.c:67:6:switchcurControl	4	static
../Core/Src/Device/button.c:81:11:getcurControl	4	static
../Core/Src/Device/button.c:86:6:nextMonitor	16	static
../Core/Src/Device/button.c:95:6:previousMonitor	16	static
../Core/Src/Device/button.c:104:9:get_curMonitor	4	static
../Core/Src/Device/button.c:108:6:setcurMonitor	16	static
../Core/Src/Device/button.c:115:6:buttonMENU_handler	8	static
../Core/Src/Device/button.c:168:6:buttonOK_handler	8	static
../Core/Src/Device/button.c:236:6:buttonDOWN_handler	8	static
../Core/Src/Device/button.c:299:6:buttonUP_handler	8	static
../Core/Src/Device/button.c:366:6:SW_LIMIT_MIN_handler	8	static
