../Core/Src/Device/SIM.c:52:6:initSIM	8	static
../Core/Src/Device/SIM.c:57:6:enableReceiveDMAtoIdle_SIM	8	static
../Core/Src/Device/SIM.c:63:6:SIM_callback	24	static
../Core/Src/Device/SIM.c:135:11:SIM_checkMsg	536	static
../Core/Src/Device/SIM.c:175:11:SIM_sendCMD	296	static
../Core/Src/Device/SIM.c:200:9:SIM_checkCMD	32	static
../Core/Src/Device/SIM.c:245:6:SIM_checkOperation	16	static
../Core/Src/Device/SIM.c:252:6:MarkAsReadData_SIM	4	static
../Core/Src/Device/SIM.c:257:10:getAfterword	32	static
../Core/Src/Device/SIM.c:268:10:stringIDtoHexID	32	static
../Core/Src/Device/SIM.c:283:10:SMS_getindex	72	dynamic
../Core/Src/Device/SIM.c:297:9:SMS_getPhonenumb	72	dynamic
../Core/Src/Device/SIM.c:317:10:SMS_getContent	72	dynamic
../Core/Src/Device/SIM.c:333:9:SMSaddData	104	dynamic
../Core/Src/Device/SIM.c:433:16:SMS_checkCMD	32	static
../Core/Src/Device/SIM.c:514:9:SMS_read	16	static
../Core/Src/Device/SIM.c:526:9:SMS_readAgain	128	static
../Core/Src/Device/SIM.c:537:9:processingSMS	64	dynamic
../Core/Src/Device/SIM.c:598:6:checkSMSrequest	24	static
../Core/Src/Device/SIM.c:632:6:triggerSMSrequest	16	static
../Core/Src/Device/SIM.c:664:6:checkSMSreturn	24	static
../Core/Src/Device/SIM.c:697:6:triggerSMSreturn	16	static
../Core/Src/Device/SIM.c:729:9:SMS_config	16	static
../Core/Src/Device/SIM.c:738:9:SMS_sendMsg	160	static
../Core/Src/Device/SIM.c:757:6:testSMS	24	static
