../Core/Src/Device/SIM.c:50:6:initSIM	8	static
../Core/Src/Device/SIM.c:55:6:enableReceiveDMAtoIdle_SIM	8	static
../Core/Src/Device/SIM.c:61:6:SIM_callback	24	static
../Core/Src/Device/SIM.c:128:11:SIM_checkMsg	536	static
../Core/Src/Device/SIM.c:191:11:SIM_sendCMD	128	static
../Core/Src/Device/SIM.c:214:9:SIM_checkCMD	32	static
../Core/Src/Device/SIM.c:265:6:SIM_checkOperation	16	static
../Core/Src/Device/SIM.c:273:6:MarkAsReadData_SIM	4	static
../Core/Src/Device/SIM.c:278:10:getAfterword	32	static
../Core/Src/Device/SIM.c:289:10:stringIDtoHexID	32	static
../Core/Src/Device/SIM.c:304:10:SMS_getindex	72	dynamic
../Core/Src/Device/SIM.c:318:9:SMS_getPhonenumb	72	dynamic
../Core/Src/Device/SIM.c:338:10:SMS_getContent	72	dynamic
../Core/Src/Device/SIM.c:354:9:SMSaddData	104	dynamic
../Core/Src/Device/SIM.c:454:16:SMS_checkCMD	32	static
../Core/Src/Device/SIM.c:535:9:SMS_read	16	static
../Core/Src/Device/SIM.c:545:9:SMS_readAgain	128	static
../Core/Src/Device/SIM.c:556:9:processingSMS	64	dynamic
../Core/Src/Device/SIM.c:614:6:checkSMSrequest	24	static
../Core/Src/Device/SIM.c:648:6:triggerSMSrequest	16	static
../Core/Src/Device/SIM.c:680:6:checkSMSreturn	24	static
../Core/Src/Device/SIM.c:713:6:triggerSMSreturn	16	static
../Core/Src/Device/SIM.c:745:9:SMS_config	16	static
../Core/Src/Device/SIM.c:754:9:SMS_sendMsg	160	static
../Core/Src/Device/SIM.c:773:6:testSMS	24	static
