../Core/Src/Device/SIM.c:41:6:initSIM	24	static
../Core/Src/Device/SIM.c:49:6:enableReceiveDMAtoIdle_SIM	8	static
../Core/Src/Device/SIM.c:61:10:isWordinBuff	32	static
../Core/Src/Device/SIM.c:73:10:cpyBuff2Buff	32	static
../Core/Src/Device/SIM.c:93:6:SIM_callback	32	static
../Core/Src/Device/SIM.c:169:11:SIM_sendCMD	32	static
../Core/Src/Device/SIM.c:187:6:RemoveNULLinbuff	24	static
../Core/Src/Device/SIM.c:198:11:SIM_checkMsg	280	static
../Core/Src/Device/SIM.c:260:6:MarkAsReadData_SIM	4	static
../Core/Src/Device/SIM.c:264:9:getCMDnNumber	40	static
../Core/Src/Device/SIM.c:302:9:processingSMS	24	static
../Core/Src/Device/SIM.c:313:9:SIM_checkCMD	32	static
../Core/Src/Device/SIM.c:363:6:SIM_checkOperation	16	static
