../Core/Src/Device/SIM.c:46:6:initSIM	24	static
../Core/Src/Device/SIM.c:54:6:enableReceiveDMAtoIdle_SIM	8	static
../Core/Src/Device/SIM.c:60:6:SIM_callback	24	static
../Core/Src/Device/SIM.c:127:11:SIM_checkMsg	536	static
../Core/Src/Device/SIM.c:190:11:SIM_sendCMD	128	static
../Core/Src/Device/SIM.c:213:6:MarkAsReadData_SIM	4	static
../Core/Src/Device/SIM.c:218:10:getAfterword	32	static
../Core/Src/Device/SIM.c:228:10:SMS_getindex	72	dynamic
../Core/Src/Device/SIM.c:242:9:SMS_getPhonenumb	72	dynamic
../Core/Src/Device/SIM.c:262:10:SMS_getContent	72	dynamic
../Core/Src/Device/SIM.c:273:10:stringIDtoHexID	32	static
../Core/Src/Device/SIM.c:291:9:SMSaddData	104	dynamic
../Core/Src/Device/SIM.c:391:16:SMS_checkCMD	32	static
../Core/Src/Device/SIM.c:472:9:SMS_read	16	static
../Core/Src/Device/SIM.c:482:9:SMS_readAgain	128	static
../Core/Src/Device/SIM.c:493:9:processingSMS	64	dynamic
../Core/Src/Device/SIM.c:549:9:SIM_checkCMD	32	static
../Core/Src/Device/SIM.c:600:6:checkSMSrequest	24	static
../Core/Src/Device/SIM.c:634:6:triggerSMSrequest	16	static
../Core/Src/Device/SIM.c:666:6:checkSMSreturn	24	static
../Core/Src/Device/SIM.c:699:6:triggerSMSreturn	16	static
../Core/Src/Device/SIM.c:731:9:SMS_config	16	static
../Core/Src/Device/SIM.c:740:9:SMS_sendMsg	136	static
../Core/Src/Device/SIM.c:758:6:SIM_checkOperation	16	static
../Core/Src/Device/SIM.c:765:6:testSMS	24	static
