../Core/Src/Device/SIM.c:46:6:initSIM	24	static
../Core/Src/Device/SIM.c:54:6:enableReceiveDMAtoIdle_SIM	8	static
../Core/Src/Device/SIM.c:60:6:SIM_callback	24	static
../Core/Src/Device/SIM.c:127:11:SIM_checkMsg	32	static
../Core/Src/Device/SIM.c:194:11:SIM_sendCMD	32	static
../Core/Src/Device/SIM.c:218:6:MarkAsReadData_SIM	4	static
../Core/Src/Device/SIM.c:223:10:getAfterword	32	static
../Core/Src/Device/SIM.c:233:10:SMS_getindex	72	dynamic
../Core/Src/Device/SIM.c:247:9:SMS_getPhonenumb	72	dynamic
../Core/Src/Device/SIM.c:267:10:SMS_getContent	72	dynamic
../Core/Src/Device/SIM.c:278:10:stringIDtoHexID	32	static
../Core/Src/Device/SIM.c:296:9:SMSaddData	104	dynamic
../Core/Src/Device/SIM.c:396:16:SMS_checkCMD	32	static
../Core/Src/Device/SIM.c:477:9:SMS_read	16	static
../Core/Src/Device/SIM.c:487:9:SMS_readAgain	24	static
../Core/Src/Device/SIM.c:497:9:processingSMS	64	dynamic
../Core/Src/Device/SIM.c:553:9:SIM_checkCMD	32	static
../Core/Src/Device/SIM.c:604:6:checkSMSrequest	24	static
../Core/Src/Device/SIM.c:638:6:triggerSMSrequest	16	static
../Core/Src/Device/SIM.c:670:6:checkSMSreturn	24	static
../Core/Src/Device/SIM.c:703:6:triggerSMSreturn	16	static
../Core/Src/Device/SIM.c:735:9:SMS_config	16	static
../Core/Src/Device/SIM.c:744:9:SMS_sendMsg	32	static
../Core/Src/Device/SIM.c:762:6:SIM_checkOperation	16	static
../Core/Src/Device/SIM.c:769:6:testSMS	24	static
