../Core/Src/Device/SIM.c:51:6:initSIM	8	static
../Core/Src/Device/SIM.c:56:6:enableReceiveDMAtoIdle_SIM	8	static
../Core/Src/Device/SIM.c:62:6:SIM_callback	24	static
../Core/Src/Device/SIM.c:132:11:SIM_checkMsg	536	static
../Core/Src/Device/SIM.c:172:11:SIM_sendCMD	160	static
../Core/Src/Device/SIM.c:197:9:SIM_checkCMD	32	static
../Core/Src/Device/SIM.c:242:6:SIM_checkOperation	16	static
../Core/Src/Device/SIM.c:250:6:MarkAsReadData_SIM	4	static
../Core/Src/Device/SIM.c:255:10:getAfterword	32	static
../Core/Src/Device/SIM.c:266:10:stringIDtoHexID	32	static
../Core/Src/Device/SIM.c:281:10:SMS_getindex	72	dynamic
../Core/Src/Device/SIM.c:295:9:SMS_getPhonenumb	72	dynamic
../Core/Src/Device/SIM.c:315:10:SMS_getContent	72	dynamic
../Core/Src/Device/SIM.c:331:9:SMSaddData	104	dynamic
../Core/Src/Device/SIM.c:431:16:SMS_checkCMD	32	static
../Core/Src/Device/SIM.c:512:9:SMS_read	16	static
../Core/Src/Device/SIM.c:524:9:SMS_readAgain	128	static
../Core/Src/Device/SIM.c:535:9:processingSMS	64	dynamic
../Core/Src/Device/SIM.c:596:6:checkSMSrequest	24	static
../Core/Src/Device/SIM.c:630:6:triggerSMSrequest	16	static
../Core/Src/Device/SIM.c:662:6:checkSMSreturn	24	static
../Core/Src/Device/SIM.c:695:6:triggerSMSreturn	16	static
../Core/Src/Device/SIM.c:727:9:SMS_config	16	static
../Core/Src/Device/SIM.c:736:9:SMS_sendMsg	160	static
../Core/Src/Device/SIM.c:755:6:testSMS	24	static
