../Core/Src/Device/Step_motor.c:19:6:setLimit	16	static
../Core/Src/Device/Step_motor.c:24:9:getLimit	4	static
../Core/Src/Device/Step_motor.c:29:17:Step_getDir	4	static
../Core/Src/Device/Step_motor.c:34:6:Step_setDir	16	static
../Core/Src/Device/Step_motor.c:39:6:Step_toggleDir	8	static
../Core/Src/Device/Step_motor.c:53:6:increaseStepchange	4	static
../Core/Src/Device/Step_motor.c:63:6:decreaseStepchange	4	static
../Core/Src/Device/Step_motor.c:73:10:getStepchange	4	static
../Core/Src/Device/Step_motor.c:77:6:Step_setStepChange	16	static
../Core/Src/Device/Step_motor.c:81:9:Step_getPercentChange	4	static
../Core/Src/Device/Step_motor.c:86:6:Step_setPercentChange	16	static
../Core/Src/Device/Step_motor.c:91:6:Step_setChangeMode	16	static
../Core/Src/Device/Step_motor.c:96:25:Step_getChangemode	4	static
../Core/Src/Device/Step_motor.c:101:6:Step_step	16	static
../Core/Src/Device/Step_motor.c:112:6:Step_percent	16	static
